-- The C compiler identification is GNU 13.3.0
-- The CXX compiler identification is GNU 13.3.0
-- Detecting C compiler ABI info
-- Detecting C compiler ABI info - done
-- Check for working C compiler: /usr/bin/cc - skipped
-- Detecting C compile features
-- Detecting C compile features - done
-- Detecting CXX compiler ABI info
-- Detecting CXX compiler ABI info - done
-- Check for working CXX compiler: /usr/bin/c++ - skipped
-- Detecting CXX compile features
-- Detecting CXX compile features - done
-- Found ament_cmake: 2.5.6 (/opt/ros/jazzy/share/ament_cmake/cmake)
-- Found Python3: /usr/bin/python3 (found version "3.12.3") found components: Interpreter 
-- Override CMake install command with custom implementation using symlinks instead of copying resources
-- Found rclpy: 7.1.11 (/opt/ros/jazzy/share/rclpy/cmake)
-- Found rclcpp: 28.1.21 (/opt/ros/jazzy/share/rclcpp/cmake)
-- Found rosidl_generator_c: 4.6.9 (/opt/ros/jazzy/share/rosidl_generator_c/cmake)
-- Found rosidl_generator_cpp: 4.6.9 (/opt/ros/jazzy/share/rosidl_generator_cpp/cmake)
-- Using all available rosidl_typesupport_c: rosidl_typesupport_fastrtps_c;rosidl_typesupport_introspection_c
-- Using all available rosidl_typesupport_cpp: rosidl_typesupport_fastrtps_cpp;rosidl_typesupport_introspection_cpp
-- Found rmw_implementation_cmake: 7.3.3 (/opt/ros/jazzy/share/rmw_implementation_cmake/cmake)
-- Found rmw_fastrtps_cpp: 8.4.4 (/opt/ros/jazzy/share/rmw_fastrtps_cpp/cmake)
-- Found OpenSSL: /usr/lib/x86_64-linux-gnu/libcrypto.so (found version "3.0.13")  
-- Found FastRTPS: /opt/ros/jazzy/include (Required is at least version "2.13") 
-- Using RMW implementation 'rmw_fastrtps_cpp' as default
-- Found moveit_ros_planning_interface: 2.12.4 (/opt/ros/jazzy/share/moveit_ros_planning_interface/cmake)
-- Found Boost: /usr/lib/x86_64-linux-gnu/cmake/Boost-1.83.0/BoostConfig.cmake (found version "1.83.0") found components: date_time filesystem program_options system thread 
-- Found Boost: /usr/lib/x86_64-linux-gnu/cmake/Boost-1.83.0/BoostConfig.cmake (found version "1.83.0") found components: chrono date_time filesystem iostreams program_options regex serialization system thread 
-- Found parameter_traits: 0.7.3 (/opt/ros/jazzy/share/parameter_traits/cmake)
CMake Deprecation Warning at /opt/ros/jazzy/share/tl_expected/cmake/tl_expectedConfig.cmake:37 (message):
  Package 'tl_expected' is deprecated (This package will be removed in ROS 2
  Lyrical Luth.

        Use tl/expected.hpp from libexpected-dev,
        or rcpputils/tl_expected/expected.hpp if the system header is not available)
Call Stack (most recent call first):
  /opt/ros/jazzy/share/parameter_traits/cmake/ament_cmake_export_dependencies-extras.cmake:21 (find_package)
  /opt/ros/jazzy/share/parameter_traits/cmake/parameter_traitsConfig.cmake:41 (include)
  /opt/ros/jazzy/share/generate_parameter_library/cmake/generate_parameter_library-extras.cmake:30 (find_package)
  /opt/ros/jazzy/share/generate_parameter_library/cmake/generate_parameter_libraryConfig.cmake:41 (include)
  /opt/ros/jazzy/share/moveit_core/cmake/ament_cmake_export_dependencies-extras.cmake:21 (find_package)
  /opt/ros/jazzy/share/moveit_core/cmake/moveit_coreConfig.cmake:41 (include)
  /opt/ros/jazzy/share/moveit_ros_planning_interface/cmake/ament_cmake_export_dependencies-extras.cmake:21 (find_package)
  /opt/ros/jazzy/share/moveit_ros_planning_interface/cmake/moveit_ros_planning_interfaceConfig.cmake:41 (include)
  CMakeLists.txt:12 (find_package)


-- Found rclcpp_lifecycle: 28.1.21 (/opt/ros/jazzy/share/rclcpp_lifecycle/cmake)
-- Found Eigen3: TRUE (found version "3.4.0") 
-- Ensuring Eigen3 include directory is part of orocos-kdl CMake target
-- Found Boost: /usr/lib/x86_64-linux-gnu/cmake/Boost-1.83.0/BoostConfig.cmake (found version "1.83.0") found components: system filesystem date_time program_options thread chrono 
-- Found Boost: /usr/lib/x86_64-linux-gnu/cmake/Boost-1.83.0/BoostConfig.cmake (found version "1.83.0") found components: thread system filesystem regex date_time program_options 
-- Found Boost: /usr/lib/x86_64-linux-gnu/cmake/Boost-1.83.0/BoostConfig.cmake (found version "1.83.0") found components: system filesystem date_time program_options thread 
-- Found ament_lint_auto: 0.17.5 (/opt/ros/jazzy/share/ament_lint_auto/cmake)
-- Added test 'cppcheck' to perform static code analysis on C / C++ code
-- Configured cppcheck include dirs: 
-- Configured cppcheck exclude dirs and/or files: 
-- Added test 'lint_cmake' to check CMake code style
-- Added test 'uncrustify' to check C / C++ code style
-- Configured uncrustify additional arguments: 
-- Added test 'xmllint' to check XML markup files
-- Configuring done (2.2s)
-- Generating done (0.0s)
-- Build files have been written to: /home/paneendra/vla_manipulation_ros2/build/vla_execution
[ 50%] [32mBuilding CXX object CMakeFiles/moveit_wrapper_node.dir/src/moveit_wrapper_node.cpp.o[0m
In file included from /home/paneendra/vla_manipulation_ros2/src/vla_execution/src/moveit_wrapper_node.cpp:2:
/opt/ros/jazzy/include/moveit_ros_planning_interface/moveit/move_group_interface/move_group_interface.h:51:77: note: ‘#pragma message: .h header is obsolete. Please use the .hpp header instead.’
   51 | a message(".h header is obsolete. Please use the .hpp header instead.")
      |                                                                       ^

[100%] [32m[1mLinking CXX executable moveit_wrapper_node[0m
[100%] Built target moveit_wrapper_node
-- Install configuration: ""
-- Execute custom install script
-- Symlinking: /home/paneendra/vla_manipulation_ros2/install/vla_execution/lib/vla_execution/moveit_wrapper_node
-- Symlinking: /home/paneendra/vla_manipulation_ros2/install/vla_execution/share/ament_index/resource_index/package_run_dependencies/vla_execution
-- Symlinking: /home/paneendra/vla_manipulation_ros2/install/vla_execution/share/ament_index/resource_index/parent_prefix_path/vla_execution
-- Symlinking: /home/paneendra/vla_manipulation_ros2/install/vla_execution/share/vla_execution/environment/ament_prefix_path.sh
-- Symlinking: /home/paneendra/vla_manipulation_ros2/install/vla_execution/share/vla_execution/environment/ament_prefix_path.dsv
-- Symlinking: /home/paneendra/vla_manipulation_ros2/install/vla_execution/share/vla_execution/environment/path.sh
-- Symlinking: /home/paneendra/vla_manipulation_ros2/install/vla_execution/share/vla_execution/environment/path.dsv
-- Symlinking: /home/paneendra/vla_manipulation_ros2/install/vla_execution/share/vla_execution/local_setup.bash
-- Symlinking: /home/paneendra/vla_manipulation_ros2/install/vla_execution/share/vla_execution/local_setup.sh
-- Symlinking: /home/paneendra/vla_manipulation_ros2/install/vla_execution/share/vla_execution/local_setup.zsh
-- Symlinking: /home/paneendra/vla_manipulation_ros2/install/vla_execution/share/vla_execution/local_setup.dsv
-- Symlinking: /home/paneendra/vla_manipulation_ros2/install/vla_execution/share/vla_execution/package.dsv
-- Symlinking: /home/paneendra/vla_manipulation_ros2/install/vla_execution/share/ament_index/resource_index/packages/vla_execution
-- Symlinking: /home/paneendra/vla_manipulation_ros2/install/vla_execution/share/vla_execution/cmake/vla_executionConfig.cmake
-- Symlinking: /home/paneendra/vla_manipulation_ros2/install/vla_execution/share/vla_execution/cmake/vla_executionConfig-version.cmake
-- Symlinking: /home/paneendra/vla_manipulation_ros2/install/vla_execution/share/vla_execution/package.xml
