[0.005s] Invoking command in '/home/paneendra/vla_manipulation_ros2/build/vla_execution': CMAKE_PREFIX_PATH=${CMAKE_PREFIX_PATH}:/opt/ros/jazzy DEBUGINFOD_URLS=https://debuginfod.ubuntu.com /usr/bin/cmake /home/paneendra/vla_manipulation_ros2/src/vla_execution -DAMENT_CMAKE_SYMLINK_INSTALL=1 -DCMAKE_INSTALL_PREFIX=/home/paneendra/vla_manipulation_ros2/install/vla_execution
[0.072s] -- The C compiler identification is GNU 13.3.0
[0.157s] -- The CXX compiler identification is GNU 13.3.0
[0.185s] -- Detecting C compiler ABI info
[0.298s] -- Detecting C compiler ABI info - done
[0.306s] -- Check for working C compiler: /usr/bin/cc - skipped
[0.306s] -- Detecting C compile features
[0.306s] -- Detecting C compile features - done
[0.319s] -- Detecting CXX compiler ABI info
[0.468s] -- Detecting CXX compiler ABI info - done
[0.475s] -- Check for working CXX compiler: /usr/bin/c++ - skipped
[0.475s] -- Detecting CXX compile features
[0.475s] -- Detecting CXX compile features - done
[0.477s] -- Found ament_cmake: 2.5.6 (/opt/ros/jazzy/share/ament_cmake/cmake)
[0.583s] -- Found Python3: /usr/bin/python3 (found version "3.12.3") found components: Interpreter 
[0.626s] -- Override CMake install command with custom implementation using symlinks instead of copying resources
[0.657s] -- Found rclpy: 7.1.11 (/opt/ros/jazzy/share/rclpy/cmake)
[0.659s] -- Found rclcpp: 28.1.21 (/opt/ros/jazzy/share/rclcpp/cmake)
[0.731s] -- Found rosidl_generator_c: 4.6.9 (/opt/ros/jazzy/share/rosidl_generator_c/cmake)
[0.774s] -- Found rosidl_generator_cpp: 4.6.9 (/opt/ros/jazzy/share/rosidl_generator_cpp/cmake)
[0.809s] -- Using all available rosidl_typesupport_c: rosidl_typesupport_fastrtps_c;rosidl_typesupport_introspection_c
[0.829s] -- Using all available rosidl_typesupport_cpp: rosidl_typesupport_fastrtps_cpp;rosidl_typesupport_introspection_cpp
[0.910s] -- Found rmw_implementation_cmake: 7.3.3 (/opt/ros/jazzy/share/rmw_implementation_cmake/cmake)
[0.916s] -- Found rmw_fastrtps_cpp: 8.4.4 (/opt/ros/jazzy/share/rmw_fastrtps_cpp/cmake)
[1.094s] -- Found OpenSSL: /usr/lib/x86_64-linux-gnu/libcrypto.so (found version "3.0.13")  
[1.121s] -- Found FastRTPS: /opt/ros/jazzy/include (Required is at least version "2.13") 
[1.143s] -- Using RMW implementation 'rmw_fastrtps_cpp' as default
[1.232s] -- Found moveit_ros_planning_interface: 2.12.4 (/opt/ros/jazzy/share/moveit_ros_planning_interface/cmake)
[1.418s] -- Found Boost: /usr/lib/x86_64-linux-gnu/cmake/Boost-1.83.0/BoostConfig.cmake (found version "1.83.0") found components: date_time filesystem program_options system thread 
[1.662s] -- Found Boost: /usr/lib/x86_64-linux-gnu/cmake/Boost-1.83.0/BoostConfig.cmake (found version "1.83.0") found components: chrono date_time filesystem iostreams program_options regex serialization system thread 
[1.730s] -- Found parameter_traits: 0.7.3 (/opt/ros/jazzy/share/parameter_traits/cmake)
[1.745s] CMake Deprecation Warning at /opt/ros/jazzy/share/tl_expected/cmake/tl_expectedConfig.cmake:37 (message):
[1.745s]   Package 'tl_expected' is deprecated (This package will be removed in ROS 2
[1.745s]   Lyrical Luth.
[1.745s] 
[1.745s]         Use tl/expected.hpp from libexpected-dev,
[1.745s]         or rcpputils/tl_expected/expected.hpp if the system header is not available)
[1.746s] Call Stack (most recent call first):
[1.746s]   /opt/ros/jazzy/share/parameter_traits/cmake/ament_cmake_export_dependencies-extras.cmake:21 (find_package)
[1.746s]   /opt/ros/jazzy/share/parameter_traits/cmake/parameter_traitsConfig.cmake:41 (include)
[1.746s]   /opt/ros/jazzy/share/generate_parameter_library/cmake/generate_parameter_library-extras.cmake:30 (find_package)
[1.746s]   /opt/ros/jazzy/share/generate_parameter_library/cmake/generate_parameter_libraryConfig.cmake:41 (include)
[1.746s]   /opt/ros/jazzy/share/moveit_core/cmake/ament_cmake_export_dependencies-extras.cmake:21 (find_package)
[1.746s]   /opt/ros/jazzy/share/moveit_core/cmake/moveit_coreConfig.cmake:41 (include)
[1.746s]   /opt/ros/jazzy/share/moveit_ros_planning_interface/cmake/ament_cmake_export_dependencies-extras.cmake:21 (find_package)
[1.746s]   /opt/ros/jazzy/share/moveit_ros_planning_interface/cmake/moveit_ros_planning_interfaceConfig.cmake:41 (include)
[1.746s]   CMakeLists.txt:12 (find_package)
[1.746s] 
[1.746s] 
[1.749s] -- Found rclcpp_lifecycle: 28.1.21 (/opt/ros/jazzy/share/rclcpp_lifecycle/cmake)
[1.841s] -- Found Eigen3: TRUE (found version "3.4.0") 
[1.841s] -- Ensuring Eigen3 include directory is part of orocos-kdl CMake target
[1.998s] -- Found Boost: /usr/lib/x86_64-linux-gnu/cmake/Boost-1.83.0/BoostConfig.cmake (found version "1.83.0") found components: system filesystem date_time program_options thread chrono 
[2.040s] -- Found Boost: /usr/lib/x86_64-linux-gnu/cmake/Boost-1.83.0/BoostConfig.cmake (found version "1.83.0") found components: thread system filesystem regex date_time program_options 
[2.064s] -- Found Boost: /usr/lib/x86_64-linux-gnu/cmake/Boost-1.83.0/BoostConfig.cmake (found version "1.83.0") found components: system filesystem date_time program_options thread 
[2.102s] -- Found ament_lint_auto: 0.17.5 (/opt/ros/jazzy/share/ament_lint_auto/cmake)
[2.176s] -- Added test 'cppcheck' to perform static code analysis on C / C++ code
[2.176s] -- Configured cppcheck include dirs: 
[2.176s] -- Configured cppcheck exclude dirs and/or files: 
[2.176s] -- Added test 'lint_cmake' to check CMake code style
[2.177s] -- Added test 'uncrustify' to check C / C++ code style
[2.177s] -- Configured uncrustify additional arguments: 
[2.177s] -- Added test 'xmllint' to check XML markup files
[2.178s] -- Configuring done (2.2s)
[2.204s] -- Generating done (0.0s)
[2.208s] -- Build files have been written to: /home/paneendra/vla_manipulation_ros2/build/vla_execution
[2.218s] Invoked command in '/home/paneendra/vla_manipulation_ros2/build/vla_execution' returned '0': CMAKE_PREFIX_PATH=${CMAKE_PREFIX_PATH}:/opt/ros/jazzy DEBUGINFOD_URLS=https://debuginfod.ubuntu.com /usr/bin/cmake /home/paneendra/vla_manipulation_ros2/src/vla_execution -DAMENT_CMAKE_SYMLINK_INSTALL=1 -DCMAKE_INSTALL_PREFIX=/home/paneendra/vla_manipulation_ros2/install/vla_execution
[2.218s] Invoking command in '/home/paneendra/vla_manipulation_ros2/build/vla_execution': CMAKE_PREFIX_PATH=${CMAKE_PREFIX_PATH}:/opt/ros/jazzy DEBUGINFOD_URLS=https://debuginfod.ubuntu.com /usr/bin/cmake --build /home/paneendra/vla_manipulation_ros2/build/vla_execution -- -j32 -l32
[2.262s] [ 50%] [32mBuilding CXX object CMakeFiles/moveit_wrapper_node.dir/src/moveit_wrapper_node.cpp.o[0m
[3.893s] In file included from /home/paneendra/vla_manipulation_ros2/src/vla_execution/src/moveit_wrapper_node.cpp:2:
[3.894s] /opt/ros/jazzy/include/moveit_ros_planning_interface/moveit/move_group_interface/move_group_interface.h:51:77: note: ‘#pragma message: .h header is obsolete. Please use the .hpp header instead.’
[3.894s]    51 | a message(".h header is obsolete. Please use the .hpp header instead.")
[3.894s]       |                                                                       ^
[3.894s] 
[6.872s] [100%] [32m[1mLinking CXX executable moveit_wrapper_node[0m
[7.602s] [100%] Built target moveit_wrapper_node
[7.611s] Invoked command in '/home/paneendra/vla_manipulation_ros2/build/vla_execution' returned '0': CMAKE_PREFIX_PATH=${CMAKE_PREFIX_PATH}:/opt/ros/jazzy DEBUGINFOD_URLS=https://debuginfod.ubuntu.com /usr/bin/cmake --build /home/paneendra/vla_manipulation_ros2/build/vla_execution -- -j32 -l32
[7.612s] Invoking command in '/home/paneendra/vla_manipulation_ros2/build/vla_execution': CMAKE_PREFIX_PATH=${CMAKE_PREFIX_PATH}:/opt/ros/jazzy DEBUGINFOD_URLS=https://debuginfod.ubuntu.com /usr/bin/cmake --install /home/paneendra/vla_manipulation_ros2/build/vla_execution
[7.619s] -- Install configuration: ""
[7.620s] -- Execute custom install script
[7.620s] -- Symlinking: /home/paneendra/vla_manipulation_ros2/install/vla_execution/lib/vla_execution/moveit_wrapper_node
[7.627s] -- Symlinking: /home/paneendra/vla_manipulation_ros2/install/vla_execution/share/ament_index/resource_index/package_run_dependencies/vla_execution
[7.635s] -- Symlinking: /home/paneendra/vla_manipulation_ros2/install/vla_execution/share/ament_index/resource_index/parent_prefix_path/vla_execution
[7.644s] -- Symlinking: /home/paneendra/vla_manipulation_ros2/install/vla_execution/share/vla_execution/environment/ament_prefix_path.sh
[7.652s] -- Symlinking: /home/paneendra/vla_manipulation_ros2/install/vla_execution/share/vla_execution/environment/ament_prefix_path.dsv
[7.659s] -- Symlinking: /home/paneendra/vla_manipulation_ros2/install/vla_execution/share/vla_execution/environment/path.sh
[7.666s] -- Symlinking: /home/paneendra/vla_manipulation_ros2/install/vla_execution/share/vla_execution/environment/path.dsv
[7.674s] -- Symlinking: /home/paneendra/vla_manipulation_ros2/install/vla_execution/share/vla_execution/local_setup.bash
[7.680s] -- Symlinking: /home/paneendra/vla_manipulation_ros2/install/vla_execution/share/vla_execution/local_setup.sh
[7.687s] -- Symlinking: /home/paneendra/vla_manipulation_ros2/install/vla_execution/share/vla_execution/local_setup.zsh
[7.695s] -- Symlinking: /home/paneendra/vla_manipulation_ros2/install/vla_execution/share/vla_execution/local_setup.dsv
[7.702s] -- Symlinking: /home/paneendra/vla_manipulation_ros2/install/vla_execution/share/vla_execution/package.dsv
[7.709s] -- Symlinking: /home/paneendra/vla_manipulation_ros2/install/vla_execution/share/ament_index/resource_index/packages/vla_execution
[7.717s] -- Symlinking: /home/paneendra/vla_manipulation_ros2/install/vla_execution/share/vla_execution/cmake/vla_executionConfig.cmake
[7.726s] -- Symlinking: /home/paneendra/vla_manipulation_ros2/install/vla_execution/share/vla_execution/cmake/vla_executionConfig-version.cmake
[7.734s] -- Symlinking: /home/paneendra/vla_manipulation_ros2/install/vla_execution/share/vla_execution/package.xml
[7.742s] Invoked command in '/home/paneendra/vla_manipulation_ros2/build/vla_execution' returned '0': CMAKE_PREFIX_PATH=${CMAKE_PREFIX_PATH}:/opt/ros/jazzy DEBUGINFOD_URLS=https://debuginfod.ubuntu.com /usr/bin/cmake --install /home/paneendra/vla_manipulation_ros2/build/vla_execution
