[0.050s] DEBUG:colcon:Command line arguments: ['/usr/bin/colcon', 'build', '--symlink-install']
[0.050s] DEBUG:colcon:Parsed command line arguments: Namespace(log_base=None, log_level=None, verb_name='build', build_base='build', install_base='install', merge_install=False, symlink_install=True, test_result_base=None, continue_on_error=False, executor='parallel', parallel_workers=32, event_handlers=None, ignore_user_meta=False, metas=['./colcon.meta'], base_paths=['.'], packages_ignore=None, packages_ignore_regex=None, paths=None, packages_up_to=None, packages_up_to_regex=None, packages_above=None, packages_above_and_dependencies=None, packages_above_depth=None, packages_select_by_dep=None, packages_skip_by_dep=None, packages_skip_up_to=None, packages_select_build_failed=False, packages_skip_build_finished=False, packages_select_test_failures=False, packages_skip_test_passed=False, packages_select=None, packages_skip=None, packages_select_regex=None, packages_skip_regex=None, packages_start=None, packages_end=None, allow_overriding=[], cmake_args=None, cmake_target=None, cmake_target_skip_unavailable=False, cmake_clean_cache=False, cmake_clean_first=False, cmake_force_configure=False, ament_cmake_args=None, catkin_cmake_args=None, catkin_skip_building_tests=False, mixin_files=None, mixin=None, verb_parser=<colcon_mixin.mixin.mixin_argument.MixinArgumentDecorator object at 0x72f3032ad880>, verb_extension=<colcon_core.verb.build.BuildVerb object at 0x72f3033ca3c0>, main=<bound method BuildVerb.main of <colcon_core.verb.build.BuildVerb object at 0x72f3033ca3c0>>, mixin_verb=('build',))
[0.067s] Level 1:colcon.colcon_core.package_discovery:discover_packages(colcon_meta) check parameters
[0.067s] Level 1:colcon.colcon_core.package_discovery:discover_packages(recursive) check parameters
[0.067s] Level 1:colcon.colcon_core.package_discovery:discover_packages(ignore) check parameters
[0.068s] Level 1:colcon.colcon_core.package_discovery:discover_packages(path) check parameters
[0.068s] Level 1:colcon.colcon_core.package_discovery:discover_packages(colcon_meta) discover
[0.068s] Level 1:colcon.colcon_core.package_discovery:discover_packages(recursive) discover
[0.068s] INFO:colcon.colcon_core.package_discovery:Crawling recursively for packages in '/home/paneendra/vla_manipulation_ros2'
[0.068s] Level 1:colcon.colcon_core.package_identification:_identify(.) by extensions ['ignore', 'ignore_ament_install']
[0.068s] Level 1:colcon.colcon_core.package_identification:_identify(.) by extension 'ignore'
[0.068s] Level 1:colcon.colcon_core.package_identification:_identify(.) by extension 'ignore_ament_install'
[0.068s] Level 1:colcon.colcon_core.package_identification:_identify(.) by extensions ['colcon_pkg']
[0.068s] Level 1:colcon.colcon_core.package_identification:_identify(.) by extension 'colcon_pkg'
[0.068s] Level 1:colcon.colcon_core.package_identification:_identify(.) by extensions ['colcon_meta']
[0.068s] Level 1:colcon.colcon_core.package_identification:_identify(.) by extension 'colcon_meta'
[0.068s] Level 1:colcon.colcon_core.package_identification:_identify(.) by extensions ['ros']
[0.068s] Level 1:colcon.colcon_core.package_identification:_identify(.) by extension 'ros'
[0.080s] Level 1:colcon.colcon_core.package_identification:_identify(.) by extensions ['cmake', 'python']
[0.080s] Level 1:colcon.colcon_core.package_identification:_identify(.) by extension 'cmake'
[0.080s] Level 1:colcon.colcon_core.package_identification:_identify(.) by extension 'python'
[0.080s] Level 1:colcon.colcon_core.package_identification:_identify(.) by extensions ['python_setup_py']
[0.081s] Level 1:colcon.colcon_core.package_identification:_identify(.) by extension 'python_setup_py'
[0.081s] Level 1:colcon.colcon_core.package_identification:_identify(build) by extensions ['ignore', 'ignore_ament_install']
[0.081s] Level 1:colcon.colcon_core.package_identification:_identify(build) by extension 'ignore'
[0.081s] Level 1:colcon.colcon_core.package_identification:_identify(build) ignored
[0.081s] Level 1:colcon.colcon_core.package_identification:_identify(install) by extensions ['ignore', 'ignore_ament_install']
[0.081s] Level 1:colcon.colcon_core.package_identification:_identify(install) by extension 'ignore'
[0.081s] Level 1:colcon.colcon_core.package_identification:_identify(install) ignored
[0.081s] Level 1:colcon.colcon_core.package_identification:_identify(log) by extensions ['ignore', 'ignore_ament_install']
[0.081s] Level 1:colcon.colcon_core.package_identification:_identify(log) by extension 'ignore'
[0.081s] Level 1:colcon.colcon_core.package_identification:_identify(log) ignored
[0.081s] Level 1:colcon.colcon_core.package_identification:_identify(src) by extensions ['ignore', 'ignore_ament_install']
[0.081s] Level 1:colcon.colcon_core.package_identification:_identify(src) by extension 'ignore'
[0.081s] Level 1:colcon.colcon_core.package_identification:_identify(src) by extension 'ignore_ament_install'
[0.081s] Level 1:colcon.colcon_core.package_identification:_identify(src) by extensions ['colcon_pkg']
[0.081s] Level 1:colcon.colcon_core.package_identification:_identify(src) by extension 'colcon_pkg'
[0.081s] Level 1:colcon.colcon_core.package_identification:_identify(src) by extensions ['colcon_meta']
[0.081s] Level 1:colcon.colcon_core.package_identification:_identify(src) by extension 'colcon_meta'
[0.081s] Level 1:colcon.colcon_core.package_identification:_identify(src) by extensions ['ros']
[0.081s] Level 1:colcon.colcon_core.package_identification:_identify(src) by extension 'ros'
[0.081s] Level 1:colcon.colcon_core.package_identification:_identify(src) by extensions ['cmake', 'python']
[0.081s] Level 1:colcon.colcon_core.package_identification:_identify(src) by extension 'cmake'
[0.081s] Level 1:colcon.colcon_core.package_identification:_identify(src) by extension 'python'
[0.081s] Level 1:colcon.colcon_core.package_identification:_identify(src) by extensions ['python_setup_py']
[0.081s] Level 1:colcon.colcon_core.package_identification:_identify(src) by extension 'python_setup_py'
[0.081s] Level 1:colcon.colcon_core.package_identification:_identify(src/vla_bringup) by extensions ['ignore', 'ignore_ament_install']
[0.081s] Level 1:colcon.colcon_core.package_identification:_identify(src/vla_bringup) by extension 'ignore'
[0.081s] Level 1:colcon.colcon_core.package_identification:_identify(src/vla_bringup) by extension 'ignore_ament_install'
[0.081s] Level 1:colcon.colcon_core.package_identification:_identify(src/vla_bringup) by extensions ['colcon_pkg']
[0.081s] Level 1:colcon.colcon_core.package_identification:_identify(src/vla_bringup) by extension 'colcon_pkg'
[0.081s] Level 1:colcon.colcon_core.package_identification:_identify(src/vla_bringup) by extensions ['colcon_meta']
[0.081s] Level 1:colcon.colcon_core.package_identification:_identify(src/vla_bringup) by extension 'colcon_meta'
[0.081s] Level 1:colcon.colcon_core.package_identification:_identify(src/vla_bringup) by extensions ['ros']
[0.081s] Level 1:colcon.colcon_core.package_identification:_identify(src/vla_bringup) by extension 'ros'
[0.082s] DEBUG:colcon.colcon_core.package_identification:Package 'src/vla_bringup' with type 'ros.ament_cmake' and name 'vla_bringup'
[0.082s] Level 1:colcon.colcon_core.package_identification:_identify(src/vla_execution) by extensions ['ignore', 'ignore_ament_install']
[0.082s] Level 1:colcon.colcon_core.package_identification:_identify(src/vla_execution) by extension 'ignore'
[0.083s] Level 1:colcon.colcon_core.package_identification:_identify(src/vla_execution) by extension 'ignore_ament_install'
[0.083s] Level 1:colcon.colcon_core.package_identification:_identify(src/vla_execution) by extensions ['colcon_pkg']
[0.083s] Level 1:colcon.colcon_core.package_identification:_identify(src/vla_execution) by extension 'colcon_pkg'
[0.083s] Level 1:colcon.colcon_core.package_identification:_identify(src/vla_execution) by extensions ['colcon_meta']
[0.083s] Level 1:colcon.colcon_core.package_identification:_identify(src/vla_execution) by extension 'colcon_meta'
[0.083s] Level 1:colcon.colcon_core.package_identification:_identify(src/vla_execution) by extensions ['ros']
[0.083s] Level 1:colcon.colcon_core.package_identification:_identify(src/vla_execution) by extension 'ros'
[0.083s] DEBUG:colcon.colcon_core.package_identification:Package 'src/vla_execution' with type 'ros.ament_cmake' and name 'vla_execution'
[0.083s] Level 1:colcon.colcon_core.package_identification:_identify(src/vla_gazebo) by extensions ['ignore', 'ignore_ament_install']
[0.083s] Level 1:colcon.colcon_core.package_identification:_identify(src/vla_gazebo) by extension 'ignore'
[0.083s] Level 1:colcon.colcon_core.package_identification:_identify(src/vla_gazebo) by extension 'ignore_ament_install'
[0.083s] Level 1:colcon.colcon_core.package_identification:_identify(src/vla_gazebo) by extensions ['colcon_pkg']
[0.083s] Level 1:colcon.colcon_core.package_identification:_identify(src/vla_gazebo) by extension 'colcon_pkg'
[0.083s] Level 1:colcon.colcon_core.package_identification:_identify(src/vla_gazebo) by extensions ['colcon_meta']
[0.083s] Level 1:colcon.colcon_core.package_identification:_identify(src/vla_gazebo) by extension 'colcon_meta'
[0.083s] Level 1:colcon.colcon_core.package_identification:_identify(src/vla_gazebo) by extensions ['ros']
[0.083s] Level 1:colcon.colcon_core.package_identification:_identify(src/vla_gazebo) by extension 'ros'
[0.083s] DEBUG:colcon.colcon_core.package_identification:Package 'src/vla_gazebo' with type 'ros.ament_cmake' and name 'vla_gazebo'
[0.083s] Level 1:colcon.colcon_core.package_identification:_identify(src/vla_perception) by extensions ['ignore', 'ignore_ament_install']
[0.083s] Level 1:colcon.colcon_core.package_identification:_identify(src/vla_perception) by extension 'ignore'
[0.083s] Level 1:colcon.colcon_core.package_identification:_identify(src/vla_perception) by extension 'ignore_ament_install'
[0.083s] Level 1:colcon.colcon_core.package_identification:_identify(src/vla_perception) by extensions ['colcon_pkg']
[0.083s] Level 1:colcon.colcon_core.package_identification:_identify(src/vla_perception) by extension 'colcon_pkg'
[0.083s] Level 1:colcon.colcon_core.package_identification:_identify(src/vla_perception) by extensions ['colcon_meta']
[0.083s] Level 1:colcon.colcon_core.package_identification:_identify(src/vla_perception) by extension 'colcon_meta'
[0.083s] Level 1:colcon.colcon_core.package_identification:_identify(src/vla_perception) by extensions ['ros']
[0.083s] Level 1:colcon.colcon_core.package_identification:_identify(src/vla_perception) by extension 'ros'
[0.084s] DEBUG:colcon.colcon_core.package_identification:Package 'src/vla_perception' with type 'ros.ament_python' and name 'vla_perception'
[0.084s] Level 1:colcon.colcon_core.package_identification:_identify(src/vla_spatial) by extensions ['ignore', 'ignore_ament_install']
[0.084s] Level 1:colcon.colcon_core.package_identification:_identify(src/vla_spatial) by extension 'ignore'
[0.084s] Level 1:colcon.colcon_core.package_identification:_identify(src/vla_spatial) by extension 'ignore_ament_install'
[0.084s] Level 1:colcon.colcon_core.package_identification:_identify(src/vla_spatial) by extensions ['colcon_pkg']
[0.084s] Level 1:colcon.colcon_core.package_identification:_identify(src/vla_spatial) by extension 'colcon_pkg'
[0.084s] Level 1:colcon.colcon_core.package_identification:_identify(src/vla_spatial) by extensions ['colcon_meta']
[0.084s] Level 1:colcon.colcon_core.package_identification:_identify(src/vla_spatial) by extension 'colcon_meta'
[0.084s] Level 1:colcon.colcon_core.package_identification:_identify(src/vla_spatial) by extensions ['ros']
[0.084s] Level 1:colcon.colcon_core.package_identification:_identify(src/vla_spatial) by extension 'ros'
[0.084s] DEBUG:colcon.colcon_core.package_identification:Package 'src/vla_spatial' with type 'ros.ament_python' and name 'vla_spatial'
[0.084s] Level 1:colcon.colcon_core.package_discovery:discover_packages(recursive) using defaults
[0.084s] Level 1:colcon.colcon_core.package_discovery:discover_packages(ignore) discover
[0.084s] Level 1:colcon.colcon_core.package_discovery:discover_packages(ignore) using defaults
[0.084s] Level 1:colcon.colcon_core.package_discovery:discover_packages(path) discover
[0.084s] Level 1:colcon.colcon_core.package_discovery:discover_packages(path) using defaults
[0.093s] Level 1:colcon.colcon_core.package_discovery:discover_packages(prefix_path) check parameters
[0.093s] Level 1:colcon.colcon_core.package_discovery:discover_packages(prefix_path) discover
[0.094s] DEBUG:colcon.colcon_installed_package_information.package_discovery:Found 5 installed packages in /home/paneendra/vla_manipulation_ros2/install
[0.095s] DEBUG:colcon.colcon_installed_package_information.package_discovery:Found 458 installed packages in /opt/ros/jazzy
[0.096s] Level 1:colcon.colcon_core.package_discovery:discover_packages(prefix_path) using defaults
[0.121s] Level 5:colcon.colcon_core.verb:set package 'vla_bringup' build argument 'cmake_args' from command line to 'None'
[0.121s] Level 5:colcon.colcon_core.verb:set package 'vla_bringup' build argument 'cmake_target' from command line to 'None'
[0.121s] Level 5:colcon.colcon_core.verb:set package 'vla_bringup' build argument 'cmake_target_skip_unavailable' from command line to 'False'
[0.121s] Level 5:colcon.colcon_core.verb:set package 'vla_bringup' build argument 'cmake_clean_cache' from command line to 'False'
[0.121s] Level 5:colcon.colcon_core.verb:set package 'vla_bringup' build argument 'cmake_clean_first' from command line to 'False'
[0.121s] Level 5:colcon.colcon_core.verb:set package 'vla_bringup' build argument 'cmake_force_configure' from command line to 'False'
[0.121s] Level 5:colcon.colcon_core.verb:set package 'vla_bringup' build argument 'ament_cmake_args' from command line to 'None'
[0.121s] Level 5:colcon.colcon_core.verb:set package 'vla_bringup' build argument 'catkin_cmake_args' from command line to 'None'
[0.121s] Level 5:colcon.colcon_core.verb:set package 'vla_bringup' build argument 'catkin_skip_building_tests' from command line to 'False'
[0.121s] DEBUG:colcon.colcon_core.verb:Building package 'vla_bringup' with the following arguments: {'ament_cmake_args': None, 'build_base': '/home/paneendra/vla_manipulation_ros2/build/vla_bringup', 'catkin_cmake_args': None, 'catkin_skip_building_tests': False, 'cmake_args': None, 'cmake_clean_cache': False, 'cmake_clean_first': False, 'cmake_force_configure': False, 'cmake_target': None, 'cmake_target_skip_unavailable': False, 'install_base': '/home/paneendra/vla_manipulation_ros2/install/vla_bringup', 'merge_install': False, 'path': '/home/paneendra/vla_manipulation_ros2/src/vla_bringup', 'symlink_install': True, 'test_result_base': None}
[0.122s] Level 5:colcon.colcon_core.verb:set package 'vla_execution' build argument 'cmake_args' from command line to 'None'
[0.122s] Level 5:colcon.colcon_core.verb:set package 'vla_execution' build argument 'cmake_target' from command line to 'None'
[0.122s] Level 5:colcon.colcon_core.verb:set package 'vla_execution' build argument 'cmake_target_skip_unavailable' from command line to 'False'
[0.122s] Level 5:colcon.colcon_core.verb:set package 'vla_execution' build argument 'cmake_clean_cache' from command line to 'False'
[0.122s] Level 5:colcon.colcon_core.verb:set package 'vla_execution' build argument 'cmake_clean_first' from command line to 'False'
[0.122s] Level 5:colcon.colcon_core.verb:set package 'vla_execution' build argument 'cmake_force_configure' from command line to 'False'
[0.122s] Level 5:colcon.colcon_core.verb:set package 'vla_execution' build argument 'ament_cmake_args' from command line to 'None'
[0.122s] Level 5:colcon.colcon_core.verb:set package 'vla_execution' build argument 'catkin_cmake_args' from command line to 'None'
[0.122s] Level 5:colcon.colcon_core.verb:set package 'vla_execution' build argument 'catkin_skip_building_tests' from command line to 'False'
[0.122s] DEBUG:colcon.colcon_core.verb:Building package 'vla_execution' with the following arguments: {'ament_cmake_args': None, 'build_base': '/home/paneendra/vla_manipulation_ros2/build/vla_execution', 'catkin_cmake_args': None, 'catkin_skip_building_tests': False, 'cmake_args': None, 'cmake_clean_cache': False, 'cmake_clean_first': False, 'cmake_force_configure': False, 'cmake_target': None, 'cmake_target_skip_unavailable': False, 'install_base': '/home/paneendra/vla_manipulation_ros2/install/vla_execution', 'merge_install': False, 'path': '/home/paneendra/vla_manipulation_ros2/src/vla_execution', 'symlink_install': True, 'test_result_base': None}
[0.122s] Level 5:colcon.colcon_core.verb:set package 'vla_gazebo' build argument 'cmake_args' from command line to 'None'
[0.122s] Level 5:colcon.colcon_core.verb:set package 'vla_gazebo' build argument 'cmake_target' from command line to 'None'
[0.122s] Level 5:colcon.colcon_core.verb:set package 'vla_gazebo' build argument 'cmake_target_skip_unavailable' from command line to 'False'
[0.122s] Level 5:colcon.colcon_core.verb:set package 'vla_gazebo' build argument 'cmake_clean_cache' from command line to 'False'
[0.122s] Level 5:colcon.colcon_core.verb:set package 'vla_gazebo' build argument 'cmake_clean_first' from command line to 'False'
[0.122s] Level 5:colcon.colcon_core.verb:set package 'vla_gazebo' build argument 'cmake_force_configure' from command line to 'False'
[0.122s] Level 5:colcon.colcon_core.verb:set package 'vla_gazebo' build argument 'ament_cmake_args' from command line to 'None'
[0.122s] Level 5:colcon.colcon_core.verb:set package 'vla_gazebo' build argument 'catkin_cmake_args' from command line to 'None'
[0.122s] Level 5:colcon.colcon_core.verb:set package 'vla_gazebo' build argument 'catkin_skip_building_tests' from command line to 'False'
[0.122s] DEBUG:colcon.colcon_core.verb:Building package 'vla_gazebo' with the following arguments: {'ament_cmake_args': None, 'build_base': '/home/paneendra/vla_manipulation_ros2/build/vla_gazebo', 'catkin_cmake_args': None, 'catkin_skip_building_tests': False, 'cmake_args': None, 'cmake_clean_cache': False, 'cmake_clean_first': False, 'cmake_force_configure': False, 'cmake_target': None, 'cmake_target_skip_unavailable': False, 'install_base': '/home/paneendra/vla_manipulation_ros2/install/vla_gazebo', 'merge_install': False, 'path': '/home/paneendra/vla_manipulation_ros2/src/vla_gazebo', 'symlink_install': True, 'test_result_base': None}
[0.122s] Level 5:colcon.colcon_core.verb:set package 'vla_perception' build argument 'cmake_args' from command line to 'None'
[0.122s] Level 5:colcon.colcon_core.verb:set package 'vla_perception' build argument 'cmake_target' from command line to 'None'
[0.122s] Level 5:colcon.colcon_core.verb:set package 'vla_perception' build argument 'cmake_target_skip_unavailable' from command line to 'False'
[0.122s] Level 5:colcon.colcon_core.verb:set package 'vla_perception' build argument 'cmake_clean_cache' from command line to 'False'
[0.122s] Level 5:colcon.colcon_core.verb:set package 'vla_perception' build argument 'cmake_clean_first' from command line to 'False'
[0.122s] Level 5:colcon.colcon_core.verb:set package 'vla_perception' build argument 'cmake_force_configure' from command line to 'False'
[0.122s] Level 5:colcon.colcon_core.verb:set package 'vla_perception' build argument 'ament_cmake_args' from command line to 'None'
[0.122s] Level 5:colcon.colcon_core.verb:set package 'vla_perception' build argument 'catkin_cmake_args' from command line to 'None'
[0.122s] Level 5:colcon.colcon_core.verb:set package 'vla_perception' build argument 'catkin_skip_building_tests' from command line to 'False'
[0.122s] DEBUG:colcon.colcon_core.verb:Building package 'vla_perception' with the following arguments: {'ament_cmake_args': None, 'build_base': '/home/paneendra/vla_manipulation_ros2/build/vla_perception', 'catkin_cmake_args': None, 'catkin_skip_building_tests': False, 'cmake_args': None, 'cmake_clean_cache': False, 'cmake_clean_first': False, 'cmake_force_configure': False, 'cmake_target': None, 'cmake_target_skip_unavailable': False, 'install_base': '/home/paneendra/vla_manipulation_ros2/install/vla_perception', 'merge_install': False, 'path': '/home/paneendra/vla_manipulation_ros2/src/vla_perception', 'symlink_install': True, 'test_result_base': None}
[0.122s] Level 5:colcon.colcon_core.verb:set package 'vla_spatial' build argument 'cmake_args' from command line to 'None'
[0.122s] Level 5:colcon.colcon_core.verb:set package 'vla_spatial' build argument 'cmake_target' from command line to 'None'
[0.122s] Level 5:colcon.colcon_core.verb:set package 'vla_spatial' build argument 'cmake_target_skip_unavailable' from command line to 'False'
[0.122s] Level 5:colcon.colcon_core.verb:set package 'vla_spatial' build argument 'cmake_clean_cache' from command line to 'False'
[0.122s] Level 5:colcon.colcon_core.verb:set package 'vla_spatial' build argument 'cmake_clean_first' from command line to 'False'
[0.122s] Level 5:colcon.colcon_core.verb:set package 'vla_spatial' build argument 'cmake_force_configure' from command line to 'False'
[0.122s] Level 5:colcon.colcon_core.verb:set package 'vla_spatial' build argument 'ament_cmake_args' from command line to 'None'
[0.122s] Level 5:colcon.colcon_core.verb:set package 'vla_spatial' build argument 'catkin_cmake_args' from command line to 'None'
[0.122s] Level 5:colcon.colcon_core.verb:set package 'vla_spatial' build argument 'catkin_skip_building_tests' from command line to 'False'
[0.122s] DEBUG:colcon.colcon_core.verb:Building package 'vla_spatial' with the following arguments: {'ament_cmake_args': None, 'build_base': '/home/paneendra/vla_manipulation_ros2/build/vla_spatial', 'catkin_cmake_args': None, 'catkin_skip_building_tests': False, 'cmake_args': None, 'cmake_clean_cache': False, 'cmake_clean_first': False, 'cmake_force_configure': False, 'cmake_target': None, 'cmake_target_skip_unavailable': False, 'install_base': '/home/paneendra/vla_manipulation_ros2/install/vla_spatial', 'merge_install': False, 'path': '/home/paneendra/vla_manipulation_ros2/src/vla_spatial', 'symlink_install': True, 'test_result_base': None}
[0.122s] INFO:colcon.colcon_core.executor:Executing jobs using 'parallel' executor
[0.123s] DEBUG:colcon.colcon_parallel_executor.executor.parallel:run_until_complete
[0.123s] INFO:colcon.colcon_ros.task.ament_cmake.build:Building ROS package in '/home/paneendra/vla_manipulation_ros2/src/vla_bringup' with build type 'ament_cmake'
[0.123s] INFO:colcon.colcon_cmake.task.cmake.build:Building CMake package in '/home/paneendra/vla_manipulation_ros2/src/vla_bringup'
[0.124s] INFO:colcon.colcon_core.plugin_system:Skipping extension 'colcon_core.shell.bat': Not used on non-Windows systems
[0.124s] INFO:colcon.colcon_core.shell:Skip shell extension 'powershell' for command environment: Not usable outside of PowerShell
[0.124s] DEBUG:colcon.colcon_core.shell:Skip shell extension 'dsv' for command environment
[0.127s] INFO:colcon.colcon_ros.task.ament_cmake.build:Building ROS package in '/home/paneendra/vla_manipulation_ros2/src/vla_execution' with build type 'ament_cmake'
[0.127s] INFO:colcon.colcon_cmake.task.cmake.build:Building CMake package in '/home/paneendra/vla_manipulation_ros2/src/vla_execution'
[0.127s] INFO:colcon.colcon_core.shell:Skip shell extension 'powershell' for command environment: Not usable outside of PowerShell
[0.127s] DEBUG:colcon.colcon_core.shell:Skip shell extension 'dsv' for command environment
[0.129s] INFO:colcon.colcon_ros.task.ament_cmake.build:Building ROS package in '/home/paneendra/vla_manipulation_ros2/src/vla_gazebo' with build type 'ament_cmake'
[0.129s] INFO:colcon.colcon_cmake.task.cmake.build:Building CMake package in '/home/paneendra/vla_manipulation_ros2/src/vla_gazebo'
[0.129s] INFO:colcon.colcon_core.shell:Skip shell extension 'powershell' for command environment: Not usable outside of PowerShell
[0.129s] DEBUG:colcon.colcon_core.shell:Skip shell extension 'dsv' for command environment
[0.131s] INFO:colcon.colcon_ros.task.ament_python.build:Building ROS package in '/home/paneendra/vla_manipulation_ros2/src/vla_perception' with build type 'ament_python'
[0.131s] Level 1:colcon.colcon_core.shell:create_environment_hook('vla_perception', 'ament_prefix_path')
[0.131s] INFO:colcon.colcon_core.shell:Creating environment hook '/home/paneendra/vla_manipulation_ros2/install/vla_perception/share/vla_perception/hook/ament_prefix_path.ps1'
[0.132s] INFO:colcon.colcon_core.shell:Creating environment descriptor '/home/paneendra/vla_manipulation_ros2/install/vla_perception/share/vla_perception/hook/ament_prefix_path.dsv'
[0.132s] INFO:colcon.colcon_core.shell:Creating environment hook '/home/paneendra/vla_manipulation_ros2/install/vla_perception/share/vla_perception/hook/ament_prefix_path.sh'
[0.132s] INFO:colcon.colcon_core.shell:Skip shell extension 'powershell' for command environment: Not usable outside of PowerShell
[0.132s] DEBUG:colcon.colcon_core.shell:Skip shell extension 'dsv' for command environment
[0.134s] INFO:colcon.colcon_ros.task.ament_python.build:Building ROS package in '/home/paneendra/vla_manipulation_ros2/src/vla_spatial' with build type 'ament_python'
[0.134s] Level 1:colcon.colcon_core.shell:create_environment_hook('vla_spatial', 'ament_prefix_path')
[0.134s] INFO:colcon.colcon_core.shell:Creating environment hook '/home/paneendra/vla_manipulation_ros2/install/vla_spatial/share/vla_spatial/hook/ament_prefix_path.ps1'
[0.134s] INFO:colcon.colcon_core.shell:Creating environment descriptor '/home/paneendra/vla_manipulation_ros2/install/vla_spatial/share/vla_spatial/hook/ament_prefix_path.dsv'
[0.134s] INFO:colcon.colcon_core.shell:Creating environment hook '/home/paneendra/vla_manipulation_ros2/install/vla_spatial/share/vla_spatial/hook/ament_prefix_path.sh'
[0.134s] INFO:colcon.colcon_core.shell:Skip shell extension 'powershell' for command environment: Not usable outside of PowerShell
[0.134s] DEBUG:colcon.colcon_core.shell:Skip shell extension 'dsv' for command environment
[0.138s] DEBUG:colcon.colcon_core.event_handler.log_command:Invoking command in '/home/paneendra/vla_manipulation_ros2/build/vla_bringup': CMAKE_PREFIX_PATH=${CMAKE_PREFIX_PATH}:/home/paneendra/vla_manipulation_ros2/install/vla_spatial:/home/paneendra/vla_manipulation_ros2/install/vla_perception:/opt/ros/jazzy DEBUGINFOD_URLS=https://debuginfod.ubuntu.com /usr/bin/cmake --build /home/paneendra/vla_manipulation_ros2/build/vla_bringup -- -j32 -l32
[0.140s] DEBUG:colcon.colcon_core.event_handler.log_command:Invoking command in '/home/paneendra/vla_manipulation_ros2/build/vla_execution': CMAKE_PREFIX_PATH=${CMAKE_PREFIX_PATH}:/home/paneendra/vla_manipulation_ros2/install/vla_spatial:/home/paneendra/vla_manipulation_ros2/install/vla_perception:/opt/ros/jazzy DEBUGINFOD_URLS=https://debuginfod.ubuntu.com /usr/bin/cmake --build /home/paneendra/vla_manipulation_ros2/build/vla_execution -- -j32 -l32
[0.141s] DEBUG:colcon.colcon_core.event_handler.log_command:Invoking command in '/home/paneendra/vla_manipulation_ros2/build/vla_gazebo': CMAKE_PREFIX_PATH=${CMAKE_PREFIX_PATH}:/home/paneendra/vla_manipulation_ros2/install/vla_spatial:/home/paneendra/vla_manipulation_ros2/install/vla_perception:/opt/ros/jazzy DEBUGINFOD_URLS=https://debuginfod.ubuntu.com /usr/bin/cmake --build /home/paneendra/vla_manipulation_ros2/build/vla_gazebo -- -j32 -l32
[0.250s] INFO:colcon.colcon_core.task.python.build:Building Python package in '/home/paneendra/vla_manipulation_ros2/src/vla_perception'
[0.250s] INFO:colcon.colcon_core.shell:Skip shell extension 'powershell' for command environment: Not usable outside of PowerShell
[0.250s] DEBUG:colcon.colcon_core.shell:Skip shell extension 'dsv' for command environment
[0.256s] DEBUG:colcon.colcon_core.event_handler.log_command:Invoked command in '/home/paneendra/vla_manipulation_ros2/build/vla_bringup' returned '0': CMAKE_PREFIX_PATH=${CMAKE_PREFIX_PATH}:/home/paneendra/vla_manipulation_ros2/install/vla_spatial:/home/paneendra/vla_manipulation_ros2/install/vla_perception:/opt/ros/jazzy DEBUGINFOD_URLS=https://debuginfod.ubuntu.com /usr/bin/cmake --build /home/paneendra/vla_manipulation_ros2/build/vla_bringup -- -j32 -l32
[0.263s] DEBUG:colcon.colcon_core.event_handler.log_command:Invoking command in '/home/paneendra/vla_manipulation_ros2/build/vla_bringup': CMAKE_PREFIX_PATH=${CMAKE_PREFIX_PATH}:/home/paneendra/vla_manipulation_ros2/install/vla_spatial:/home/paneendra/vla_manipulation_ros2/install/vla_perception:/opt/ros/jazzy DEBUGINFOD_URLS=https://debuginfod.ubuntu.com /usr/bin/cmake --install /home/paneendra/vla_manipulation_ros2/build/vla_bringup
[0.264s] DEBUG:colcon.colcon_core.event_handler.log_command:Invoked command in '/home/paneendra/vla_manipulation_ros2/build/vla_execution' returned '0': CMAKE_PREFIX_PATH=${CMAKE_PREFIX_PATH}:/home/paneendra/vla_manipulation_ros2/install/vla_spatial:/home/paneendra/vla_manipulation_ros2/install/vla_perception:/opt/ros/jazzy DEBUGINFOD_URLS=https://debuginfod.ubuntu.com /usr/bin/cmake --build /home/paneendra/vla_manipulation_ros2/build/vla_execution -- -j32 -l32
[0.265s] DEBUG:colcon.colcon_core.event_handler.log_command:Invoking command in '/home/paneendra/vla_manipulation_ros2/build/vla_execution': CMAKE_PREFIX_PATH=${CMAKE_PREFIX_PATH}:/home/paneendra/vla_manipulation_ros2/install/vla_spatial:/home/paneendra/vla_manipulation_ros2/install/vla_perception:/opt/ros/jazzy DEBUGINFOD_URLS=https://debuginfod.ubuntu.com /usr/bin/cmake --install /home/paneendra/vla_manipulation_ros2/build/vla_execution
[0.265s] DEBUG:colcon.colcon_core.event_handler.log_command:Invoked command in '/home/paneendra/vla_manipulation_ros2/build/vla_gazebo' returned '0': CMAKE_PREFIX_PATH=${CMAKE_PREFIX_PATH}:/home/paneendra/vla_manipulation_ros2/install/vla_spatial:/home/paneendra/vla_manipulation_ros2/install/vla_perception:/opt/ros/jazzy DEBUGINFOD_URLS=https://debuginfod.ubuntu.com /usr/bin/cmake --build /home/paneendra/vla_manipulation_ros2/build/vla_gazebo -- -j32 -l32
[0.266s] DEBUG:colcon.colcon_core.event_handler.log_command:Invoking command in '/home/paneendra/vla_manipulation_ros2/build/vla_gazebo': CMAKE_PREFIX_PATH=${CMAKE_PREFIX_PATH}:/home/paneendra/vla_manipulation_ros2/install/vla_spatial:/home/paneendra/vla_manipulation_ros2/install/vla_perception:/opt/ros/jazzy DEBUGINFOD_URLS=https://debuginfod.ubuntu.com /usr/bin/cmake --install /home/paneendra/vla_manipulation_ros2/build/vla_gazebo
[0.383s] INFO:colcon.colcon_core.task.python.build:Building Python package in '/home/paneendra/vla_manipulation_ros2/src/vla_spatial'
[0.383s] INFO:colcon.colcon_core.shell:Skip shell extension 'powershell' for command environment: Not usable outside of PowerShell
[0.383s] DEBUG:colcon.colcon_core.shell:Skip shell extension 'dsv' for command environment
[0.398s] Level 1:colcon.colcon_core.environment:create_environment_scripts_only(vla_execution)
[0.398s] DEBUG:colcon.colcon_core.event_handler.log_command:Invoked command in '/home/paneendra/vla_manipulation_ros2/build/vla_execution' returned '0': CMAKE_PREFIX_PATH=${CMAKE_PREFIX_PATH}:/home/paneendra/vla_manipulation_ros2/install/vla_spatial:/home/paneendra/vla_manipulation_ros2/install/vla_perception:/opt/ros/jazzy DEBUGINFOD_URLS=https://debuginfod.ubuntu.com /usr/bin/cmake --install /home/paneendra/vla_manipulation_ros2/build/vla_execution
[0.399s] Level 1:colcon.colcon_core.environment:checking '/home/paneendra/vla_manipulation_ros2/install/vla_execution' for CMake module files
[0.399s] Level 1:colcon.colcon_core.environment:checking '/home/paneendra/vla_manipulation_ros2/install/vla_execution' for CMake config files
[0.399s] Level 1:colcon.colcon_core.shell:create_environment_hook('vla_execution', 'cmake_prefix_path')
[0.399s] INFO:colcon.colcon_core.shell:Creating environment hook '/home/paneendra/vla_manipulation_ros2/install/vla_execution/share/vla_execution/hook/cmake_prefix_path.ps1'
[0.399s] INFO:colcon.colcon_core.shell:Creating environment descriptor '/home/paneendra/vla_manipulation_ros2/install/vla_execution/share/vla_execution/hook/cmake_prefix_path.dsv'
[0.400s] INFO:colcon.colcon_core.shell:Creating environment hook '/home/paneendra/vla_manipulation_ros2/install/vla_execution/share/vla_execution/hook/cmake_prefix_path.sh'
[0.400s] Level 1:colcon.colcon_core.environment:checking '/home/paneendra/vla_manipulation_ros2/install/vla_execution/lib'
[0.400s] Level 1:colcon.colcon_core.environment:checking '/home/paneendra/vla_manipulation_ros2/install/vla_execution/bin'
[0.400s] Level 1:colcon.colcon_core.environment:checking '/home/paneendra/vla_manipulation_ros2/install/vla_execution/lib/pkgconfig/vla_execution.pc'
[0.400s] Level 1:colcon.colcon_core.environment:checking '/home/paneendra/vla_manipulation_ros2/install/vla_execution/lib/python3.12/site-packages'
[0.400s] Level 1:colcon.colcon_core.environment:checking '/home/paneendra/vla_manipulation_ros2/install/vla_execution/bin'
[0.400s] INFO:colcon.colcon_core.shell:Creating package script '/home/paneendra/vla_manipulation_ros2/install/vla_execution/share/vla_execution/package.ps1'
[0.401s] INFO:colcon.colcon_core.shell:Creating package descriptor '/home/paneendra/vla_manipulation_ros2/install/vla_execution/share/vla_execution/package.dsv'
[0.401s] INFO:colcon.colcon_core.shell:Creating package script '/home/paneendra/vla_manipulation_ros2/install/vla_execution/share/vla_execution/package.sh'
[0.401s] INFO:colcon.colcon_core.shell:Creating package script '/home/paneendra/vla_manipulation_ros2/install/vla_execution/share/vla_execution/package.bash'
[0.401s] INFO:colcon.colcon_core.shell:Creating package script '/home/paneendra/vla_manipulation_ros2/install/vla_execution/share/vla_execution/package.zsh'
[0.402s] Level 1:colcon.colcon_core.environment:create_file_with_runtime_dependencies(/home/paneendra/vla_manipulation_ros2/install/vla_execution/share/colcon-core/packages/vla_execution)
[0.402s] Level 1:colcon.colcon_core.environment:create_environment_scripts_only(vla_execution)
[0.402s] Level 1:colcon.colcon_core.environment:checking '/home/paneendra/vla_manipulation_ros2/install/vla_execution' for CMake module files
[0.402s] Level 1:colcon.colcon_core.environment:checking '/home/paneendra/vla_manipulation_ros2/install/vla_execution' for CMake config files
[0.402s] Level 1:colcon.colcon_core.shell:create_environment_hook('vla_execution', 'cmake_prefix_path')
[0.402s] INFO:colcon.colcon_core.shell:Creating environment hook '/home/paneendra/vla_manipulation_ros2/install/vla_execution/share/vla_execution/hook/cmake_prefix_path.ps1'
[0.402s] INFO:colcon.colcon_core.shell:Creating environment descriptor '/home/paneendra/vla_manipulation_ros2/install/vla_execution/share/vla_execution/hook/cmake_prefix_path.dsv'
[0.402s] INFO:colcon.colcon_core.shell:Creating environment hook '/home/paneendra/vla_manipulation_ros2/install/vla_execution/share/vla_execution/hook/cmake_prefix_path.sh'
[0.403s] Level 1:colcon.colcon_core.environment:checking '/home/paneendra/vla_manipulation_ros2/install/vla_execution/lib'
[0.403s] Level 1:colcon.colcon_core.environment:checking '/home/paneendra/vla_manipulation_ros2/install/vla_execution/bin'
[0.403s] Level 1:colcon.colcon_core.environment:checking '/home/paneendra/vla_manipulation_ros2/install/vla_execution/lib/pkgconfig/vla_execution.pc'
[0.403s] Level 1:colcon.colcon_core.environment:checking '/home/paneendra/vla_manipulation_ros2/install/vla_execution/lib/python3.12/site-packages'
[0.403s] Level 1:colcon.colcon_core.environment:checking '/home/paneendra/vla_manipulation_ros2/install/vla_execution/bin'
[0.403s] INFO:colcon.colcon_core.shell:Creating package script '/home/paneendra/vla_manipulation_ros2/install/vla_execution/share/vla_execution/package.ps1'
[0.403s] INFO:colcon.colcon_core.shell:Creating package descriptor '/home/paneendra/vla_manipulation_ros2/install/vla_execution/share/vla_execution/package.dsv'
[0.404s] INFO:colcon.colcon_core.shell:Creating package script '/home/paneendra/vla_manipulation_ros2/install/vla_execution/share/vla_execution/package.sh'
[0.404s] INFO:colcon.colcon_core.shell:Creating package script '/home/paneendra/vla_manipulation_ros2/install/vla_execution/share/vla_execution/package.bash'
[0.404s] INFO:colcon.colcon_core.shell:Creating package script '/home/paneendra/vla_manipulation_ros2/install/vla_execution/share/vla_execution/package.zsh'
[0.404s] Level 1:colcon.colcon_core.environment:create_file_with_runtime_dependencies(/home/paneendra/vla_manipulation_ros2/install/vla_execution/share/colcon-core/packages/vla_execution)
[0.404s] Level 1:colcon.colcon_core.environment:create_environment_scripts_only(vla_gazebo)
[0.404s] Level 1:colcon.colcon_core.environment:checking '/home/paneendra/vla_manipulation_ros2/install/vla_gazebo' for CMake module files
[0.405s] Level 1:colcon.colcon_core.environment:checking '/home/paneendra/vla_manipulation_ros2/install/vla_gazebo' for CMake config files
[0.405s] DEBUG:colcon.colcon_core.event_handler.log_command:Invoked command in '/home/paneendra/vla_manipulation_ros2/build/vla_gazebo' returned '0': CMAKE_PREFIX_PATH=${CMAKE_PREFIX_PATH}:/home/paneendra/vla_manipulation_ros2/install/vla_spatial:/home/paneendra/vla_manipulation_ros2/install/vla_perception:/opt/ros/jazzy DEBUGINFOD_URLS=https://debuginfod.ubuntu.com /usr/bin/cmake --install /home/paneendra/vla_manipulation_ros2/build/vla_gazebo
[0.405s] Level 1:colcon.colcon_core.shell:create_environment_hook('vla_gazebo', 'cmake_prefix_path')
[0.405s] INFO:colcon.colcon_core.shell:Creating environment hook '/home/paneendra/vla_manipulation_ros2/install/vla_gazebo/share/vla_gazebo/hook/cmake_prefix_path.ps1'
[0.405s] INFO:colcon.colcon_core.shell:Creating environment descriptor '/home/paneendra/vla_manipulation_ros2/install/vla_gazebo/share/vla_gazebo/hook/cmake_prefix_path.dsv'
[0.405s] INFO:colcon.colcon_core.shell:Creating environment hook '/home/paneendra/vla_manipulation_ros2/install/vla_gazebo/share/vla_gazebo/hook/cmake_prefix_path.sh'
[0.405s] Level 1:colcon.colcon_core.environment:checking '/home/paneendra/vla_manipulation_ros2/install/vla_gazebo/bin'
[0.405s] Level 1:colcon.colcon_core.environment:checking '/home/paneendra/vla_manipulation_ros2/install/vla_gazebo/lib/pkgconfig/vla_gazebo.pc'
[0.406s] Level 1:colcon.colcon_core.environment:checking '/home/paneendra/vla_manipulation_ros2/install/vla_gazebo/lib/python3.12/site-packages'
[0.406s] Level 1:colcon.colcon_core.environment:checking '/home/paneendra/vla_manipulation_ros2/install/vla_gazebo/bin'
[0.406s] INFO:colcon.colcon_core.shell:Creating package script '/home/paneendra/vla_manipulation_ros2/install/vla_gazebo/share/vla_gazebo/package.ps1'
[0.406s] INFO:colcon.colcon_core.shell:Creating package descriptor '/home/paneendra/vla_manipulation_ros2/install/vla_gazebo/share/vla_gazebo/package.dsv'
[0.406s] INFO:colcon.colcon_core.shell:Creating package script '/home/paneendra/vla_manipulation_ros2/install/vla_gazebo/share/vla_gazebo/package.sh'
[0.407s] INFO:colcon.colcon_core.shell:Creating package script '/home/paneendra/vla_manipulation_ros2/install/vla_gazebo/share/vla_gazebo/package.bash'
[0.407s] INFO:colcon.colcon_core.shell:Creating package script '/home/paneendra/vla_manipulation_ros2/install/vla_gazebo/share/vla_gazebo/package.zsh'
[0.407s] Level 1:colcon.colcon_core.environment:create_file_with_runtime_dependencies(/home/paneendra/vla_manipulation_ros2/install/vla_gazebo/share/colcon-core/packages/vla_gazebo)
[0.407s] Level 1:colcon.colcon_core.environment:create_environment_scripts_only(vla_gazebo)
[0.407s] Level 1:colcon.colcon_core.environment:checking '/home/paneendra/vla_manipulation_ros2/install/vla_gazebo' for CMake module files
[0.407s] Level 1:colcon.colcon_core.environment:checking '/home/paneendra/vla_manipulation_ros2/install/vla_gazebo' for CMake config files
[0.407s] Level 1:colcon.colcon_core.shell:create_environment_hook('vla_gazebo', 'cmake_prefix_path')
[0.407s] INFO:colcon.colcon_core.shell:Creating environment hook '/home/paneendra/vla_manipulation_ros2/install/vla_gazebo/share/vla_gazebo/hook/cmake_prefix_path.ps1'
[0.408s] INFO:colcon.colcon_core.shell:Creating environment descriptor '/home/paneendra/vla_manipulation_ros2/install/vla_gazebo/share/vla_gazebo/hook/cmake_prefix_path.dsv'
[0.408s] INFO:colcon.colcon_core.shell:Creating environment hook '/home/paneendra/vla_manipulation_ros2/install/vla_gazebo/share/vla_gazebo/hook/cmake_prefix_path.sh'
[0.408s] Level 1:colcon.colcon_core.environment:checking '/home/paneendra/vla_manipulation_ros2/install/vla_gazebo/bin'
[0.408s] Level 1:colcon.colcon_core.environment:checking '/home/paneendra/vla_manipulation_ros2/install/vla_gazebo/lib/pkgconfig/vla_gazebo.pc'
[0.408s] Level 1:colcon.colcon_core.environment:checking '/home/paneendra/vla_manipulation_ros2/install/vla_gazebo/lib/python3.12/site-packages'
[0.408s] Level 1:colcon.colcon_core.environment:checking '/home/paneendra/vla_manipulation_ros2/install/vla_gazebo/bin'
[0.408s] INFO:colcon.colcon_core.shell:Creating package script '/home/paneendra/vla_manipulation_ros2/install/vla_gazebo/share/vla_gazebo/package.ps1'
[0.409s] INFO:colcon.colcon_core.shell:Creating package descriptor '/home/paneendra/vla_manipulation_ros2/install/vla_gazebo/share/vla_gazebo/package.dsv'
[0.409s] INFO:colcon.colcon_core.shell:Creating package script '/home/paneendra/vla_manipulation_ros2/install/vla_gazebo/share/vla_gazebo/package.sh'
[0.409s] INFO:colcon.colcon_core.shell:Creating package script '/home/paneendra/vla_manipulation_ros2/install/vla_gazebo/share/vla_gazebo/package.bash'
[0.409s] INFO:colcon.colcon_core.shell:Creating package script '/home/paneendra/vla_manipulation_ros2/install/vla_gazebo/share/vla_gazebo/package.zsh'
[0.409s] Level 1:colcon.colcon_core.environment:create_file_with_runtime_dependencies(/home/paneendra/vla_manipulation_ros2/install/vla_gazebo/share/colcon-core/packages/vla_gazebo)
[0.409s] Level 1:colcon.colcon_core.environment:create_environment_scripts_only(vla_bringup)
[0.409s] Level 1:colcon.colcon_core.environment:checking '/home/paneendra/vla_manipulation_ros2/install/vla_bringup' for CMake module files
[0.410s] Level 1:colcon.colcon_core.environment:checking '/home/paneendra/vla_manipulation_ros2/install/vla_bringup' for CMake config files
[0.410s] DEBUG:colcon.colcon_core.event_handler.log_command:Invoked command in '/home/paneendra/vla_manipulation_ros2/build/vla_bringup' returned '0': CMAKE_PREFIX_PATH=${CMAKE_PREFIX_PATH}:/home/paneendra/vla_manipulation_ros2/install/vla_spatial:/home/paneendra/vla_manipulation_ros2/install/vla_perception:/opt/ros/jazzy DEBUGINFOD_URLS=https://debuginfod.ubuntu.com /usr/bin/cmake --install /home/paneendra/vla_manipulation_ros2/build/vla_bringup
[0.410s] Level 1:colcon.colcon_core.shell:create_environment_hook('vla_bringup', 'cmake_prefix_path')
[0.410s] INFO:colcon.colcon_core.shell:Creating environment hook '/home/paneendra/vla_manipulation_ros2/install/vla_bringup/share/vla_bringup/hook/cmake_prefix_path.ps1'
[0.410s] INFO:colcon.colcon_core.shell:Creating environment descriptor '/home/paneendra/vla_manipulation_ros2/install/vla_bringup/share/vla_bringup/hook/cmake_prefix_path.dsv'
[0.411s] INFO:colcon.colcon_core.shell:Creating environment hook '/home/paneendra/vla_manipulation_ros2/install/vla_bringup/share/vla_bringup/hook/cmake_prefix_path.sh'
[0.411s] Level 1:colcon.colcon_core.environment:checking '/home/paneendra/vla_manipulation_ros2/install/vla_bringup/bin'
[0.411s] Level 1:colcon.colcon_core.environment:checking '/home/paneendra/vla_manipulation_ros2/install/vla_bringup/lib/pkgconfig/vla_bringup.pc'
[0.411s] Level 1:colcon.colcon_core.environment:checking '/home/paneendra/vla_manipulation_ros2/install/vla_bringup/lib/python3.12/site-packages'
[0.411s] Level 1:colcon.colcon_core.environment:checking '/home/paneendra/vla_manipulation_ros2/install/vla_bringup/bin'
[0.411s] INFO:colcon.colcon_core.shell:Creating package script '/home/paneendra/vla_manipulation_ros2/install/vla_bringup/share/vla_bringup/package.ps1'
[0.411s] INFO:colcon.colcon_core.shell:Creating package descriptor '/home/paneendra/vla_manipulation_ros2/install/vla_bringup/share/vla_bringup/package.dsv'
[0.412s] INFO:colcon.colcon_core.shell:Creating package script '/home/paneendra/vla_manipulation_ros2/install/vla_bringup/share/vla_bringup/package.sh'
[0.412s] INFO:colcon.colcon_core.shell:Creating package script '/home/paneendra/vla_manipulation_ros2/install/vla_bringup/share/vla_bringup/package.bash'
[0.412s] INFO:colcon.colcon_core.shell:Creating package script '/home/paneendra/vla_manipulation_ros2/install/vla_bringup/share/vla_bringup/package.zsh'
[0.412s] Level 1:colcon.colcon_core.environment:create_file_with_runtime_dependencies(/home/paneendra/vla_manipulation_ros2/install/vla_bringup/share/colcon-core/packages/vla_bringup)
[0.412s] Level 1:colcon.colcon_core.environment:create_environment_scripts_only(vla_bringup)
[0.412s] Level 1:colcon.colcon_core.environment:checking '/home/paneendra/vla_manipulation_ros2/install/vla_bringup' for CMake module files
[0.413s] Level 1:colcon.colcon_core.environment:checking '/home/paneendra/vla_manipulation_ros2/install/vla_bringup' for CMake config files
[0.413s] Level 1:colcon.colcon_core.shell:create_environment_hook('vla_bringup', 'cmake_prefix_path')
[0.413s] INFO:colcon.colcon_core.shell:Creating environment hook '/home/paneendra/vla_manipulation_ros2/install/vla_bringup/share/vla_bringup/hook/cmake_prefix_path.ps1'
[0.413s] INFO:colcon.colcon_core.shell:Creating environment descriptor '/home/paneendra/vla_manipulation_ros2/install/vla_bringup/share/vla_bringup/hook/cmake_prefix_path.dsv'
[0.413s] INFO:colcon.colcon_core.shell:Creating environment hook '/home/paneendra/vla_manipulation_ros2/install/vla_bringup/share/vla_bringup/hook/cmake_prefix_path.sh'
[0.413s] Level 1:colcon.colcon_core.environment:checking '/home/paneendra/vla_manipulation_ros2/install/vla_bringup/bin'
[0.413s] Level 1:colcon.colcon_core.environment:checking '/home/paneendra/vla_manipulation_ros2/install/vla_bringup/lib/pkgconfig/vla_bringup.pc'
[0.414s] Level 1:colcon.colcon_core.environment:checking '/home/paneendra/vla_manipulation_ros2/install/vla_bringup/lib/python3.12/site-packages'
[0.414s] Level 1:colcon.colcon_core.environment:checking '/home/paneendra/vla_manipulation_ros2/install/vla_bringup/bin'
[0.414s] INFO:colcon.colcon_core.shell:Creating package script '/home/paneendra/vla_manipulation_ros2/install/vla_bringup/share/vla_bringup/package.ps1'
[0.414s] INFO:colcon.colcon_core.shell:Creating package descriptor '/home/paneendra/vla_manipulation_ros2/install/vla_bringup/share/vla_bringup/package.dsv'
[0.414s] INFO:colcon.colcon_core.shell:Creating package script '/home/paneendra/vla_manipulation_ros2/install/vla_bringup/share/vla_bringup/package.sh'
[0.414s] INFO:colcon.colcon_core.shell:Creating package script '/home/paneendra/vla_manipulation_ros2/install/vla_bringup/share/vla_bringup/package.bash'
[0.415s] INFO:colcon.colcon_core.shell:Creating package script '/home/paneendra/vla_manipulation_ros2/install/vla_bringup/share/vla_bringup/package.zsh'
[0.415s] Level 1:colcon.colcon_core.environment:create_file_with_runtime_dependencies(/home/paneendra/vla_manipulation_ros2/install/vla_bringup/share/colcon-core/packages/vla_bringup)
[0.670s] DEBUG:colcon.colcon_core.task.python.build:Available setuptools commands: build_scripts, install_data, extract_messages, init_catalog, saveopts, upload, rotate, compile_catalog, dist_info, upload_docs, bdist_egg, build_clib, bdist_rpm, install_headers, test, install_lib, editable_wheel, check, symlink_data, easy_install, egg_info, build_ext, install, sdist, register, bdist, update_catalog, bdist_wheel, bdist_dumb, develop, setopt, install_scripts, build, install_egg_info, clean, build_py, alias
[0.676s] DEBUG:colcon.colcon_core.task.python.build:Available setuptools commands: build_scripts, install_data, extract_messages, init_catalog, saveopts, upload, rotate, compile_catalog, dist_info, upload_docs, bdist_egg, build_clib, bdist_rpm, install_headers, test, install_lib, editable_wheel, check, symlink_data, easy_install, egg_info, build_ext, install, sdist, register, bdist, update_catalog, bdist_wheel, bdist_dumb, develop, setopt, install_scripts, build, install_egg_info, clean, build_py, alias
[0.832s] DEBUG:colcon.colcon_core.task.python.build:Available setuptools 'develop' options: --dry-run, --always-copy, --index-url, --local-snapshots-ok, --user, --uninstall, --verbose, --zip-ok, --help, --optimize, --no-find-links, --build-directory, --version, --prefix, --no-deps, --no-user-cfg, --find-links, --editable, --allow-hosts, --multi-version, --quiet, --force-installation-into-system-dir, --install-layout, --always-unzip, --record, --egg-path, --script-dir, --site-dirs, --upgrade, --exclude-scripts, --install-dir
[0.833s] DEBUG:colcon.colcon_core.event_handler.log_command:Invoking command in '/home/paneendra/vla_manipulation_ros2/build/vla_perception': DEBUGINFOD_URLS=https://debuginfod.ubuntu.com PYTHONPATH=/home/paneendra/vla_manipulation_ros2/build/vla_perception/prefix_override:/usr/lib/python3/dist-packages/colcon_core/task/python/colcon_distutils_commands:/home/paneendra/vla_manipulation_ros2/install/vla_perception/lib/python3.12/site-packages:${PYTHONPATH} /usr/bin/python3 -W ignore:setup.py install is deprecated -W ignore:easy_install command is deprecated setup.py develop --editable --build-directory /home/paneendra/vla_manipulation_ros2/build/vla_perception/build --no-deps symlink_data
[0.836s] DEBUG:colcon.colcon_core.task.python.build:Available setuptools 'develop' options: --dry-run, --always-copy, --index-url, --local-snapshots-ok, --user, --uninstall, --verbose, --zip-ok, --help, --optimize, --no-find-links, --build-directory, --version, --prefix, --no-deps, --no-user-cfg, --find-links, --editable, --allow-hosts, --multi-version, --quiet, --force-installation-into-system-dir, --install-layout, --always-unzip, --record, --egg-path, --script-dir, --site-dirs, --upgrade, --exclude-scripts, --install-dir
[0.837s] DEBUG:colcon.colcon_core.event_handler.log_command:Invoking command in '/home/paneendra/vla_manipulation_ros2/build/vla_spatial': DEBUGINFOD_URLS=https://debuginfod.ubuntu.com PYTHONPATH=/home/paneendra/vla_manipulation_ros2/build/vla_spatial/prefix_override:/usr/lib/python3/dist-packages/colcon_core/task/python/colcon_distutils_commands:/home/paneendra/vla_manipulation_ros2/install/vla_spatial/lib/python3.12/site-packages:${PYTHONPATH} /usr/bin/python3 -W ignore:setup.py install is deprecated -W ignore:easy_install command is deprecated setup.py develop --editable --build-directory /home/paneendra/vla_manipulation_ros2/build/vla_spatial/build --no-deps symlink_data
[1.143s] Level 1:colcon.colcon_core.shell:create_environment_hook('vla_perception', 'pythonpath_develop')
[1.144s] INFO:colcon.colcon_core.shell:Creating environment hook '/home/paneendra/vla_manipulation_ros2/build/vla_perception/share/vla_perception/hook/pythonpath_develop.ps1'
[1.144s] DEBUG:colcon.colcon_core.event_handler.log_command:Invoked command in '/home/paneendra/vla_manipulation_ros2/build/vla_perception' returned '0': DEBUGINFOD_URLS=https://debuginfod.ubuntu.com PYTHONPATH=/home/paneendra/vla_manipulation_ros2/build/vla_perception/prefix_override:/usr/lib/python3/dist-packages/colcon_core/task/python/colcon_distutils_commands:/home/paneendra/vla_manipulation_ros2/install/vla_perception/lib/python3.12/site-packages:${PYTHONPATH} /usr/bin/python3 -W ignore:setup.py install is deprecated -W ignore:easy_install command is deprecated setup.py develop --editable --build-directory /home/paneendra/vla_manipulation_ros2/build/vla_perception/build --no-deps symlink_data
[1.144s] INFO:colcon.colcon_core.shell:Creating environment descriptor '/home/paneendra/vla_manipulation_ros2/build/vla_perception/share/vla_perception/hook/pythonpath_develop.dsv'
[1.144s] INFO:colcon.colcon_core.shell:Creating environment hook '/home/paneendra/vla_manipulation_ros2/build/vla_perception/share/vla_perception/hook/pythonpath_develop.sh'
[1.145s] Level 1:colcon.colcon_core.environment:checking '/home/paneendra/vla_manipulation_ros2/install/vla_perception' for CMake module files
[1.145s] Level 1:colcon.colcon_core.environment:checking '/home/paneendra/vla_manipulation_ros2/install/vla_perception' for CMake config files
[1.145s] Level 1:colcon.colcon_core.environment:checking '/home/paneendra/vla_manipulation_ros2/install/vla_perception/lib'
[1.145s] Level 1:colcon.colcon_core.environment:checking '/home/paneendra/vla_manipulation_ros2/install/vla_perception/bin'
[1.145s] Level 1:colcon.colcon_core.environment:checking '/home/paneendra/vla_manipulation_ros2/install/vla_perception/lib/pkgconfig/vla_perception.pc'
[1.145s] Level 1:colcon.colcon_core.environment:checking '/home/paneendra/vla_manipulation_ros2/install/vla_perception/lib/python3.12/site-packages'
[1.145s] Level 1:colcon.colcon_core.shell:create_environment_hook('vla_perception', 'pythonpath')
[1.145s] INFO:colcon.colcon_core.shell:Creating environment hook '/home/paneendra/vla_manipulation_ros2/install/vla_perception/share/vla_perception/hook/pythonpath.ps1'
[1.146s] INFO:colcon.colcon_core.shell:Creating environment descriptor '/home/paneendra/vla_manipulation_ros2/install/vla_perception/share/vla_perception/hook/pythonpath.dsv'
[1.146s] INFO:colcon.colcon_core.shell:Creating environment hook '/home/paneendra/vla_manipulation_ros2/install/vla_perception/share/vla_perception/hook/pythonpath.sh'
[1.146s] Level 1:colcon.colcon_core.environment:checking '/home/paneendra/vla_manipulation_ros2/install/vla_perception/bin'
[1.146s] Level 1:colcon.colcon_core.environment:create_environment_scripts_only(vla_perception)
[1.146s] INFO:colcon.colcon_core.shell:Creating package script '/home/paneendra/vla_manipulation_ros2/install/vla_perception/share/vla_perception/package.ps1'
[1.146s] INFO:colcon.colcon_core.shell:Creating package descriptor '/home/paneendra/vla_manipulation_ros2/install/vla_perception/share/vla_perception/package.dsv'
[1.147s] INFO:colcon.colcon_core.shell:Creating package script '/home/paneendra/vla_manipulation_ros2/install/vla_perception/share/vla_perception/package.sh'
[1.147s] INFO:colcon.colcon_core.shell:Creating package script '/home/paneendra/vla_manipulation_ros2/install/vla_perception/share/vla_perception/package.bash'
[1.147s] INFO:colcon.colcon_core.shell:Creating package script '/home/paneendra/vla_manipulation_ros2/install/vla_perception/share/vla_perception/package.zsh'
[1.147s] Level 1:colcon.colcon_core.environment:create_file_with_runtime_dependencies(/home/paneendra/vla_manipulation_ros2/install/vla_perception/share/colcon-core/packages/vla_perception)
[1.148s] Level 1:colcon.colcon_core.shell:create_environment_hook('vla_spatial', 'pythonpath_develop')
[1.148s] INFO:colcon.colcon_core.shell:Creating environment hook '/home/paneendra/vla_manipulation_ros2/build/vla_spatial/share/vla_spatial/hook/pythonpath_develop.ps1'
[1.149s] DEBUG:colcon.colcon_core.event_handler.log_command:Invoked command in '/home/paneendra/vla_manipulation_ros2/build/vla_spatial' returned '0': DEBUGINFOD_URLS=https://debuginfod.ubuntu.com PYTHONPATH=/home/paneendra/vla_manipulation_ros2/build/vla_spatial/prefix_override:/usr/lib/python3/dist-packages/colcon_core/task/python/colcon_distutils_commands:/home/paneendra/vla_manipulation_ros2/install/vla_spatial/lib/python3.12/site-packages:${PYTHONPATH} /usr/bin/python3 -W ignore:setup.py install is deprecated -W ignore:easy_install command is deprecated setup.py develop --editable --build-directory /home/paneendra/vla_manipulation_ros2/build/vla_spatial/build --no-deps symlink_data
[1.149s] INFO:colcon.colcon_core.shell:Creating environment descriptor '/home/paneendra/vla_manipulation_ros2/build/vla_spatial/share/vla_spatial/hook/pythonpath_develop.dsv'
[1.149s] INFO:colcon.colcon_core.shell:Creating environment hook '/home/paneendra/vla_manipulation_ros2/build/vla_spatial/share/vla_spatial/hook/pythonpath_develop.sh'
[1.149s] Level 1:colcon.colcon_core.environment:checking '/home/paneendra/vla_manipulation_ros2/install/vla_spatial' for CMake module files
[1.150s] Level 1:colcon.colcon_core.environment:checking '/home/paneendra/vla_manipulation_ros2/install/vla_spatial' for CMake config files
[1.150s] Level 1:colcon.colcon_core.environment:checking '/home/paneendra/vla_manipulation_ros2/install/vla_spatial/lib'
[1.150s] Level 1:colcon.colcon_core.environment:checking '/home/paneendra/vla_manipulation_ros2/install/vla_spatial/bin'
[1.150s] Level 1:colcon.colcon_core.environment:checking '/home/paneendra/vla_manipulation_ros2/install/vla_spatial/lib/pkgconfig/vla_spatial.pc'
[1.150s] Level 1:colcon.colcon_core.environment:checking '/home/paneendra/vla_manipulation_ros2/install/vla_spatial/lib/python3.12/site-packages'
[1.151s] Level 1:colcon.colcon_core.shell:create_environment_hook('vla_spatial', 'pythonpath')
[1.151s] INFO:colcon.colcon_core.shell:Creating environment hook '/home/paneendra/vla_manipulation_ros2/install/vla_spatial/share/vla_spatial/hook/pythonpath.ps1'
[1.151s] INFO:colcon.colcon_core.shell:Creating environment descriptor '/home/paneendra/vla_manipulation_ros2/install/vla_spatial/share/vla_spatial/hook/pythonpath.dsv'
[1.151s] INFO:colcon.colcon_core.shell:Creating environment hook '/home/paneendra/vla_manipulation_ros2/install/vla_spatial/share/vla_spatial/hook/pythonpath.sh'
[1.152s] Level 1:colcon.colcon_core.environment:checking '/home/paneendra/vla_manipulation_ros2/install/vla_spatial/bin'
[1.152s] Level 1:colcon.colcon_core.environment:create_environment_scripts_only(vla_spatial)
[1.152s] INFO:colcon.colcon_core.shell:Creating package script '/home/paneendra/vla_manipulation_ros2/install/vla_spatial/share/vla_spatial/package.ps1'
[1.153s] INFO:colcon.colcon_core.shell:Creating package descriptor '/home/paneendra/vla_manipulation_ros2/install/vla_spatial/share/vla_spatial/package.dsv'
[1.153s] INFO:colcon.colcon_core.shell:Creating package script '/home/paneendra/vla_manipulation_ros2/install/vla_spatial/share/vla_spatial/package.sh'
[1.153s] INFO:colcon.colcon_core.shell:Creating package script '/home/paneendra/vla_manipulation_ros2/install/vla_spatial/share/vla_spatial/package.bash'
[1.153s] INFO:colcon.colcon_core.shell:Creating package script '/home/paneendra/vla_manipulation_ros2/install/vla_spatial/share/vla_spatial/package.zsh'
[1.154s] Level 1:colcon.colcon_core.environment:create_file_with_runtime_dependencies(/home/paneendra/vla_manipulation_ros2/install/vla_spatial/share/colcon-core/packages/vla_spatial)
[1.154s] DEBUG:colcon.colcon_parallel_executor.executor.parallel:closing loop
[1.154s] DEBUG:colcon.colcon_parallel_executor.executor.parallel:loop closed
[1.154s] DEBUG:colcon.colcon_parallel_executor.executor.parallel:run_until_complete finished with '0'
[1.154s] DEBUG:colcon.colcon_core.event_reactor:joining thread
[1.159s] INFO:colcon.colcon_core.plugin_system:Skipping extension 'colcon_notification.desktop_notification.terminal_notifier': Not used on non-Darwin systems
[1.159s] INFO:colcon.colcon_core.plugin_system:Skipping extension 'colcon_notification.desktop_notification.win32': Not used on non-Windows systems
[1.159s] INFO:colcon.colcon_notification.desktop_notification:Sending desktop notification using 'notify2'
[1.167s] DEBUG:colcon.colcon_core.event_reactor:joined thread
[1.168s] INFO:colcon.colcon_core.shell:Creating prefix script '/home/paneendra/vla_manipulation_ros2/install/local_setup.ps1'
[1.169s] INFO:colcon.colcon_core.shell:Creating prefix util module '/home/paneendra/vla_manipulation_ros2/install/_local_setup_util_ps1.py'
[1.170s] INFO:colcon.colcon_core.shell:Creating prefix chain script '/home/paneendra/vla_manipulation_ros2/install/setup.ps1'
[1.171s] INFO:colcon.colcon_core.shell:Creating prefix script '/home/paneendra/vla_manipulation_ros2/install/local_setup.sh'
[1.171s] INFO:colcon.colcon_core.shell:Creating prefix util module '/home/paneendra/vla_manipulation_ros2/install/_local_setup_util_sh.py'
[1.172s] INFO:colcon.colcon_core.shell:Creating prefix chain script '/home/paneendra/vla_manipulation_ros2/install/setup.sh'
[1.173s] INFO:colcon.colcon_core.shell:Creating prefix script '/home/paneendra/vla_manipulation_ros2/install/local_setup.bash'
[1.173s] INFO:colcon.colcon_core.shell:Creating prefix chain script '/home/paneendra/vla_manipulation_ros2/install/setup.bash'
[1.174s] INFO:colcon.colcon_core.shell:Creating prefix script '/home/paneendra/vla_manipulation_ros2/install/local_setup.zsh'
[1.174s] INFO:colcon.colcon_core.shell:Creating prefix chain script '/home/paneendra/vla_manipulation_ros2/install/setup.zsh'
