[0.901s] Invoking command in '/home/paneendra/vla_manipulation_ros2/build/vla_spatial': DEBUGINFOD_URLS=https://debuginfod.ubuntu.com PYTHONPATH=/home/paneendra/vla_manipulation_ros2/build/vla_spatial/prefix_override:/usr/lib/python3/dist-packages/colcon_core/task/python/colcon_distutils_commands:/home/paneendra/vla_manipulation_ros2/install/vla_spatial/lib/python3.12/site-packages:${PYTHONPATH} /usr/bin/python3 -W ignore:setup.py install is deprecated -W ignore:easy_install command is deprecated setup.py develop --editable --build-directory /home/paneendra/vla_manipulation_ros2/build/vla_spatial/build --no-deps symlink_data
[1.092s] running develop
[1.201s] running egg_info
[1.201s] creating vla_spatial.egg-info
[1.212s] writing vla_spatial.egg-info/PKG-INFO
[1.212s] writing dependency_links to vla_spatial.egg-info/dependency_links.txt
[1.212s] writing entry points to vla_spatial.egg-info/entry_points.txt
[1.212s] writing requirements to vla_spatial.egg-info/requires.txt
[1.212s] writing top-level names to vla_spatial.egg-info/top_level.txt
[1.212s] writing manifest file 'vla_spatial.egg-info/SOURCES.txt'
[1.233s] reading manifest file 'vla_spatial.egg-info/SOURCES.txt'
[1.234s] writing manifest file 'vla_spatial.egg-info/SOURCES.txt'
[1.245s] running build_ext
[1.245s] Creating /home/paneendra/vla_manipulation_ros2/install/vla_spatial/lib/python3.12/site-packages/vla-spatial.egg-link (link to .)
[1.245s] Installing spatial_node script to /home/paneendra/vla_manipulation_ros2/install/vla_spatial/lib/vla_spatial
[1.245s] 
[1.245s] Installed /home/paneendra/vla_manipulation_ros2/build/vla_spatial
[1.245s] running symlink_data
[1.245s] creating /home/paneendra/vla_manipulation_ros2/install/vla_spatial/share/ament_index
[1.245s] creating /home/paneendra/vla_manipulation_ros2/install/vla_spatial/share/ament_index/resource_index
[1.245s] creating /home/paneendra/vla_manipulation_ros2/install/vla_spatial/share/ament_index/resource_index/packages
[1.245s] symbolically linking /home/paneendra/vla_manipulation_ros2/build/vla_spatial/resource/vla_spatial -> /home/paneendra/vla_manipulation_ros2/install/vla_spatial/share/ament_index/resource_index/packages
[1.245s] symbolically linking /home/paneendra/vla_manipulation_ros2/build/vla_spatial/package.xml -> /home/paneendra/vla_manipulation_ros2/install/vla_spatial/share/vla_spatial
[1.262s] Invoked command in '/home/paneendra/vla_manipulation_ros2/build/vla_spatial' returned '0': DEBUGINFOD_URLS=https://debuginfod.ubuntu.com PYTHONPATH=/home/paneendra/vla_manipulation_ros2/build/vla_spatial/prefix_override:/usr/lib/python3/dist-packages/colcon_core/task/python/colcon_distutils_commands:/home/paneendra/vla_manipulation_ros2/install/vla_spatial/lib/python3.12/site-packages:${PYTHONPATH} /usr/bin/python3 -W ignore:setup.py install is deprecated -W ignore:easy_install command is deprecated setup.py develop --editable --build-directory /home/paneendra/vla_manipulation_ros2/build/vla_spatial/build --no-deps symlink_data
