[0.006s] Invoking command in '/home/paneendra/vla_manipulation_ros2/build/vla_gazebo': CMAKE_PREFIX_PATH=${CMAKE_PREFIX_PATH}:/opt/ros/jazzy DEBUGINFOD_URLS=https://debuginfod.ubuntu.com /usr/bin/cmake /home/paneendra/vla_manipulation_ros2/src/vla_gazebo -DAMENT_CMAKE_SYMLINK_INSTALL=1 -DCMAKE_INSTALL_PREFIX=/home/paneendra/vla_manipulation_ros2/install/vla_gazebo
[0.047s] -- The C compiler identification is GNU 13.3.0
[0.078s] -- The CXX compiler identification is GNU 13.3.0
[0.090s] -- Detecting C compiler ABI info
[0.147s] -- Detecting C compiler ABI info - done
[0.154s] -- Check for working C compiler: /usr/bin/cc - skipped
[0.154s] -- Detecting C compile features
[0.154s] -- Detecting C compile features - done
[0.162s] -- Detecting CXX compiler ABI info
[0.228s] -- Detecting CXX compiler ABI info - done
[0.232s] -- Check for working CXX compiler: /usr/bin/c++ - skipped
[0.232s] -- Detecting CXX compile features
[0.233s] -- Detecting CXX compile features - done
[0.235s] -- Found ament_cmake: 2.5.6 (/opt/ros/jazzy/share/ament_cmake/cmake)
[0.323s] -- Found Python3: /usr/bin/python3 (found version "3.12.3") found components: Interpreter 
[0.360s] -- Override CMake install command with custom implementation using symlinks instead of copying resources
[0.386s] -- Found ament_lint_auto: 0.17.5 (/opt/ros/jazzy/share/ament_lint_auto/cmake)
[0.448s] -- Added test 'flake8' to check Python code syntax and style conventions
[0.448s] -- Configured 'flake8' exclude dirs and/or files: 
[0.449s] -- Added test 'lint_cmake' to check CMake code style
[0.449s] -- Added test 'pep257' to check Python code against some of the docstring style conventions in PEP 257
[0.450s] -- Added test 'xmllint' to check XML markup files
[0.450s] -- Configuring done (0.4s)
[0.451s] -- Generating done (0.0s)
[0.452s] -- Build files have been written to: /home/paneendra/vla_manipulation_ros2/build/vla_gazebo
[0.457s] Invoked command in '/home/paneendra/vla_manipulation_ros2/build/vla_gazebo' returned '0': CMAKE_PREFIX_PATH=${CMAKE_PREFIX_PATH}:/opt/ros/jazzy DEBUGINFOD_URLS=https://debuginfod.ubuntu.com /usr/bin/cmake /home/paneendra/vla_manipulation_ros2/src/vla_gazebo -DAMENT_CMAKE_SYMLINK_INSTALL=1 -DCMAKE_INSTALL_PREFIX=/home/paneendra/vla_manipulation_ros2/install/vla_gazebo
[0.457s] Invoking command in '/home/paneendra/vla_manipulation_ros2/build/vla_gazebo': CMAKE_PREFIX_PATH=${CMAKE_PREFIX_PATH}:/opt/ros/jazzy DEBUGINFOD_URLS=https://debuginfod.ubuntu.com /usr/bin/cmake --build /home/paneendra/vla_manipulation_ros2/build/vla_gazebo -- -j32 -l32
[0.487s] Invoked command in '/home/paneendra/vla_manipulation_ros2/build/vla_gazebo' returned '0': CMAKE_PREFIX_PATH=${CMAKE_PREFIX_PATH}:/opt/ros/jazzy DEBUGINFOD_URLS=https://debuginfod.ubuntu.com /usr/bin/cmake --build /home/paneendra/vla_manipulation_ros2/build/vla_gazebo -- -j32 -l32
[0.495s] Invoking command in '/home/paneendra/vla_manipulation_ros2/build/vla_gazebo': CMAKE_PREFIX_PATH=${CMAKE_PREFIX_PATH}:/opt/ros/jazzy DEBUGINFOD_URLS=https://debuginfod.ubuntu.com /usr/bin/cmake --install /home/paneendra/vla_manipulation_ros2/build/vla_gazebo
[0.500s] -- Install configuration: ""
[0.501s] -- Execute custom install script
[0.501s] -- Symlinking: /home/paneendra/vla_manipulation_ros2/install/vla_gazebo/share/vla_gazebo/launch/sim.launch.py
[0.508s] -- Symlinking: /home/paneendra/vla_manipulation_ros2/install/vla_gazebo/share/vla_gazebo/worlds/vla_world.sdf
[0.513s] -- Symlinking: /home/paneendra/vla_manipulation_ros2/install/vla_gazebo/share/vla_gazebo/models/red_block/model.config
[0.519s] -- Symlinking: /home/paneendra/vla_manipulation_ros2/install/vla_gazebo/share/vla_gazebo/models/red_block/model.sdf
[0.525s] -- Symlinking: /home/paneendra/vla_manipulation_ros2/install/vla_gazebo/share/ament_index/resource_index/package_run_dependencies/vla_gazebo
[0.532s] -- Symlinking: /home/paneendra/vla_manipulation_ros2/install/vla_gazebo/share/ament_index/resource_index/parent_prefix_path/vla_gazebo
[0.536s] -- Symlinking: /home/paneendra/vla_manipulation_ros2/install/vla_gazebo/share/vla_gazebo/environment/ament_prefix_path.sh
[0.541s] -- Symlinking: /home/paneendra/vla_manipulation_ros2/install/vla_gazebo/share/vla_gazebo/environment/ament_prefix_path.dsv
[0.545s] -- Symlinking: /home/paneendra/vla_manipulation_ros2/install/vla_gazebo/share/vla_gazebo/environment/path.sh
[0.551s] -- Symlinking: /home/paneendra/vla_manipulation_ros2/install/vla_gazebo/share/vla_gazebo/environment/path.dsv
[0.557s] -- Symlinking: /home/paneendra/vla_manipulation_ros2/install/vla_gazebo/share/vla_gazebo/local_setup.bash
[0.562s] -- Symlinking: /home/paneendra/vla_manipulation_ros2/install/vla_gazebo/share/vla_gazebo/local_setup.sh
[0.567s] -- Symlinking: /home/paneendra/vla_manipulation_ros2/install/vla_gazebo/share/vla_gazebo/local_setup.zsh
[0.574s] -- Symlinking: /home/paneendra/vla_manipulation_ros2/install/vla_gazebo/share/vla_gazebo/local_setup.dsv
[0.581s] -- Symlinking: /home/paneendra/vla_manipulation_ros2/install/vla_gazebo/share/vla_gazebo/package.dsv
[0.585s] -- Symlinking: /home/paneendra/vla_manipulation_ros2/install/vla_gazebo/share/ament_index/resource_index/packages/vla_gazebo
[0.591s] -- Symlinking: /home/paneendra/vla_manipulation_ros2/install/vla_gazebo/share/vla_gazebo/cmake/vla_gazeboConfig.cmake
[0.597s] -- Symlinking: /home/paneendra/vla_manipulation_ros2/install/vla_gazebo/share/vla_gazebo/cmake/vla_gazeboConfig-version.cmake
[0.603s] -- Symlinking: /home/paneendra/vla_manipulation_ros2/install/vla_gazebo/share/vla_gazebo/package.xml
[0.610s] Invoked command in '/home/paneendra/vla_manipulation_ros2/build/vla_gazebo' returned '0': CMAKE_PREFIX_PATH=${CMAKE_PREFIX_PATH}:/opt/ros/jazzy DEBUGINFOD_URLS=https://debuginfod.ubuntu.com /usr/bin/cmake --install /home/paneendra/vla_manipulation_ros2/build/vla_gazebo
