[ 50%] [32mBuilding CXX object CMakeFiles/moveit_wrapper_node.dir/src/moveit_wrapper_node.cpp.o[0m
[100%] [32m[1mLinking CXX executable moveit_wrapper_node[0m
[100%] Built target moveit_wrapper_node
-- Install configuration: ""
-- Execute custom install script
-- Up-to-date symlink: /home/paneendra/vla_manipulation_ros2/install/vla_execution/lib/vla_execution/moveit_wrapper_node
-- Up-to-date symlink: /home/paneendra/vla_manipulation_ros2/install/vla_execution/share/ament_index/resource_index/package_run_dependencies/vla_execution
-- Up-to-date symlink: /home/paneendra/vla_manipulation_ros2/install/vla_execution/share/ament_index/resource_index/parent_prefix_path/vla_execution
-- Up-to-date symlink: /home/paneendra/vla_manipulation_ros2/install/vla_execution/share/vla_execution/environment/ament_prefix_path.sh
-- Up-to-date symlink: /home/paneendra/vla_manipulation_ros2/install/vla_execution/share/vla_execution/environment/ament_prefix_path.dsv
-- Up-to-date symlink: /home/paneendra/vla_manipulation_ros2/install/vla_execution/share/vla_execution/environment/path.sh
-- Up-to-date symlink: /home/paneendra/vla_manipulation_ros2/install/vla_execution/share/vla_execution/environment/path.dsv
-- Up-to-date symlink: /home/paneendra/vla_manipulation_ros2/install/vla_execution/share/vla_execution/local_setup.bash
-- Up-to-date symlink: /home/paneendra/vla_manipulation_ros2/install/vla_execution/share/vla_execution/local_setup.sh
-- Up-to-date symlink: /home/paneendra/vla_manipulation_ros2/install/vla_execution/share/vla_execution/local_setup.zsh
-- Up-to-date symlink: /home/paneendra/vla_manipulation_ros2/install/vla_execution/share/vla_execution/local_setup.dsv
-- Symlinking: /home/paneendra/vla_manipulation_ros2/install/vla_execution/share/vla_execution/package.dsv
-- Up-to-date symlink: /home/paneendra/vla_manipulation_ros2/install/vla_execution/share/ament_index/resource_index/packages/vla_execution
-- Up-to-date symlink: /home/paneendra/vla_manipulation_ros2/install/vla_execution/share/vla_execution/cmake/vla_executionConfig.cmake
-- Up-to-date symlink: /home/paneendra/vla_manipulation_ros2/install/vla_execution/share/vla_execution/cmake/vla_executionConfig-version.cmake
-- Up-to-date symlink: /home/paneendra/vla_manipulation_ros2/install/vla_execution/share/vla_execution/package.xml
