[0.074s] DEBUG:colcon:Command line arguments: ['/usr/bin/colcon', 'build', '--symlink-install', '--packages-select', 'vla_spatial', 'vla_execution', 'vla_gazebo']
[0.074s] DEBUG:colcon:Parsed command line arguments: Namespace(log_base=None, log_level=None, verb_name='build', build_base='build', install_base='install', merge_install=False, symlink_install=True, test_result_base=None, continue_on_error=False, executor='parallel', parallel_workers=32, event_handlers=None, ignore_user_meta=False, metas=['./colcon.meta'], base_paths=['.'], packages_ignore=None, packages_ignore_regex=None, paths=None, packages_up_to=None, packages_up_to_regex=None, packages_above=None, packages_above_and_dependencies=None, packages_above_depth=None, packages_select_by_dep=None, packages_skip_by_dep=None, packages_skip_up_to=None, packages_select_build_failed=False, packages_skip_build_finished=False, packages_select_test_failures=False, packages_skip_test_passed=False, packages_select=['vla_spatial', 'vla_execution', 'vla_gazebo'], packages_skip=None, packages_select_regex=None, packages_skip_regex=None, packages_start=None, packages_end=None, allow_overriding=[], cmake_args=None, cmake_target=None, cmake_target_skip_unavailable=False, cmake_clean_cache=False, cmake_clean_first=False, cmake_force_configure=False, ament_cmake_args=None, catkin_cmake_args=None, catkin_skip_building_tests=False, mixin_files=None, mixin=None, verb_parser=<colcon_mixin.mixin.mixin_argument.MixinArgumentDecorator object at 0x79ea1a3b9100>, verb_extension=<colcon_core.verb.build.BuildVerb object at 0x79ea1a4d5a60>, main=<bound method BuildVerb.main of <colcon_core.verb.build.BuildVerb object at 0x79ea1a4d5a60>>, mixin_verb=('build',))
[0.099s] Level 1:colcon.colcon_core.package_discovery:discover_packages(colcon_meta) check parameters
[0.099s] Level 1:colcon.colcon_core.package_discovery:discover_packages(recursive) check parameters
[0.099s] Level 1:colcon.colcon_core.package_discovery:discover_packages(ignore) check parameters
[0.099s] Level 1:colcon.colcon_core.package_discovery:discover_packages(path) check parameters
[0.099s] Level 1:colcon.colcon_core.package_discovery:discover_packages(colcon_meta) discover
[0.099s] Level 1:colcon.colcon_core.package_discovery:discover_packages(recursive) discover
[0.099s] INFO:colcon.colcon_core.package_discovery:Crawling recursively for packages in '/home/paneendra/vla_manipulation_ros2'
[0.099s] Level 1:colcon.colcon_core.package_identification:_identify(.) by extensions ['ignore', 'ignore_ament_install']
[0.099s] Level 1:colcon.colcon_core.package_identification:_identify(.) by extension 'ignore'
[0.100s] Level 1:colcon.colcon_core.package_identification:_identify(.) by extension 'ignore_ament_install'
[0.100s] Level 1:colcon.colcon_core.package_identification:_identify(.) by extensions ['colcon_pkg']
[0.100s] Level 1:colcon.colcon_core.package_identification:_identify(.) by extension 'colcon_pkg'
[0.100s] Level 1:colcon.colcon_core.package_identification:_identify(.) by extensions ['colcon_meta']
[0.100s] Level 1:colcon.colcon_core.package_identification:_identify(.) by extension 'colcon_meta'
[0.100s] Level 1:colcon.colcon_core.package_identification:_identify(.) by extensions ['ros']
[0.100s] Level 1:colcon.colcon_core.package_identification:_identify(.) by extension 'ros'
[0.118s] Level 1:colcon.colcon_core.package_identification:_identify(.) by extensions ['cmake', 'python']
[0.118s] Level 1:colcon.colcon_core.package_identification:_identify(.) by extension 'cmake'
[0.118s] Level 1:colcon.colcon_core.package_identification:_identify(.) by extension 'python'
[0.118s] Level 1:colcon.colcon_core.package_identification:_identify(.) by extensions ['python_setup_py']
[0.118s] Level 1:colcon.colcon_core.package_identification:_identify(.) by extension 'python_setup_py'
[0.119s] Level 1:colcon.colcon_core.package_identification:_identify(build) by extensions ['ignore', 'ignore_ament_install']
[0.119s] Level 1:colcon.colcon_core.package_identification:_identify(build) by extension 'ignore'
[0.119s] Level 1:colcon.colcon_core.package_identification:_identify(build) ignored
[0.119s] Level 1:colcon.colcon_core.package_identification:_identify(install) by extensions ['ignore', 'ignore_ament_install']
[0.119s] Level 1:colcon.colcon_core.package_identification:_identify(install) by extension 'ignore'
[0.119s] Level 1:colcon.colcon_core.package_identification:_identify(install) ignored
[0.119s] Level 1:colcon.colcon_core.package_identification:_identify(log) by extensions ['ignore', 'ignore_ament_install']
[0.119s] Level 1:colcon.colcon_core.package_identification:_identify(log) by extension 'ignore'
[0.119s] Level 1:colcon.colcon_core.package_identification:_identify(log) ignored
[0.119s] Level 1:colcon.colcon_core.package_identification:_identify(src) by extensions ['ignore', 'ignore_ament_install']
[0.119s] Level 1:colcon.colcon_core.package_identification:_identify(src) by extension 'ignore'
[0.119s] Level 1:colcon.colcon_core.package_identification:_identify(src) by extension 'ignore_ament_install'
[0.119s] Level 1:colcon.colcon_core.package_identification:_identify(src) by extensions ['colcon_pkg']
[0.119s] Level 1:colcon.colcon_core.package_identification:_identify(src) by extension 'colcon_pkg'
[0.119s] Level 1:colcon.colcon_core.package_identification:_identify(src) by extensions ['colcon_meta']
[0.119s] Level 1:colcon.colcon_core.package_identification:_identify(src) by extension 'colcon_meta'
[0.119s] Level 1:colcon.colcon_core.package_identification:_identify(src) by extensions ['ros']
[0.119s] Level 1:colcon.colcon_core.package_identification:_identify(src) by extension 'ros'
[0.119s] Level 1:colcon.colcon_core.package_identification:_identify(src) by extensions ['cmake', 'python']
[0.119s] Level 1:colcon.colcon_core.package_identification:_identify(src) by extension 'cmake'
[0.119s] Level 1:colcon.colcon_core.package_identification:_identify(src) by extension 'python'
[0.119s] Level 1:colcon.colcon_core.package_identification:_identify(src) by extensions ['python_setup_py']
[0.119s] Level 1:colcon.colcon_core.package_identification:_identify(src) by extension 'python_setup_py'
[0.119s] Level 1:colcon.colcon_core.package_identification:_identify(src/vla_bringup) by extensions ['ignore', 'ignore_ament_install']
[0.119s] Level 1:colcon.colcon_core.package_identification:_identify(src/vla_bringup) by extension 'ignore'
[0.119s] Level 1:colcon.colcon_core.package_identification:_identify(src/vla_bringup) by extension 'ignore_ament_install'
[0.119s] Level 1:colcon.colcon_core.package_identification:_identify(src/vla_bringup) by extensions ['colcon_pkg']
[0.119s] Level 1:colcon.colcon_core.package_identification:_identify(src/vla_bringup) by extension 'colcon_pkg'
[0.120s] Level 1:colcon.colcon_core.package_identification:_identify(src/vla_bringup) by extensions ['colcon_meta']
[0.120s] Level 1:colcon.colcon_core.package_identification:_identify(src/vla_bringup) by extension 'colcon_meta'
[0.120s] Level 1:colcon.colcon_core.package_identification:_identify(src/vla_bringup) by extensions ['ros']
[0.120s] Level 1:colcon.colcon_core.package_identification:_identify(src/vla_bringup) by extension 'ros'
[0.121s] DEBUG:colcon.colcon_core.package_identification:Package 'src/vla_bringup' with type 'ros.ament_cmake' and name 'vla_bringup'
[0.121s] Level 1:colcon.colcon_core.package_identification:_identify(src/vla_execution) by extensions ['ignore', 'ignore_ament_install']
[0.121s] Level 1:colcon.colcon_core.package_identification:_identify(src/vla_execution) by extension 'ignore'
[0.121s] Level 1:colcon.colcon_core.package_identification:_identify(src/vla_execution) by extension 'ignore_ament_install'
[0.122s] Level 1:colcon.colcon_core.package_identification:_identify(src/vla_execution) by extensions ['colcon_pkg']
[0.122s] Level 1:colcon.colcon_core.package_identification:_identify(src/vla_execution) by extension 'colcon_pkg'
[0.122s] Level 1:colcon.colcon_core.package_identification:_identify(src/vla_execution) by extensions ['colcon_meta']
[0.122s] Level 1:colcon.colcon_core.package_identification:_identify(src/vla_execution) by extension 'colcon_meta'
[0.122s] Level 1:colcon.colcon_core.package_identification:_identify(src/vla_execution) by extensions ['ros']
[0.122s] Level 1:colcon.colcon_core.package_identification:_identify(src/vla_execution) by extension 'ros'
[0.122s] DEBUG:colcon.colcon_core.package_identification:Package 'src/vla_execution' with type 'ros.ament_cmake' and name 'vla_execution'
[0.122s] Level 1:colcon.colcon_core.package_identification:_identify(src/vla_gazebo) by extensions ['ignore', 'ignore_ament_install']
[0.122s] Level 1:colcon.colcon_core.package_identification:_identify(src/vla_gazebo) by extension 'ignore'
[0.122s] Level 1:colcon.colcon_core.package_identification:_identify(src/vla_gazebo) by extension 'ignore_ament_install'
[0.122s] Level 1:colcon.colcon_core.package_identification:_identify(src/vla_gazebo) by extensions ['colcon_pkg']
[0.122s] Level 1:colcon.colcon_core.package_identification:_identify(src/vla_gazebo) by extension 'colcon_pkg'
[0.122s] Level 1:colcon.colcon_core.package_identification:_identify(src/vla_gazebo) by extensions ['colcon_meta']
[0.122s] Level 1:colcon.colcon_core.package_identification:_identify(src/vla_gazebo) by extension 'colcon_meta'
[0.122s] Level 1:colcon.colcon_core.package_identification:_identify(src/vla_gazebo) by extensions ['ros']
[0.122s] Level 1:colcon.colcon_core.package_identification:_identify(src/vla_gazebo) by extension 'ros'
[0.123s] DEBUG:colcon.colcon_core.package_identification:Package 'src/vla_gazebo' with type 'ros.ament_cmake' and name 'vla_gazebo'
[0.123s] Level 1:colcon.colcon_core.package_identification:_identify(src/vla_perception) by extensions ['ignore', 'ignore_ament_install']
[0.123s] Level 1:colcon.colcon_core.package_identification:_identify(src/vla_perception) by extension 'ignore'
[0.123s] Level 1:colcon.colcon_core.package_identification:_identify(src/vla_perception) by extension 'ignore_ament_install'
[0.123s] Level 1:colcon.colcon_core.package_identification:_identify(src/vla_perception) by extensions ['colcon_pkg']
[0.123s] Level 1:colcon.colcon_core.package_identification:_identify(src/vla_perception) by extension 'colcon_pkg'
[0.123s] Level 1:colcon.colcon_core.package_identification:_identify(src/vla_perception) by extensions ['colcon_meta']
[0.123s] Level 1:colcon.colcon_core.package_identification:_identify(src/vla_perception) by extension 'colcon_meta'
[0.123s] Level 1:colcon.colcon_core.package_identification:_identify(src/vla_perception) by extensions ['ros']
[0.123s] Level 1:colcon.colcon_core.package_identification:_identify(src/vla_perception) by extension 'ros'
[0.123s] DEBUG:colcon.colcon_core.package_identification:Package 'src/vla_perception' with type 'ros.ament_python' and name 'vla_perception'
[0.123s] Level 1:colcon.colcon_core.package_identification:_identify(src/vla_spatial) by extensions ['ignore', 'ignore_ament_install']
[0.123s] Level 1:colcon.colcon_core.package_identification:_identify(src/vla_spatial) by extension 'ignore'
[0.123s] Level 1:colcon.colcon_core.package_identification:_identify(src/vla_spatial) by extension 'ignore_ament_install'
[0.123s] Level 1:colcon.colcon_core.package_identification:_identify(src/vla_spatial) by extensions ['colcon_pkg']
[0.123s] Level 1:colcon.colcon_core.package_identification:_identify(src/vla_spatial) by extension 'colcon_pkg'
[0.123s] Level 1:colcon.colcon_core.package_identification:_identify(src/vla_spatial) by extensions ['colcon_meta']
[0.123s] Level 1:colcon.colcon_core.package_identification:_identify(src/vla_spatial) by extension 'colcon_meta'
[0.123s] Level 1:colcon.colcon_core.package_identification:_identify(src/vla_spatial) by extensions ['ros']
[0.123s] Level 1:colcon.colcon_core.package_identification:_identify(src/vla_spatial) by extension 'ros'
[0.124s] DEBUG:colcon.colcon_core.package_identification:Package 'src/vla_spatial' with type 'ros.ament_python' and name 'vla_spatial'
[0.124s] Level 1:colcon.colcon_core.package_discovery:discover_packages(recursive) using defaults
[0.124s] Level 1:colcon.colcon_core.package_discovery:discover_packages(ignore) discover
[0.124s] Level 1:colcon.colcon_core.package_discovery:discover_packages(ignore) using defaults
[0.124s] Level 1:colcon.colcon_core.package_discovery:discover_packages(path) discover
[0.124s] Level 1:colcon.colcon_core.package_discovery:discover_packages(path) using defaults
[0.136s] INFO:colcon.colcon_core.package_selection:Skipping not selected package 'vla_bringup' in 'src/vla_bringup'
[0.136s] INFO:colcon.colcon_core.package_selection:Skipping not selected package 'vla_perception' in 'src/vla_perception'
[0.137s] Level 1:colcon.colcon_core.package_discovery:discover_packages(prefix_path) check parameters
[0.137s] Level 1:colcon.colcon_core.package_discovery:discover_packages(prefix_path) discover
[0.138s] DEBUG:colcon.colcon_installed_package_information.package_discovery:Found 458 installed packages in /opt/ros/jazzy
[0.140s] Level 1:colcon.colcon_core.package_discovery:discover_packages(prefix_path) using defaults
[0.176s] Level 5:colcon.colcon_core.verb:set package 'vla_execution' build argument 'cmake_args' from command line to 'None'
[0.176s] Level 5:colcon.colcon_core.verb:set package 'vla_execution' build argument 'cmake_target' from command line to 'None'
[0.176s] Level 5:colcon.colcon_core.verb:set package 'vla_execution' build argument 'cmake_target_skip_unavailable' from command line to 'False'
[0.176s] Level 5:colcon.colcon_core.verb:set package 'vla_execution' build argument 'cmake_clean_cache' from command line to 'False'
[0.176s] Level 5:colcon.colcon_core.verb:set package 'vla_execution' build argument 'cmake_clean_first' from command line to 'False'
[0.176s] Level 5:colcon.colcon_core.verb:set package 'vla_execution' build argument 'cmake_force_configure' from command line to 'False'
[0.176s] Level 5:colcon.colcon_core.verb:set package 'vla_execution' build argument 'ament_cmake_args' from command line to 'None'
[0.176s] Level 5:colcon.colcon_core.verb:set package 'vla_execution' build argument 'catkin_cmake_args' from command line to 'None'
[0.176s] Level 5:colcon.colcon_core.verb:set package 'vla_execution' build argument 'catkin_skip_building_tests' from command line to 'False'
[0.177s] DEBUG:colcon.colcon_core.verb:Building package 'vla_execution' with the following arguments: {'ament_cmake_args': None, 'build_base': '/home/paneendra/vla_manipulation_ros2/build/vla_execution', 'catkin_cmake_args': None, 'catkin_skip_building_tests': False, 'cmake_args': None, 'cmake_clean_cache': False, 'cmake_clean_first': False, 'cmake_force_configure': False, 'cmake_target': None, 'cmake_target_skip_unavailable': False, 'install_base': '/home/paneendra/vla_manipulation_ros2/install/vla_execution', 'merge_install': False, 'path': '/home/paneendra/vla_manipulation_ros2/src/vla_execution', 'symlink_install': True, 'test_result_base': None}
[0.177s] Level 5:colcon.colcon_core.verb:set package 'vla_gazebo' build argument 'cmake_args' from command line to 'None'
[0.177s] Level 5:colcon.colcon_core.verb:set package 'vla_gazebo' build argument 'cmake_target' from command line to 'None'
[0.177s] Level 5:colcon.colcon_core.verb:set package 'vla_gazebo' build argument 'cmake_target_skip_unavailable' from command line to 'False'
[0.177s] Level 5:colcon.colcon_core.verb:set package 'vla_gazebo' build argument 'cmake_clean_cache' from command line to 'False'
[0.177s] Level 5:colcon.colcon_core.verb:set package 'vla_gazebo' build argument 'cmake_clean_first' from command line to 'False'
[0.177s] Level 5:colcon.colcon_core.verb:set package 'vla_gazebo' build argument 'cmake_force_configure' from command line to 'False'
[0.177s] Level 5:colcon.colcon_core.verb:set package 'vla_gazebo' build argument 'ament_cmake_args' from command line to 'None'
[0.177s] Level 5:colcon.colcon_core.verb:set package 'vla_gazebo' build argument 'catkin_cmake_args' from command line to 'None'
[0.177s] Level 5:colcon.colcon_core.verb:set package 'vla_gazebo' build argument 'catkin_skip_building_tests' from command line to 'False'
[0.177s] DEBUG:colcon.colcon_core.verb:Building package 'vla_gazebo' with the following arguments: {'ament_cmake_args': None, 'build_base': '/home/paneendra/vla_manipulation_ros2/build/vla_gazebo', 'catkin_cmake_args': None, 'catkin_skip_building_tests': False, 'cmake_args': None, 'cmake_clean_cache': False, 'cmake_clean_first': False, 'cmake_force_configure': False, 'cmake_target': None, 'cmake_target_skip_unavailable': False, 'install_base': '/home/paneendra/vla_manipulation_ros2/install/vla_gazebo', 'merge_install': False, 'path': '/home/paneendra/vla_manipulation_ros2/src/vla_gazebo', 'symlink_install': True, 'test_result_base': None}
[0.177s] Level 5:colcon.colcon_core.verb:set package 'vla_spatial' build argument 'cmake_args' from command line to 'None'
[0.177s] Level 5:colcon.colcon_core.verb:set package 'vla_spatial' build argument 'cmake_target' from command line to 'None'
[0.177s] Level 5:colcon.colcon_core.verb:set package 'vla_spatial' build argument 'cmake_target_skip_unavailable' from command line to 'False'
[0.177s] Level 5:colcon.colcon_core.verb:set package 'vla_spatial' build argument 'cmake_clean_cache' from command line to 'False'
[0.177s] Level 5:colcon.colcon_core.verb:set package 'vla_spatial' build argument 'cmake_clean_first' from command line to 'False'
[0.177s] Level 5:colcon.colcon_core.verb:set package 'vla_spatial' build argument 'cmake_force_configure' from command line to 'False'
[0.177s] Level 5:colcon.colcon_core.verb:set package 'vla_spatial' build argument 'ament_cmake_args' from command line to 'None'
[0.177s] Level 5:colcon.colcon_core.verb:set package 'vla_spatial' build argument 'catkin_cmake_args' from command line to 'None'
[0.177s] Level 5:colcon.colcon_core.verb:set package 'vla_spatial' build argument 'catkin_skip_building_tests' from command line to 'False'
[0.177s] DEBUG:colcon.colcon_core.verb:Building package 'vla_spatial' with the following arguments: {'ament_cmake_args': None, 'build_base': '/home/paneendra/vla_manipulation_ros2/build/vla_spatial', 'catkin_cmake_args': None, 'catkin_skip_building_tests': False, 'cmake_args': None, 'cmake_clean_cache': False, 'cmake_clean_first': False, 'cmake_force_configure': False, 'cmake_target': None, 'cmake_target_skip_unavailable': False, 'install_base': '/home/paneendra/vla_manipulation_ros2/install/vla_spatial', 'merge_install': False, 'path': '/home/paneendra/vla_manipulation_ros2/src/vla_spatial', 'symlink_install': True, 'test_result_base': None}
[0.177s] INFO:colcon.colcon_core.executor:Executing jobs using 'parallel' executor
[0.178s] DEBUG:colcon.colcon_parallel_executor.executor.parallel:run_until_complete
[0.178s] INFO:colcon.colcon_ros.task.ament_cmake.build:Building ROS package in '/home/paneendra/vla_manipulation_ros2/src/vla_execution' with build type 'ament_cmake'
[0.178s] INFO:colcon.colcon_cmake.task.cmake.build:Building CMake package in '/home/paneendra/vla_manipulation_ros2/src/vla_execution'
[0.180s] INFO:colcon.colcon_core.plugin_system:Skipping extension 'colcon_core.shell.bat': Not used on non-Windows systems
[0.180s] INFO:colcon.colcon_core.shell:Skip shell extension 'powershell' for command environment: Not usable outside of PowerShell
[0.180s] DEBUG:colcon.colcon_core.shell:Skip shell extension 'dsv' for command environment
[0.182s] INFO:colcon.colcon_ros.task.ament_cmake.build:Building ROS package in '/home/paneendra/vla_manipulation_ros2/src/vla_gazebo' with build type 'ament_cmake'
[0.183s] INFO:colcon.colcon_cmake.task.cmake.build:Building CMake package in '/home/paneendra/vla_manipulation_ros2/src/vla_gazebo'
[0.183s] INFO:colcon.colcon_core.shell:Skip shell extension 'powershell' for command environment: Not usable outside of PowerShell
[0.183s] DEBUG:colcon.colcon_core.shell:Skip shell extension 'dsv' for command environment
[0.187s] INFO:colcon.colcon_ros.task.ament_python.build:Building ROS package in '/home/paneendra/vla_manipulation_ros2/src/vla_spatial' with build type 'ament_python'
[0.187s] Level 1:colcon.colcon_core.shell:create_environment_hook('vla_spatial', 'ament_prefix_path')
[0.187s] INFO:colcon.colcon_core.shell:Creating environment hook '/home/paneendra/vla_manipulation_ros2/install/vla_spatial/share/vla_spatial/hook/ament_prefix_path.ps1'
[0.187s] INFO:colcon.colcon_core.shell:Creating environment descriptor '/home/paneendra/vla_manipulation_ros2/install/vla_spatial/share/vla_spatial/hook/ament_prefix_path.dsv'
[0.188s] INFO:colcon.colcon_core.shell:Creating environment hook '/home/paneendra/vla_manipulation_ros2/install/vla_spatial/share/vla_spatial/hook/ament_prefix_path.sh'
[0.188s] INFO:colcon.colcon_core.shell:Skip shell extension 'powershell' for command environment: Not usable outside of PowerShell
[0.188s] DEBUG:colcon.colcon_core.shell:Skip shell extension 'dsv' for command environment
[0.196s] DEBUG:colcon.colcon_core.event_handler.log_command:Invoking command in '/home/paneendra/vla_manipulation_ros2/build/vla_execution': CMAKE_PREFIX_PATH=${CMAKE_PREFIX_PATH}:/opt/ros/jazzy DEBUGINFOD_URLS=https://debuginfod.ubuntu.com /usr/bin/cmake --build /home/paneendra/vla_manipulation_ros2/build/vla_execution -- -j32 -l32
[0.198s] DEBUG:colcon.colcon_core.event_handler.log_command:Invoking command in '/home/paneendra/vla_manipulation_ros2/build/vla_gazebo': CMAKE_PREFIX_PATH=${CMAKE_PREFIX_PATH}:/opt/ros/jazzy DEBUGINFOD_URLS=https://debuginfod.ubuntu.com /usr/bin/cmake --build /home/paneendra/vla_manipulation_ros2/build/vla_gazebo -- -j32 -l32
[0.388s] INFO:colcon.colcon_core.task.python.build:Building Python package in '/home/paneendra/vla_manipulation_ros2/src/vla_spatial'
[0.388s] INFO:colcon.colcon_core.shell:Skip shell extension 'powershell' for command environment: Not usable outside of PowerShell
[0.388s] DEBUG:colcon.colcon_core.shell:Skip shell extension 'dsv' for command environment
[0.392s] DEBUG:colcon.colcon_core.event_handler.log_command:Invoked command in '/home/paneendra/vla_manipulation_ros2/build/vla_gazebo' returned '0': CMAKE_PREFIX_PATH=${CMAKE_PREFIX_PATH}:/opt/ros/jazzy DEBUGINFOD_URLS=https://debuginfod.ubuntu.com /usr/bin/cmake --build /home/paneendra/vla_manipulation_ros2/build/vla_gazebo -- -j32 -l32
[0.399s] DEBUG:colcon.colcon_core.event_handler.log_command:Invoking command in '/home/paneendra/vla_manipulation_ros2/build/vla_gazebo': CMAKE_PREFIX_PATH=${CMAKE_PREFIX_PATH}:/opt/ros/jazzy DEBUGINFOD_URLS=https://debuginfod.ubuntu.com /usr/bin/cmake --install /home/paneendra/vla_manipulation_ros2/build/vla_gazebo
[0.419s] Level 1:colcon.colcon_core.environment:create_environment_scripts_only(vla_gazebo)
[0.420s] DEBUG:colcon.colcon_core.event_handler.log_command:Invoked command in '/home/paneendra/vla_manipulation_ros2/build/vla_gazebo' returned '0': CMAKE_PREFIX_PATH=${CMAKE_PREFIX_PATH}:/opt/ros/jazzy DEBUGINFOD_URLS=https://debuginfod.ubuntu.com /usr/bin/cmake --install /home/paneendra/vla_manipulation_ros2/build/vla_gazebo
[0.422s] Level 1:colcon.colcon_core.environment:checking '/home/paneendra/vla_manipulation_ros2/install/vla_gazebo' for CMake module files
[0.422s] Level 1:colcon.colcon_core.environment:checking '/home/paneendra/vla_manipulation_ros2/install/vla_gazebo' for CMake config files
[0.423s] Level 1:colcon.colcon_core.shell:create_environment_hook('vla_gazebo', 'cmake_prefix_path')
[0.423s] INFO:colcon.colcon_core.shell:Creating environment hook '/home/paneendra/vla_manipulation_ros2/install/vla_gazebo/share/vla_gazebo/hook/cmake_prefix_path.ps1'
[0.423s] INFO:colcon.colcon_core.shell:Creating environment descriptor '/home/paneendra/vla_manipulation_ros2/install/vla_gazebo/share/vla_gazebo/hook/cmake_prefix_path.dsv'
[0.424s] INFO:colcon.colcon_core.shell:Creating environment hook '/home/paneendra/vla_manipulation_ros2/install/vla_gazebo/share/vla_gazebo/hook/cmake_prefix_path.sh'
[0.424s] Level 1:colcon.colcon_core.environment:checking '/home/paneendra/vla_manipulation_ros2/install/vla_gazebo/bin'
[0.424s] Level 1:colcon.colcon_core.environment:checking '/home/paneendra/vla_manipulation_ros2/install/vla_gazebo/lib/pkgconfig/vla_gazebo.pc'
[0.425s] Level 1:colcon.colcon_core.environment:checking '/home/paneendra/vla_manipulation_ros2/install/vla_gazebo/lib/python3.12/site-packages'
[0.425s] Level 1:colcon.colcon_core.environment:checking '/home/paneendra/vla_manipulation_ros2/install/vla_gazebo/bin'
[0.425s] INFO:colcon.colcon_core.shell:Creating package script '/home/paneendra/vla_manipulation_ros2/install/vla_gazebo/share/vla_gazebo/package.ps1'
[0.426s] INFO:colcon.colcon_core.shell:Creating package descriptor '/home/paneendra/vla_manipulation_ros2/install/vla_gazebo/share/vla_gazebo/package.dsv'
[0.427s] INFO:colcon.colcon_core.shell:Creating package script '/home/paneendra/vla_manipulation_ros2/install/vla_gazebo/share/vla_gazebo/package.sh'
[0.427s] INFO:colcon.colcon_core.shell:Creating package script '/home/paneendra/vla_manipulation_ros2/install/vla_gazebo/share/vla_gazebo/package.bash'
[0.428s] INFO:colcon.colcon_core.shell:Creating package script '/home/paneendra/vla_manipulation_ros2/install/vla_gazebo/share/vla_gazebo/package.zsh'
[0.428s] Level 1:colcon.colcon_core.environment:create_file_with_runtime_dependencies(/home/paneendra/vla_manipulation_ros2/install/vla_gazebo/share/colcon-core/packages/vla_gazebo)
[0.429s] Level 1:colcon.colcon_core.environment:create_environment_scripts_only(vla_gazebo)
[0.429s] Level 1:colcon.colcon_core.environment:checking '/home/paneendra/vla_manipulation_ros2/install/vla_gazebo' for CMake module files
[0.430s] Level 1:colcon.colcon_core.environment:checking '/home/paneendra/vla_manipulation_ros2/install/vla_gazebo' for CMake config files
[0.430s] Level 1:colcon.colcon_core.shell:create_environment_hook('vla_gazebo', 'cmake_prefix_path')
[0.430s] INFO:colcon.colcon_core.shell:Creating environment hook '/home/paneendra/vla_manipulation_ros2/install/vla_gazebo/share/vla_gazebo/hook/cmake_prefix_path.ps1'
[0.430s] INFO:colcon.colcon_core.shell:Creating environment descriptor '/home/paneendra/vla_manipulation_ros2/install/vla_gazebo/share/vla_gazebo/hook/cmake_prefix_path.dsv'
[0.431s] INFO:colcon.colcon_core.shell:Creating environment hook '/home/paneendra/vla_manipulation_ros2/install/vla_gazebo/share/vla_gazebo/hook/cmake_prefix_path.sh'
[0.431s] Level 1:colcon.colcon_core.environment:checking '/home/paneendra/vla_manipulation_ros2/install/vla_gazebo/bin'
[0.431s] Level 1:colcon.colcon_core.environment:checking '/home/paneendra/vla_manipulation_ros2/install/vla_gazebo/lib/pkgconfig/vla_gazebo.pc'
[0.431s] Level 1:colcon.colcon_core.environment:checking '/home/paneendra/vla_manipulation_ros2/install/vla_gazebo/lib/python3.12/site-packages'
[0.431s] Level 1:colcon.colcon_core.environment:checking '/home/paneendra/vla_manipulation_ros2/install/vla_gazebo/bin'
[0.432s] INFO:colcon.colcon_core.shell:Creating package script '/home/paneendra/vla_manipulation_ros2/install/vla_gazebo/share/vla_gazebo/package.ps1'
[0.432s] INFO:colcon.colcon_core.shell:Creating package descriptor '/home/paneendra/vla_manipulation_ros2/install/vla_gazebo/share/vla_gazebo/package.dsv'
[0.432s] INFO:colcon.colcon_core.shell:Creating package script '/home/paneendra/vla_manipulation_ros2/install/vla_gazebo/share/vla_gazebo/package.sh'
[0.432s] INFO:colcon.colcon_core.shell:Creating package script '/home/paneendra/vla_manipulation_ros2/install/vla_gazebo/share/vla_gazebo/package.bash'
[0.441s] INFO:colcon.colcon_core.shell:Creating package script '/home/paneendra/vla_manipulation_ros2/install/vla_gazebo/share/vla_gazebo/package.zsh'
[0.441s] Level 1:colcon.colcon_core.environment:create_file_with_runtime_dependencies(/home/paneendra/vla_manipulation_ros2/install/vla_gazebo/share/colcon-core/packages/vla_gazebo)
[0.936s] DEBUG:colcon.colcon_core.task.python.build:Available setuptools commands: bdist_dumb, install_egg_info, init_catalog, editable_wheel, upload_docs, bdist_rpm, test, check, install, bdist, build_ext, build_scripts, dist_info, saveopts, setopt, update_catalog, install_data, clean, build_py, compile_catalog, egg_info, upload, install_headers, symlink_data, build, extract_messages, install_scripts, bdist_wheel, bdist_egg, develop, rotate, easy_install, install_lib, register, build_clib, alias, sdist
[1.239s] DEBUG:colcon.colcon_core.task.python.build:Available setuptools 'develop' options: --force-installation-into-system-dir, --index-url, --help, --install-layout, --no-find-links, --always-unzip, --dry-run, --editable, --multi-version, --build-directory, --optimize, --user, --local-snapshots-ok, --prefix, --find-links, --no-deps, --quiet, --uninstall, --install-dir, --record, --egg-path, --always-copy, --exclude-scripts, --zip-ok, --allow-hosts, --version, --site-dirs, --no-user-cfg, --verbose, --script-dir, --upgrade
[1.240s] DEBUG:colcon.colcon_core.event_handler.log_command:Invoking command in '/home/paneendra/vla_manipulation_ros2/build/vla_spatial': DEBUGINFOD_URLS=https://debuginfod.ubuntu.com PYTHONPATH=/home/paneendra/vla_manipulation_ros2/build/vla_spatial/prefix_override:/usr/lib/python3/dist-packages/colcon_core/task/python/colcon_distutils_commands:/home/paneendra/vla_manipulation_ros2/install/vla_spatial/lib/python3.12/site-packages:${PYTHONPATH} /usr/bin/python3 -W ignore:setup.py install is deprecated -W ignore:easy_install command is deprecated setup.py develop --editable --build-directory /home/paneendra/vla_manipulation_ros2/build/vla_spatial/build --no-deps symlink_data
[1.696s] Level 1:colcon.colcon_core.shell:create_environment_hook('vla_spatial', 'pythonpath_develop')
[1.696s] INFO:colcon.colcon_core.shell:Creating environment hook '/home/paneendra/vla_manipulation_ros2/build/vla_spatial/share/vla_spatial/hook/pythonpath_develop.ps1'
[1.697s] DEBUG:colcon.colcon_core.event_handler.log_command:Invoked command in '/home/paneendra/vla_manipulation_ros2/build/vla_spatial' returned '0': DEBUGINFOD_URLS=https://debuginfod.ubuntu.com PYTHONPATH=/home/paneendra/vla_manipulation_ros2/build/vla_spatial/prefix_override:/usr/lib/python3/dist-packages/colcon_core/task/python/colcon_distutils_commands:/home/paneendra/vla_manipulation_ros2/install/vla_spatial/lib/python3.12/site-packages:${PYTHONPATH} /usr/bin/python3 -W ignore:setup.py install is deprecated -W ignore:easy_install command is deprecated setup.py develop --editable --build-directory /home/paneendra/vla_manipulation_ros2/build/vla_spatial/build --no-deps symlink_data
[1.697s] INFO:colcon.colcon_core.shell:Creating environment descriptor '/home/paneendra/vla_manipulation_ros2/build/vla_spatial/share/vla_spatial/hook/pythonpath_develop.dsv'
[1.697s] INFO:colcon.colcon_core.shell:Creating environment hook '/home/paneendra/vla_manipulation_ros2/build/vla_spatial/share/vla_spatial/hook/pythonpath_develop.sh'
[1.698s] Level 1:colcon.colcon_core.environment:checking '/home/paneendra/vla_manipulation_ros2/install/vla_spatial' for CMake module files
[1.698s] Level 1:colcon.colcon_core.environment:checking '/home/paneendra/vla_manipulation_ros2/install/vla_spatial' for CMake config files
[1.699s] Level 1:colcon.colcon_core.environment:checking '/home/paneendra/vla_manipulation_ros2/install/vla_spatial/lib'
[1.699s] Level 1:colcon.colcon_core.environment:checking '/home/paneendra/vla_manipulation_ros2/install/vla_spatial/bin'
[1.699s] Level 1:colcon.colcon_core.environment:checking '/home/paneendra/vla_manipulation_ros2/install/vla_spatial/lib/pkgconfig/vla_spatial.pc'
[1.699s] Level 1:colcon.colcon_core.environment:checking '/home/paneendra/vla_manipulation_ros2/install/vla_spatial/lib/python3.12/site-packages'
[1.699s] Level 1:colcon.colcon_core.shell:create_environment_hook('vla_spatial', 'pythonpath')
[1.700s] INFO:colcon.colcon_core.shell:Creating environment hook '/home/paneendra/vla_manipulation_ros2/install/vla_spatial/share/vla_spatial/hook/pythonpath.ps1'
[1.700s] INFO:colcon.colcon_core.shell:Creating environment descriptor '/home/paneendra/vla_manipulation_ros2/install/vla_spatial/share/vla_spatial/hook/pythonpath.dsv'
[1.700s] INFO:colcon.colcon_core.shell:Creating environment hook '/home/paneendra/vla_manipulation_ros2/install/vla_spatial/share/vla_spatial/hook/pythonpath.sh'
[1.701s] Level 1:colcon.colcon_core.environment:checking '/home/paneendra/vla_manipulation_ros2/install/vla_spatial/bin'
[1.701s] Level 1:colcon.colcon_core.environment:create_environment_scripts_only(vla_spatial)
[1.701s] INFO:colcon.colcon_core.shell:Creating package script '/home/paneendra/vla_manipulation_ros2/install/vla_spatial/share/vla_spatial/package.ps1'
[1.701s] INFO:colcon.colcon_core.shell:Creating package descriptor '/home/paneendra/vla_manipulation_ros2/install/vla_spatial/share/vla_spatial/package.dsv'
[1.701s] INFO:colcon.colcon_core.shell:Creating package script '/home/paneendra/vla_manipulation_ros2/install/vla_spatial/share/vla_spatial/package.sh'
[1.702s] INFO:colcon.colcon_core.shell:Creating package script '/home/paneendra/vla_manipulation_ros2/install/vla_spatial/share/vla_spatial/package.bash'
[1.702s] INFO:colcon.colcon_core.shell:Creating package script '/home/paneendra/vla_manipulation_ros2/install/vla_spatial/share/vla_spatial/package.zsh'
[1.702s] Level 1:colcon.colcon_core.environment:create_file_with_runtime_dependencies(/home/paneendra/vla_manipulation_ros2/install/vla_spatial/share/colcon-core/packages/vla_spatial)
[6.704s] DEBUG:colcon.colcon_core.event_handler.log_command:Invoked command in '/home/paneendra/vla_manipulation_ros2/build/vla_execution' returned '0': CMAKE_PREFIX_PATH=${CMAKE_PREFIX_PATH}:/opt/ros/jazzy DEBUGINFOD_URLS=https://debuginfod.ubuntu.com /usr/bin/cmake --build /home/paneendra/vla_manipulation_ros2/build/vla_execution -- -j32 -l32
[6.705s] DEBUG:colcon.colcon_core.event_handler.log_command:Invoking command in '/home/paneendra/vla_manipulation_ros2/build/vla_execution': CMAKE_PREFIX_PATH=${CMAKE_PREFIX_PATH}:/opt/ros/jazzy DEBUGINFOD_URLS=https://debuginfod.ubuntu.com /usr/bin/cmake --install /home/paneendra/vla_manipulation_ros2/build/vla_execution
[6.724s] Level 1:colcon.colcon_core.environment:create_environment_scripts_only(vla_execution)
[6.724s] Level 1:colcon.colcon_core.environment:checking '/home/paneendra/vla_manipulation_ros2/install/vla_execution' for CMake module files
[6.725s] DEBUG:colcon.colcon_core.event_handler.log_command:Invoked command in '/home/paneendra/vla_manipulation_ros2/build/vla_execution' returned '0': CMAKE_PREFIX_PATH=${CMAKE_PREFIX_PATH}:/opt/ros/jazzy DEBUGINFOD_URLS=https://debuginfod.ubuntu.com /usr/bin/cmake --install /home/paneendra/vla_manipulation_ros2/build/vla_execution
[6.725s] Level 1:colcon.colcon_core.environment:checking '/home/paneendra/vla_manipulation_ros2/install/vla_execution' for CMake config files
[6.725s] Level 1:colcon.colcon_core.shell:create_environment_hook('vla_execution', 'cmake_prefix_path')
[6.725s] INFO:colcon.colcon_core.shell:Creating environment hook '/home/paneendra/vla_manipulation_ros2/install/vla_execution/share/vla_execution/hook/cmake_prefix_path.ps1'
[6.726s] INFO:colcon.colcon_core.shell:Creating environment descriptor '/home/paneendra/vla_manipulation_ros2/install/vla_execution/share/vla_execution/hook/cmake_prefix_path.dsv'
[6.726s] INFO:colcon.colcon_core.shell:Creating environment hook '/home/paneendra/vla_manipulation_ros2/install/vla_execution/share/vla_execution/hook/cmake_prefix_path.sh'
[6.726s] Level 1:colcon.colcon_core.environment:checking '/home/paneendra/vla_manipulation_ros2/install/vla_execution/lib'
[6.726s] Level 1:colcon.colcon_core.environment:checking '/home/paneendra/vla_manipulation_ros2/install/vla_execution/bin'
[6.726s] Level 1:colcon.colcon_core.environment:checking '/home/paneendra/vla_manipulation_ros2/install/vla_execution/lib/pkgconfig/vla_execution.pc'
[6.726s] Level 1:colcon.colcon_core.environment:checking '/home/paneendra/vla_manipulation_ros2/install/vla_execution/lib/python3.12/site-packages'
[6.726s] Level 1:colcon.colcon_core.environment:checking '/home/paneendra/vla_manipulation_ros2/install/vla_execution/bin'
[6.727s] INFO:colcon.colcon_core.shell:Creating package script '/home/paneendra/vla_manipulation_ros2/install/vla_execution/share/vla_execution/package.ps1'
[6.727s] INFO:colcon.colcon_core.shell:Creating package descriptor '/home/paneendra/vla_manipulation_ros2/install/vla_execution/share/vla_execution/package.dsv'
[6.727s] INFO:colcon.colcon_core.shell:Creating package script '/home/paneendra/vla_manipulation_ros2/install/vla_execution/share/vla_execution/package.sh'
[6.727s] INFO:colcon.colcon_core.shell:Creating package script '/home/paneendra/vla_manipulation_ros2/install/vla_execution/share/vla_execution/package.bash'
[6.728s] INFO:colcon.colcon_core.shell:Creating package script '/home/paneendra/vla_manipulation_ros2/install/vla_execution/share/vla_execution/package.zsh'
[6.728s] Level 1:colcon.colcon_core.environment:create_file_with_runtime_dependencies(/home/paneendra/vla_manipulation_ros2/install/vla_execution/share/colcon-core/packages/vla_execution)
[6.728s] Level 1:colcon.colcon_core.environment:create_environment_scripts_only(vla_execution)
[6.728s] Level 1:colcon.colcon_core.environment:checking '/home/paneendra/vla_manipulation_ros2/install/vla_execution' for CMake module files
[6.728s] Level 1:colcon.colcon_core.environment:checking '/home/paneendra/vla_manipulation_ros2/install/vla_execution' for CMake config files
[6.728s] Level 1:colcon.colcon_core.shell:create_environment_hook('vla_execution', 'cmake_prefix_path')
[6.728s] INFO:colcon.colcon_core.shell:Creating environment hook '/home/paneendra/vla_manipulation_ros2/install/vla_execution/share/vla_execution/hook/cmake_prefix_path.ps1'
[6.729s] INFO:colcon.colcon_core.shell:Creating environment descriptor '/home/paneendra/vla_manipulation_ros2/install/vla_execution/share/vla_execution/hook/cmake_prefix_path.dsv'
[6.729s] INFO:colcon.colcon_core.shell:Creating environment hook '/home/paneendra/vla_manipulation_ros2/install/vla_execution/share/vla_execution/hook/cmake_prefix_path.sh'
[6.729s] Level 1:colcon.colcon_core.environment:checking '/home/paneendra/vla_manipulation_ros2/install/vla_execution/lib'
[6.729s] Level 1:colcon.colcon_core.environment:checking '/home/paneendra/vla_manipulation_ros2/install/vla_execution/bin'
[6.729s] Level 1:colcon.colcon_core.environment:checking '/home/paneendra/vla_manipulation_ros2/install/vla_execution/lib/pkgconfig/vla_execution.pc'
[6.729s] Level 1:colcon.colcon_core.environment:checking '/home/paneendra/vla_manipulation_ros2/install/vla_execution/lib/python3.12/site-packages'
[6.729s] Level 1:colcon.colcon_core.environment:checking '/home/paneendra/vla_manipulation_ros2/install/vla_execution/bin'
[6.730s] INFO:colcon.colcon_core.shell:Creating package script '/home/paneendra/vla_manipulation_ros2/install/vla_execution/share/vla_execution/package.ps1'
[6.730s] INFO:colcon.colcon_core.shell:Creating package descriptor '/home/paneendra/vla_manipulation_ros2/install/vla_execution/share/vla_execution/package.dsv'
[6.730s] INFO:colcon.colcon_core.shell:Creating package script '/home/paneendra/vla_manipulation_ros2/install/vla_execution/share/vla_execution/package.sh'
[6.730s] INFO:colcon.colcon_core.shell:Creating package script '/home/paneendra/vla_manipulation_ros2/install/vla_execution/share/vla_execution/package.bash'
[6.730s] INFO:colcon.colcon_core.shell:Creating package script '/home/paneendra/vla_manipulation_ros2/install/vla_execution/share/vla_execution/package.zsh'
[6.731s] Level 1:colcon.colcon_core.environment:create_file_with_runtime_dependencies(/home/paneendra/vla_manipulation_ros2/install/vla_execution/share/colcon-core/packages/vla_execution)
[6.731s] DEBUG:colcon.colcon_parallel_executor.executor.parallel:closing loop
[6.731s] DEBUG:colcon.colcon_parallel_executor.executor.parallel:loop closed
[6.731s] DEBUG:colcon.colcon_parallel_executor.executor.parallel:run_until_complete finished with '0'
[6.731s] DEBUG:colcon.colcon_core.event_reactor:joining thread
[6.736s] INFO:colcon.colcon_core.plugin_system:Skipping extension 'colcon_notification.desktop_notification.terminal_notifier': Not used on non-Darwin systems
[6.737s] INFO:colcon.colcon_core.plugin_system:Skipping extension 'colcon_notification.desktop_notification.win32': Not used on non-Windows systems
[6.737s] INFO:colcon.colcon_notification.desktop_notification:Sending desktop notification using 'notify2'
[6.746s] DEBUG:colcon.colcon_core.event_reactor:joined thread
[6.747s] INFO:colcon.colcon_core.shell:Creating prefix script '/home/paneendra/vla_manipulation_ros2/install/local_setup.ps1'
[6.747s] INFO:colcon.colcon_core.shell:Creating prefix util module '/home/paneendra/vla_manipulation_ros2/install/_local_setup_util_ps1.py'
[6.748s] INFO:colcon.colcon_core.shell:Creating prefix chain script '/home/paneendra/vla_manipulation_ros2/install/setup.ps1'
[6.748s] INFO:colcon.colcon_core.shell:Creating prefix script '/home/paneendra/vla_manipulation_ros2/install/local_setup.sh'
[6.749s] INFO:colcon.colcon_core.shell:Creating prefix util module '/home/paneendra/vla_manipulation_ros2/install/_local_setup_util_sh.py'
[6.749s] INFO:colcon.colcon_core.shell:Creating prefix chain script '/home/paneendra/vla_manipulation_ros2/install/setup.sh'
[6.749s] INFO:colcon.colcon_core.shell:Creating prefix script '/home/paneendra/vla_manipulation_ros2/install/local_setup.bash'
[6.750s] INFO:colcon.colcon_core.shell:Creating prefix chain script '/home/paneendra/vla_manipulation_ros2/install/setup.bash'
[6.750s] INFO:colcon.colcon_core.shell:Creating prefix script '/home/paneendra/vla_manipulation_ros2/install/local_setup.zsh'
[6.750s] INFO:colcon.colcon_core.shell:Creating prefix chain script '/home/paneendra/vla_manipulation_ros2/install/setup.zsh'
