[0.058s] DEBUG:colcon:Command line arguments: ['/usr/bin/colcon', 'build', '--symlink-install']
[0.058s] DEBUG:colcon:Parsed command line arguments: Namespace(log_base=None, log_level=None, verb_name='build', build_base='build', install_base='install', merge_install=False, symlink_install=True, test_result_base=None, continue_on_error=False, executor='parallel', parallel_workers=32, event_handlers=None, ignore_user_meta=False, metas=['./colcon.meta'], base_paths=['.'], packages_ignore=None, packages_ignore_regex=None, paths=None, packages_up_to=None, packages_up_to_regex=None, packages_above=None, packages_above_and_dependencies=None, packages_above_depth=None, packages_select_by_dep=None, packages_skip_by_dep=None, packages_skip_up_to=None, packages_select_build_failed=False, packages_skip_build_finished=False, packages_select_test_failures=False, packages_skip_test_passed=False, packages_select=None, packages_skip=None, packages_select_regex=None, packages_skip_regex=None, packages_start=None, packages_end=None, allow_overriding=[], cmake_args=None, cmake_target=None, cmake_target_skip_unavailable=False, cmake_clean_cache=False, cmake_clean_first=False, cmake_force_configure=False, ament_cmake_args=None, catkin_cmake_args=None, catkin_skip_building_tests=False, mixin_files=None, mixin=None, verb_parser=<colcon_mixin.mixin.mixin_argument.MixinArgumentDecorator object at 0x7d3969bad790>, verb_extension=<colcon_core.verb.build.BuildVerb object at 0x7d3969cc56a0>, main=<bound method BuildVerb.main of <colcon_core.verb.build.BuildVerb object at 0x7d3969cc56a0>>, mixin_verb=('build',))
[0.077s] Level 1:colcon.colcon_core.package_discovery:discover_packages(colcon_meta) check parameters
[0.077s] Level 1:colcon.colcon_core.package_discovery:discover_packages(recursive) check parameters
[0.077s] Level 1:colcon.colcon_core.package_discovery:discover_packages(ignore) check parameters
[0.077s] Level 1:colcon.colcon_core.package_discovery:discover_packages(path) check parameters
[0.077s] Level 1:colcon.colcon_core.package_discovery:discover_packages(colcon_meta) discover
[0.077s] Level 1:colcon.colcon_core.package_discovery:discover_packages(recursive) discover
[0.077s] INFO:colcon.colcon_core.package_discovery:Crawling recursively for packages in '/home/paneendra/vla_manipulation_ros2'
[0.077s] Level 1:colcon.colcon_core.package_identification:_identify(.) by extensions ['ignore', 'ignore_ament_install']
[0.077s] Level 1:colcon.colcon_core.package_identification:_identify(.) by extension 'ignore'
[0.077s] Level 1:colcon.colcon_core.package_identification:_identify(.) by extension 'ignore_ament_install'
[0.077s] Level 1:colcon.colcon_core.package_identification:_identify(.) by extensions ['colcon_pkg']
[0.077s] Level 1:colcon.colcon_core.package_identification:_identify(.) by extension 'colcon_pkg'
[0.077s] Level 1:colcon.colcon_core.package_identification:_identify(.) by extensions ['colcon_meta']
[0.077s] Level 1:colcon.colcon_core.package_identification:_identify(.) by extension 'colcon_meta'
[0.077s] Level 1:colcon.colcon_core.package_identification:_identify(.) by extensions ['ros']
[0.077s] Level 1:colcon.colcon_core.package_identification:_identify(.) by extension 'ros'
[0.091s] Level 1:colcon.colcon_core.package_identification:_identify(.) by extensions ['cmake', 'python']
[0.091s] Level 1:colcon.colcon_core.package_identification:_identify(.) by extension 'cmake'
[0.091s] Level 1:colcon.colcon_core.package_identification:_identify(.) by extension 'python'
[0.092s] Level 1:colcon.colcon_core.package_identification:_identify(.) by extensions ['python_setup_py']
[0.092s] Level 1:colcon.colcon_core.package_identification:_identify(.) by extension 'python_setup_py'
[0.092s] Level 1:colcon.colcon_core.package_identification:_identify(build) by extensions ['ignore', 'ignore_ament_install']
[0.092s] Level 1:colcon.colcon_core.package_identification:_identify(build) by extension 'ignore'
[0.092s] Level 1:colcon.colcon_core.package_identification:_identify(build) ignored
[0.092s] Level 1:colcon.colcon_core.package_identification:_identify(install) by extensions ['ignore', 'ignore_ament_install']
[0.092s] Level 1:colcon.colcon_core.package_identification:_identify(install) by extension 'ignore'
[0.092s] Level 1:colcon.colcon_core.package_identification:_identify(install) ignored
[0.092s] Level 1:colcon.colcon_core.package_identification:_identify(log) by extensions ['ignore', 'ignore_ament_install']
[0.092s] Level 1:colcon.colcon_core.package_identification:_identify(log) by extension 'ignore'
[0.092s] Level 1:colcon.colcon_core.package_identification:_identify(log) ignored
[0.092s] Level 1:colcon.colcon_core.package_identification:_identify(src) by extensions ['ignore', 'ignore_ament_install']
[0.092s] Level 1:colcon.colcon_core.package_identification:_identify(src) by extension 'ignore'
[0.092s] Level 1:colcon.colcon_core.package_identification:_identify(src) by extension 'ignore_ament_install'
[0.092s] Level 1:colcon.colcon_core.package_identification:_identify(src) by extensions ['colcon_pkg']
[0.092s] Level 1:colcon.colcon_core.package_identification:_identify(src) by extension 'colcon_pkg'
[0.092s] Level 1:colcon.colcon_core.package_identification:_identify(src) by extensions ['colcon_meta']
[0.092s] Level 1:colcon.colcon_core.package_identification:_identify(src) by extension 'colcon_meta'
[0.092s] Level 1:colcon.colcon_core.package_identification:_identify(src) by extensions ['ros']
[0.092s] Level 1:colcon.colcon_core.package_identification:_identify(src) by extension 'ros'
[0.092s] Level 1:colcon.colcon_core.package_identification:_identify(src) by extensions ['cmake', 'python']
[0.092s] Level 1:colcon.colcon_core.package_identification:_identify(src) by extension 'cmake'
[0.092s] Level 1:colcon.colcon_core.package_identification:_identify(src) by extension 'python'
[0.092s] Level 1:colcon.colcon_core.package_identification:_identify(src) by extensions ['python_setup_py']
[0.092s] Level 1:colcon.colcon_core.package_identification:_identify(src) by extension 'python_setup_py'
[0.092s] Level 1:colcon.colcon_core.package_identification:_identify(src/vla_bringup) by extensions ['ignore', 'ignore_ament_install']
[0.092s] Level 1:colcon.colcon_core.package_identification:_identify(src/vla_bringup) by extension 'ignore'
[0.092s] Level 1:colcon.colcon_core.package_identification:_identify(src/vla_bringup) by extension 'ignore_ament_install'
[0.092s] Level 1:colcon.colcon_core.package_identification:_identify(src/vla_bringup) by extensions ['colcon_pkg']
[0.092s] Level 1:colcon.colcon_core.package_identification:_identify(src/vla_bringup) by extension 'colcon_pkg'
[0.092s] Level 1:colcon.colcon_core.package_identification:_identify(src/vla_bringup) by extensions ['colcon_meta']
[0.092s] Level 1:colcon.colcon_core.package_identification:_identify(src/vla_bringup) by extension 'colcon_meta'
[0.092s] Level 1:colcon.colcon_core.package_identification:_identify(src/vla_bringup) by extensions ['ros']
[0.092s] Level 1:colcon.colcon_core.package_identification:_identify(src/vla_bringup) by extension 'ros'
[0.094s] DEBUG:colcon.colcon_core.package_identification:Package 'src/vla_bringup' with type 'ros.ament_cmake' and name 'vla_bringup'
[0.094s] Level 1:colcon.colcon_core.package_identification:_identify(src/vla_description) by extensions ['ignore', 'ignore_ament_install']
[0.094s] Level 1:colcon.colcon_core.package_identification:_identify(src/vla_description) by extension 'ignore'
[0.094s] Level 1:colcon.colcon_core.package_identification:_identify(src/vla_description) by extension 'ignore_ament_install'
[0.094s] Level 1:colcon.colcon_core.package_identification:_identify(src/vla_description) by extensions ['colcon_pkg']
[0.094s] Level 1:colcon.colcon_core.package_identification:_identify(src/vla_description) by extension 'colcon_pkg'
[0.094s] Level 1:colcon.colcon_core.package_identification:_identify(src/vla_description) by extensions ['colcon_meta']
[0.094s] Level 1:colcon.colcon_core.package_identification:_identify(src/vla_description) by extension 'colcon_meta'
[0.094s] Level 1:colcon.colcon_core.package_identification:_identify(src/vla_description) by extensions ['ros']
[0.094s] Level 1:colcon.colcon_core.package_identification:_identify(src/vla_description) by extension 'ros'
[0.094s] DEBUG:colcon.colcon_core.package_identification:Package 'src/vla_description' with type 'ros.ament_cmake' and name 'vla_description'
[0.094s] Level 1:colcon.colcon_core.package_identification:_identify(src/vla_execution) by extensions ['ignore', 'ignore_ament_install']
[0.094s] Level 1:colcon.colcon_core.package_identification:_identify(src/vla_execution) by extension 'ignore'
[0.094s] Level 1:colcon.colcon_core.package_identification:_identify(src/vla_execution) by extension 'ignore_ament_install'
[0.094s] Level 1:colcon.colcon_core.package_identification:_identify(src/vla_execution) by extensions ['colcon_pkg']
[0.094s] Level 1:colcon.colcon_core.package_identification:_identify(src/vla_execution) by extension 'colcon_pkg'
[0.094s] Level 1:colcon.colcon_core.package_identification:_identify(src/vla_execution) by extensions ['colcon_meta']
[0.094s] Level 1:colcon.colcon_core.package_identification:_identify(src/vla_execution) by extension 'colcon_meta'
[0.094s] Level 1:colcon.colcon_core.package_identification:_identify(src/vla_execution) by extensions ['ros']
[0.094s] Level 1:colcon.colcon_core.package_identification:_identify(src/vla_execution) by extension 'ros'
[0.095s] DEBUG:colcon.colcon_core.package_identification:Package 'src/vla_execution' with type 'ros.ament_cmake' and name 'vla_execution'
[0.095s] Level 1:colcon.colcon_core.package_identification:_identify(src/vla_gazebo) by extensions ['ignore', 'ignore_ament_install']
[0.095s] Level 1:colcon.colcon_core.package_identification:_identify(src/vla_gazebo) by extension 'ignore'
[0.095s] Level 1:colcon.colcon_core.package_identification:_identify(src/vla_gazebo) by extension 'ignore_ament_install'
[0.095s] Level 1:colcon.colcon_core.package_identification:_identify(src/vla_gazebo) by extensions ['colcon_pkg']
[0.095s] Level 1:colcon.colcon_core.package_identification:_identify(src/vla_gazebo) by extension 'colcon_pkg'
[0.095s] Level 1:colcon.colcon_core.package_identification:_identify(src/vla_gazebo) by extensions ['colcon_meta']
[0.095s] Level 1:colcon.colcon_core.package_identification:_identify(src/vla_gazebo) by extension 'colcon_meta'
[0.095s] Level 1:colcon.colcon_core.package_identification:_identify(src/vla_gazebo) by extensions ['ros']
[0.095s] Level 1:colcon.colcon_core.package_identification:_identify(src/vla_gazebo) by extension 'ros'
[0.095s] DEBUG:colcon.colcon_core.package_identification:Package 'src/vla_gazebo' with type 'ros.ament_cmake' and name 'vla_gazebo'
[0.095s] Level 1:colcon.colcon_core.package_identification:_identify(src/vla_moveit_config) by extensions ['ignore', 'ignore_ament_install']
[0.095s] Level 1:colcon.colcon_core.package_identification:_identify(src/vla_moveit_config) by extension 'ignore'
[0.095s] Level 1:colcon.colcon_core.package_identification:_identify(src/vla_moveit_config) by extension 'ignore_ament_install'
[0.095s] Level 1:colcon.colcon_core.package_identification:_identify(src/vla_moveit_config) by extensions ['colcon_pkg']
[0.095s] Level 1:colcon.colcon_core.package_identification:_identify(src/vla_moveit_config) by extension 'colcon_pkg'
[0.095s] Level 1:colcon.colcon_core.package_identification:_identify(src/vla_moveit_config) by extensions ['colcon_meta']
[0.095s] Level 1:colcon.colcon_core.package_identification:_identify(src/vla_moveit_config) by extension 'colcon_meta'
[0.095s] Level 1:colcon.colcon_core.package_identification:_identify(src/vla_moveit_config) by extensions ['ros']
[0.095s] Level 1:colcon.colcon_core.package_identification:_identify(src/vla_moveit_config) by extension 'ros'
[0.096s] DEBUG:colcon.colcon_core.package_identification:Package 'src/vla_moveit_config' with type 'ros.ament_cmake' and name 'vla_moveit_config'
[0.096s] Level 1:colcon.colcon_core.package_identification:_identify(src/vla_perception) by extensions ['ignore', 'ignore_ament_install']
[0.096s] Level 1:colcon.colcon_core.package_identification:_identify(src/vla_perception) by extension 'ignore'
[0.096s] Level 1:colcon.colcon_core.package_identification:_identify(src/vla_perception) by extension 'ignore_ament_install'
[0.096s] Level 1:colcon.colcon_core.package_identification:_identify(src/vla_perception) by extensions ['colcon_pkg']
[0.096s] Level 1:colcon.colcon_core.package_identification:_identify(src/vla_perception) by extension 'colcon_pkg'
[0.096s] Level 1:colcon.colcon_core.package_identification:_identify(src/vla_perception) by extensions ['colcon_meta']
[0.096s] Level 1:colcon.colcon_core.package_identification:_identify(src/vla_perception) by extension 'colcon_meta'
[0.096s] Level 1:colcon.colcon_core.package_identification:_identify(src/vla_perception) by extensions ['ros']
[0.096s] Level 1:colcon.colcon_core.package_identification:_identify(src/vla_perception) by extension 'ros'
[0.096s] DEBUG:colcon.colcon_core.package_identification:Package 'src/vla_perception' with type 'ros.ament_python' and name 'vla_perception'
[0.096s] Level 1:colcon.colcon_core.package_identification:_identify(src/vla_spatial) by extensions ['ignore', 'ignore_ament_install']
[0.096s] Level 1:colcon.colcon_core.package_identification:_identify(src/vla_spatial) by extension 'ignore'
[0.096s] Level 1:colcon.colcon_core.package_identification:_identify(src/vla_spatial) by extension 'ignore_ament_install'
[0.096s] Level 1:colcon.colcon_core.package_identification:_identify(src/vla_spatial) by extensions ['colcon_pkg']
[0.096s] Level 1:colcon.colcon_core.package_identification:_identify(src/vla_spatial) by extension 'colcon_pkg'
[0.096s] Level 1:colcon.colcon_core.package_identification:_identify(src/vla_spatial) by extensions ['colcon_meta']
[0.096s] Level 1:colcon.colcon_core.package_identification:_identify(src/vla_spatial) by extension 'colcon_meta'
[0.096s] Level 1:colcon.colcon_core.package_identification:_identify(src/vla_spatial) by extensions ['ros']
[0.096s] Level 1:colcon.colcon_core.package_identification:_identify(src/vla_spatial) by extension 'ros'
[0.097s] DEBUG:colcon.colcon_core.package_identification:Package 'src/vla_spatial' with type 'ros.ament_python' and name 'vla_spatial'
[0.097s] Level 1:colcon.colcon_core.package_discovery:discover_packages(recursive) using defaults
[0.097s] Level 1:colcon.colcon_core.package_discovery:discover_packages(ignore) discover
[0.097s] Level 1:colcon.colcon_core.package_discovery:discover_packages(ignore) using defaults
[0.097s] Level 1:colcon.colcon_core.package_discovery:discover_packages(path) discover
[0.097s] Level 1:colcon.colcon_core.package_discovery:discover_packages(path) using defaults
[0.106s] Level 1:colcon.colcon_core.package_discovery:discover_packages(prefix_path) check parameters
[0.106s] Level 1:colcon.colcon_core.package_discovery:discover_packages(prefix_path) discover
[0.108s] DEBUG:colcon.colcon_installed_package_information.package_discovery:Found 458 installed packages in /opt/ros/jazzy
[0.109s] Level 1:colcon.colcon_core.package_discovery:discover_packages(prefix_path) using defaults
[0.135s] Level 5:colcon.colcon_core.verb:set package 'vla_bringup' build argument 'cmake_args' from command line to 'None'
[0.135s] Level 5:colcon.colcon_core.verb:set package 'vla_bringup' build argument 'cmake_target' from command line to 'None'
[0.135s] Level 5:colcon.colcon_core.verb:set package 'vla_bringup' build argument 'cmake_target_skip_unavailable' from command line to 'False'
[0.135s] Level 5:colcon.colcon_core.verb:set package 'vla_bringup' build argument 'cmake_clean_cache' from command line to 'False'
[0.135s] Level 5:colcon.colcon_core.verb:set package 'vla_bringup' build argument 'cmake_clean_first' from command line to 'False'
[0.135s] Level 5:colcon.colcon_core.verb:set package 'vla_bringup' build argument 'cmake_force_configure' from command line to 'False'
[0.135s] Level 5:colcon.colcon_core.verb:set package 'vla_bringup' build argument 'ament_cmake_args' from command line to 'None'
[0.135s] Level 5:colcon.colcon_core.verb:set package 'vla_bringup' build argument 'catkin_cmake_args' from command line to 'None'
[0.135s] Level 5:colcon.colcon_core.verb:set package 'vla_bringup' build argument 'catkin_skip_building_tests' from command line to 'False'
[0.135s] DEBUG:colcon.colcon_core.verb:Building package 'vla_bringup' with the following arguments: {'ament_cmake_args': None, 'build_base': '/home/paneendra/vla_manipulation_ros2/build/vla_bringup', 'catkin_cmake_args': None, 'catkin_skip_building_tests': False, 'cmake_args': None, 'cmake_clean_cache': False, 'cmake_clean_first': False, 'cmake_force_configure': False, 'cmake_target': None, 'cmake_target_skip_unavailable': False, 'install_base': '/home/paneendra/vla_manipulation_ros2/install/vla_bringup', 'merge_install': False, 'path': '/home/paneendra/vla_manipulation_ros2/src/vla_bringup', 'symlink_install': True, 'test_result_base': None}
[0.135s] Level 5:colcon.colcon_core.verb:set package 'vla_description' build argument 'cmake_args' from command line to 'None'
[0.135s] Level 5:colcon.colcon_core.verb:set package 'vla_description' build argument 'cmake_target' from command line to 'None'
[0.135s] Level 5:colcon.colcon_core.verb:set package 'vla_description' build argument 'cmake_target_skip_unavailable' from command line to 'False'
[0.135s] Level 5:colcon.colcon_core.verb:set package 'vla_description' build argument 'cmake_clean_cache' from command line to 'False'
[0.135s] Level 5:colcon.colcon_core.verb:set package 'vla_description' build argument 'cmake_clean_first' from command line to 'False'
[0.135s] Level 5:colcon.colcon_core.verb:set package 'vla_description' build argument 'cmake_force_configure' from command line to 'False'
[0.135s] Level 5:colcon.colcon_core.verb:set package 'vla_description' build argument 'ament_cmake_args' from command line to 'None'
[0.135s] Level 5:colcon.colcon_core.verb:set package 'vla_description' build argument 'catkin_cmake_args' from command line to 'None'
[0.135s] Level 5:colcon.colcon_core.verb:set package 'vla_description' build argument 'catkin_skip_building_tests' from command line to 'False'
[0.135s] DEBUG:colcon.colcon_core.verb:Building package 'vla_description' with the following arguments: {'ament_cmake_args': None, 'build_base': '/home/paneendra/vla_manipulation_ros2/build/vla_description', 'catkin_cmake_args': None, 'catkin_skip_building_tests': False, 'cmake_args': None, 'cmake_clean_cache': False, 'cmake_clean_first': False, 'cmake_force_configure': False, 'cmake_target': None, 'cmake_target_skip_unavailable': False, 'install_base': '/home/paneendra/vla_manipulation_ros2/install/vla_description', 'merge_install': False, 'path': '/home/paneendra/vla_manipulation_ros2/src/vla_description', 'symlink_install': True, 'test_result_base': None}
[0.135s] Level 5:colcon.colcon_core.verb:set package 'vla_execution' build argument 'cmake_args' from command line to 'None'
[0.136s] Level 5:colcon.colcon_core.verb:set package 'vla_execution' build argument 'cmake_target' from command line to 'None'
[0.136s] Level 5:colcon.colcon_core.verb:set package 'vla_execution' build argument 'cmake_target_skip_unavailable' from command line to 'False'
[0.136s] Level 5:colcon.colcon_core.verb:set package 'vla_execution' build argument 'cmake_clean_cache' from command line to 'False'
[0.136s] Level 5:colcon.colcon_core.verb:set package 'vla_execution' build argument 'cmake_clean_first' from command line to 'False'
[0.136s] Level 5:colcon.colcon_core.verb:set package 'vla_execution' build argument 'cmake_force_configure' from command line to 'False'
[0.136s] Level 5:colcon.colcon_core.verb:set package 'vla_execution' build argument 'ament_cmake_args' from command line to 'None'
[0.136s] Level 5:colcon.colcon_core.verb:set package 'vla_execution' build argument 'catkin_cmake_args' from command line to 'None'
[0.136s] Level 5:colcon.colcon_core.verb:set package 'vla_execution' build argument 'catkin_skip_building_tests' from command line to 'False'
[0.136s] DEBUG:colcon.colcon_core.verb:Building package 'vla_execution' with the following arguments: {'ament_cmake_args': None, 'build_base': '/home/paneendra/vla_manipulation_ros2/build/vla_execution', 'catkin_cmake_args': None, 'catkin_skip_building_tests': False, 'cmake_args': None, 'cmake_clean_cache': False, 'cmake_clean_first': False, 'cmake_force_configure': False, 'cmake_target': None, 'cmake_target_skip_unavailable': False, 'install_base': '/home/paneendra/vla_manipulation_ros2/install/vla_execution', 'merge_install': False, 'path': '/home/paneendra/vla_manipulation_ros2/src/vla_execution', 'symlink_install': True, 'test_result_base': None}
[0.136s] Level 5:colcon.colcon_core.verb:set package 'vla_gazebo' build argument 'cmake_args' from command line to 'None'
[0.136s] Level 5:colcon.colcon_core.verb:set package 'vla_gazebo' build argument 'cmake_target' from command line to 'None'
[0.136s] Level 5:colcon.colcon_core.verb:set package 'vla_gazebo' build argument 'cmake_target_skip_unavailable' from command line to 'False'
[0.136s] Level 5:colcon.colcon_core.verb:set package 'vla_gazebo' build argument 'cmake_clean_cache' from command line to 'False'
[0.136s] Level 5:colcon.colcon_core.verb:set package 'vla_gazebo' build argument 'cmake_clean_first' from command line to 'False'
[0.136s] Level 5:colcon.colcon_core.verb:set package 'vla_gazebo' build argument 'cmake_force_configure' from command line to 'False'
[0.136s] Level 5:colcon.colcon_core.verb:set package 'vla_gazebo' build argument 'ament_cmake_args' from command line to 'None'
[0.136s] Level 5:colcon.colcon_core.verb:set package 'vla_gazebo' build argument 'catkin_cmake_args' from command line to 'None'
[0.136s] Level 5:colcon.colcon_core.verb:set package 'vla_gazebo' build argument 'catkin_skip_building_tests' from command line to 'False'
[0.136s] DEBUG:colcon.colcon_core.verb:Building package 'vla_gazebo' with the following arguments: {'ament_cmake_args': None, 'build_base': '/home/paneendra/vla_manipulation_ros2/build/vla_gazebo', 'catkin_cmake_args': None, 'catkin_skip_building_tests': False, 'cmake_args': None, 'cmake_clean_cache': False, 'cmake_clean_first': False, 'cmake_force_configure': False, 'cmake_target': None, 'cmake_target_skip_unavailable': False, 'install_base': '/home/paneendra/vla_manipulation_ros2/install/vla_gazebo', 'merge_install': False, 'path': '/home/paneendra/vla_manipulation_ros2/src/vla_gazebo', 'symlink_install': True, 'test_result_base': None}
[0.136s] Level 5:colcon.colcon_core.verb:set package 'vla_moveit_config' build argument 'cmake_args' from command line to 'None'
[0.136s] Level 5:colcon.colcon_core.verb:set package 'vla_moveit_config' build argument 'cmake_target' from command line to 'None'
[0.136s] Level 5:colcon.colcon_core.verb:set package 'vla_moveit_config' build argument 'cmake_target_skip_unavailable' from command line to 'False'
[0.136s] Level 5:colcon.colcon_core.verb:set package 'vla_moveit_config' build argument 'cmake_clean_cache' from command line to 'False'
[0.136s] Level 5:colcon.colcon_core.verb:set package 'vla_moveit_config' build argument 'cmake_clean_first' from command line to 'False'
[0.136s] Level 5:colcon.colcon_core.verb:set package 'vla_moveit_config' build argument 'cmake_force_configure' from command line to 'False'
[0.136s] Level 5:colcon.colcon_core.verb:set package 'vla_moveit_config' build argument 'ament_cmake_args' from command line to 'None'
[0.136s] Level 5:colcon.colcon_core.verb:set package 'vla_moveit_config' build argument 'catkin_cmake_args' from command line to 'None'
[0.136s] Level 5:colcon.colcon_core.verb:set package 'vla_moveit_config' build argument 'catkin_skip_building_tests' from command line to 'False'
[0.136s] DEBUG:colcon.colcon_core.verb:Building package 'vla_moveit_config' with the following arguments: {'ament_cmake_args': None, 'build_base': '/home/paneendra/vla_manipulation_ros2/build/vla_moveit_config', 'catkin_cmake_args': None, 'catkin_skip_building_tests': False, 'cmake_args': None, 'cmake_clean_cache': False, 'cmake_clean_first': False, 'cmake_force_configure': False, 'cmake_target': None, 'cmake_target_skip_unavailable': False, 'install_base': '/home/paneendra/vla_manipulation_ros2/install/vla_moveit_config', 'merge_install': False, 'path': '/home/paneendra/vla_manipulation_ros2/src/vla_moveit_config', 'symlink_install': True, 'test_result_base': None}
[0.136s] Level 5:colcon.colcon_core.verb:set package 'vla_perception' build argument 'cmake_args' from command line to 'None'
[0.136s] Level 5:colcon.colcon_core.verb:set package 'vla_perception' build argument 'cmake_target' from command line to 'None'
[0.136s] Level 5:colcon.colcon_core.verb:set package 'vla_perception' build argument 'cmake_target_skip_unavailable' from command line to 'False'
[0.136s] Level 5:colcon.colcon_core.verb:set package 'vla_perception' build argument 'cmake_clean_cache' from command line to 'False'
[0.136s] Level 5:colcon.colcon_core.verb:set package 'vla_perception' build argument 'cmake_clean_first' from command line to 'False'
[0.136s] Level 5:colcon.colcon_core.verb:set package 'vla_perception' build argument 'cmake_force_configure' from command line to 'False'
[0.136s] Level 5:colcon.colcon_core.verb:set package 'vla_perception' build argument 'ament_cmake_args' from command line to 'None'
[0.136s] Level 5:colcon.colcon_core.verb:set package 'vla_perception' build argument 'catkin_cmake_args' from command line to 'None'
[0.136s] Level 5:colcon.colcon_core.verb:set package 'vla_perception' build argument 'catkin_skip_building_tests' from command line to 'False'
[0.136s] DEBUG:colcon.colcon_core.verb:Building package 'vla_perception' with the following arguments: {'ament_cmake_args': None, 'build_base': '/home/paneendra/vla_manipulation_ros2/build/vla_perception', 'catkin_cmake_args': None, 'catkin_skip_building_tests': False, 'cmake_args': None, 'cmake_clean_cache': False, 'cmake_clean_first': False, 'cmake_force_configure': False, 'cmake_target': None, 'cmake_target_skip_unavailable': False, 'install_base': '/home/paneendra/vla_manipulation_ros2/install/vla_perception', 'merge_install': False, 'path': '/home/paneendra/vla_manipulation_ros2/src/vla_perception', 'symlink_install': True, 'test_result_base': None}
[0.136s] Level 5:colcon.colcon_core.verb:set package 'vla_spatial' build argument 'cmake_args' from command line to 'None'
[0.136s] Level 5:colcon.colcon_core.verb:set package 'vla_spatial' build argument 'cmake_target' from command line to 'None'
[0.136s] Level 5:colcon.colcon_core.verb:set package 'vla_spatial' build argument 'cmake_target_skip_unavailable' from command line to 'False'
[0.136s] Level 5:colcon.colcon_core.verb:set package 'vla_spatial' build argument 'cmake_clean_cache' from command line to 'False'
[0.136s] Level 5:colcon.colcon_core.verb:set package 'vla_spatial' build argument 'cmake_clean_first' from command line to 'False'
[0.136s] Level 5:colcon.colcon_core.verb:set package 'vla_spatial' build argument 'cmake_force_configure' from command line to 'False'
[0.136s] Level 5:colcon.colcon_core.verb:set package 'vla_spatial' build argument 'ament_cmake_args' from command line to 'None'
[0.136s] Level 5:colcon.colcon_core.verb:set package 'vla_spatial' build argument 'catkin_cmake_args' from command line to 'None'
[0.136s] Level 5:colcon.colcon_core.verb:set package 'vla_spatial' build argument 'catkin_skip_building_tests' from command line to 'False'
[0.136s] DEBUG:colcon.colcon_core.verb:Building package 'vla_spatial' with the following arguments: {'ament_cmake_args': None, 'build_base': '/home/paneendra/vla_manipulation_ros2/build/vla_spatial', 'catkin_cmake_args': None, 'catkin_skip_building_tests': False, 'cmake_args': None, 'cmake_clean_cache': False, 'cmake_clean_first': False, 'cmake_force_configure': False, 'cmake_target': None, 'cmake_target_skip_unavailable': False, 'install_base': '/home/paneendra/vla_manipulation_ros2/install/vla_spatial', 'merge_install': False, 'path': '/home/paneendra/vla_manipulation_ros2/src/vla_spatial', 'symlink_install': True, 'test_result_base': None}
[0.136s] INFO:colcon.colcon_core.executor:Executing jobs using 'parallel' executor
[0.137s] DEBUG:colcon.colcon_parallel_executor.executor.parallel:run_until_complete
[0.137s] INFO:colcon.colcon_ros.task.ament_cmake.build:Building ROS package in '/home/paneendra/vla_manipulation_ros2/src/vla_bringup' with build type 'ament_cmake'
[0.137s] INFO:colcon.colcon_cmake.task.cmake.build:Building CMake package in '/home/paneendra/vla_manipulation_ros2/src/vla_bringup'
[0.138s] INFO:colcon.colcon_core.plugin_system:Skipping extension 'colcon_core.shell.bat': Not used on non-Windows systems
[0.138s] INFO:colcon.colcon_core.shell:Skip shell extension 'powershell' for command environment: Not usable outside of PowerShell
[0.138s] DEBUG:colcon.colcon_core.shell:Skip shell extension 'dsv' for command environment
[0.140s] INFO:colcon.colcon_ros.task.ament_cmake.build:Building ROS package in '/home/paneendra/vla_manipulation_ros2/src/vla_description' with build type 'ament_cmake'
[0.140s] INFO:colcon.colcon_cmake.task.cmake.build:Building CMake package in '/home/paneendra/vla_manipulation_ros2/src/vla_description'
[0.140s] INFO:colcon.colcon_core.shell:Skip shell extension 'powershell' for command environment: Not usable outside of PowerShell
[0.140s] DEBUG:colcon.colcon_core.shell:Skip shell extension 'dsv' for command environment
[0.142s] INFO:colcon.colcon_ros.task.ament_cmake.build:Building ROS package in '/home/paneendra/vla_manipulation_ros2/src/vla_execution' with build type 'ament_cmake'
[0.142s] INFO:colcon.colcon_cmake.task.cmake.build:Building CMake package in '/home/paneendra/vla_manipulation_ros2/src/vla_execution'
[0.142s] INFO:colcon.colcon_core.shell:Skip shell extension 'powershell' for command environment: Not usable outside of PowerShell
[0.142s] DEBUG:colcon.colcon_core.shell:Skip shell extension 'dsv' for command environment
[0.144s] INFO:colcon.colcon_ros.task.ament_cmake.build:Building ROS package in '/home/paneendra/vla_manipulation_ros2/src/vla_gazebo' with build type 'ament_cmake'
[0.144s] INFO:colcon.colcon_cmake.task.cmake.build:Building CMake package in '/home/paneendra/vla_manipulation_ros2/src/vla_gazebo'
[0.144s] INFO:colcon.colcon_core.shell:Skip shell extension 'powershell' for command environment: Not usable outside of PowerShell
[0.144s] DEBUG:colcon.colcon_core.shell:Skip shell extension 'dsv' for command environment
[0.146s] INFO:colcon.colcon_ros.task.ament_cmake.build:Building ROS package in '/home/paneendra/vla_manipulation_ros2/src/vla_moveit_config' with build type 'ament_cmake'
[0.146s] INFO:colcon.colcon_cmake.task.cmake.build:Building CMake package in '/home/paneendra/vla_manipulation_ros2/src/vla_moveit_config'
[0.146s] INFO:colcon.colcon_core.shell:Skip shell extension 'powershell' for command environment: Not usable outside of PowerShell
[0.146s] DEBUG:colcon.colcon_core.shell:Skip shell extension 'dsv' for command environment
[0.148s] INFO:colcon.colcon_ros.task.ament_python.build:Building ROS package in '/home/paneendra/vla_manipulation_ros2/src/vla_perception' with build type 'ament_python'
[0.148s] Level 1:colcon.colcon_core.shell:create_environment_hook('vla_perception', 'ament_prefix_path')
[0.148s] INFO:colcon.colcon_core.shell:Creating environment hook '/home/paneendra/vla_manipulation_ros2/install/vla_perception/share/vla_perception/hook/ament_prefix_path.ps1'
[0.148s] INFO:colcon.colcon_core.shell:Creating environment descriptor '/home/paneendra/vla_manipulation_ros2/install/vla_perception/share/vla_perception/hook/ament_prefix_path.dsv'
[0.148s] INFO:colcon.colcon_core.shell:Creating environment hook '/home/paneendra/vla_manipulation_ros2/install/vla_perception/share/vla_perception/hook/ament_prefix_path.sh'
[0.148s] INFO:colcon.colcon_core.shell:Skip shell extension 'powershell' for command environment: Not usable outside of PowerShell
[0.148s] DEBUG:colcon.colcon_core.shell:Skip shell extension 'dsv' for command environment
[0.150s] INFO:colcon.colcon_ros.task.ament_python.build:Building ROS package in '/home/paneendra/vla_manipulation_ros2/src/vla_spatial' with build type 'ament_python'
[0.150s] Level 1:colcon.colcon_core.shell:create_environment_hook('vla_spatial', 'ament_prefix_path')
[0.150s] INFO:colcon.colcon_core.shell:Creating environment hook '/home/paneendra/vla_manipulation_ros2/install/vla_spatial/share/vla_spatial/hook/ament_prefix_path.ps1'
[0.150s] INFO:colcon.colcon_core.shell:Creating environment descriptor '/home/paneendra/vla_manipulation_ros2/install/vla_spatial/share/vla_spatial/hook/ament_prefix_path.dsv'
[0.151s] INFO:colcon.colcon_core.shell:Creating environment hook '/home/paneendra/vla_manipulation_ros2/install/vla_spatial/share/vla_spatial/hook/ament_prefix_path.sh'
[0.151s] INFO:colcon.colcon_core.shell:Skip shell extension 'powershell' for command environment: Not usable outside of PowerShell
[0.151s] DEBUG:colcon.colcon_core.shell:Skip shell extension 'dsv' for command environment
[0.155s] DEBUG:colcon.colcon_core.event_handler.log_command:Invoking command in '/home/paneendra/vla_manipulation_ros2/build/vla_bringup': CMAKE_PREFIX_PATH=${CMAKE_PREFIX_PATH}:/opt/ros/jazzy DEBUGINFOD_URLS=https://debuginfod.ubuntu.com /usr/bin/cmake --build /home/paneendra/vla_manipulation_ros2/build/vla_bringup -- -j32 -l32
[0.156s] DEBUG:colcon.colcon_core.event_handler.log_command:Invoking command in '/home/paneendra/vla_manipulation_ros2/build/vla_description': CMAKE_PREFIX_PATH=${CMAKE_PREFIX_PATH}:/opt/ros/jazzy DEBUGINFOD_URLS=https://debuginfod.ubuntu.com /usr/bin/cmake --build /home/paneendra/vla_manipulation_ros2/build/vla_description -- -j32 -l32
[0.157s] DEBUG:colcon.colcon_core.event_handler.log_command:Invoking command in '/home/paneendra/vla_manipulation_ros2/build/vla_execution': CMAKE_PREFIX_PATH=${CMAKE_PREFIX_PATH}:/opt/ros/jazzy DEBUGINFOD_URLS=https://debuginfod.ubuntu.com /usr/bin/cmake --build /home/paneendra/vla_manipulation_ros2/build/vla_execution -- -j32 -l32
[0.158s] DEBUG:colcon.colcon_core.event_handler.log_command:Invoking command in '/home/paneendra/vla_manipulation_ros2/build/vla_gazebo': CMAKE_PREFIX_PATH=${CMAKE_PREFIX_PATH}:/opt/ros/jazzy DEBUGINFOD_URLS=https://debuginfod.ubuntu.com /usr/bin/cmake --build /home/paneendra/vla_manipulation_ros2/build/vla_gazebo -- -j32 -l32
[0.173s] DEBUG:colcon.colcon_core.event_handler.log_command:Invoking command in '/home/paneendra/vla_manipulation_ros2/build/vla_moveit_config': CMAKE_PREFIX_PATH=${CMAKE_PREFIX_PATH}:/opt/ros/jazzy DEBUGINFOD_URLS=https://debuginfod.ubuntu.com /usr/bin/cmake --build /home/paneendra/vla_manipulation_ros2/build/vla_moveit_config -- -j32 -l32
[0.272s] INFO:colcon.colcon_core.task.python.build:Building Python package in '/home/paneendra/vla_manipulation_ros2/src/vla_perception'
[0.272s] INFO:colcon.colcon_core.shell:Skip shell extension 'powershell' for command environment: Not usable outside of PowerShell
[0.272s] DEBUG:colcon.colcon_core.shell:Skip shell extension 'dsv' for command environment
[0.283s] DEBUG:colcon.colcon_core.event_handler.log_command:Invoked command in '/home/paneendra/vla_manipulation_ros2/build/vla_bringup' returned '0': CMAKE_PREFIX_PATH=${CMAKE_PREFIX_PATH}:/opt/ros/jazzy DEBUGINFOD_URLS=https://debuginfod.ubuntu.com /usr/bin/cmake --build /home/paneendra/vla_manipulation_ros2/build/vla_bringup -- -j32 -l32
[0.292s] DEBUG:colcon.colcon_core.event_handler.log_command:Invoking command in '/home/paneendra/vla_manipulation_ros2/build/vla_bringup': CMAKE_PREFIX_PATH=${CMAKE_PREFIX_PATH}:/opt/ros/jazzy DEBUGINFOD_URLS=https://debuginfod.ubuntu.com /usr/bin/cmake --install /home/paneendra/vla_manipulation_ros2/build/vla_bringup
[0.293s] DEBUG:colcon.colcon_core.event_handler.log_command:Invoked command in '/home/paneendra/vla_manipulation_ros2/build/vla_description' returned '0': CMAKE_PREFIX_PATH=${CMAKE_PREFIX_PATH}:/opt/ros/jazzy DEBUGINFOD_URLS=https://debuginfod.ubuntu.com /usr/bin/cmake --build /home/paneendra/vla_manipulation_ros2/build/vla_description -- -j32 -l32
[0.293s] DEBUG:colcon.colcon_core.event_handler.log_command:Invoking command in '/home/paneendra/vla_manipulation_ros2/build/vla_description': CMAKE_PREFIX_PATH=${CMAKE_PREFIX_PATH}:/opt/ros/jazzy DEBUGINFOD_URLS=https://debuginfod.ubuntu.com /usr/bin/cmake --install /home/paneendra/vla_manipulation_ros2/build/vla_description
[0.294s] DEBUG:colcon.colcon_core.event_handler.log_command:Invoked command in '/home/paneendra/vla_manipulation_ros2/build/vla_execution' returned '0': CMAKE_PREFIX_PATH=${CMAKE_PREFIX_PATH}:/opt/ros/jazzy DEBUGINFOD_URLS=https://debuginfod.ubuntu.com /usr/bin/cmake --build /home/paneendra/vla_manipulation_ros2/build/vla_execution -- -j32 -l32
[0.295s] DEBUG:colcon.colcon_core.event_handler.log_command:Invoking command in '/home/paneendra/vla_manipulation_ros2/build/vla_execution': CMAKE_PREFIX_PATH=${CMAKE_PREFIX_PATH}:/opt/ros/jazzy DEBUGINFOD_URLS=https://debuginfod.ubuntu.com /usr/bin/cmake --install /home/paneendra/vla_manipulation_ros2/build/vla_execution
[0.295s] DEBUG:colcon.colcon_core.event_handler.log_command:Invoked command in '/home/paneendra/vla_manipulation_ros2/build/vla_gazebo' returned '0': CMAKE_PREFIX_PATH=${CMAKE_PREFIX_PATH}:/opt/ros/jazzy DEBUGINFOD_URLS=https://debuginfod.ubuntu.com /usr/bin/cmake --build /home/paneendra/vla_manipulation_ros2/build/vla_gazebo -- -j32 -l32
[0.296s] DEBUG:colcon.colcon_core.event_handler.log_command:Invoking command in '/home/paneendra/vla_manipulation_ros2/build/vla_gazebo': CMAKE_PREFIX_PATH=${CMAKE_PREFIX_PATH}:/opt/ros/jazzy DEBUGINFOD_URLS=https://debuginfod.ubuntu.com /usr/bin/cmake --install /home/paneendra/vla_manipulation_ros2/build/vla_gazebo
[0.296s] DEBUG:colcon.colcon_core.event_handler.log_command:Invoked command in '/home/paneendra/vla_manipulation_ros2/build/vla_moveit_config' returned '0': CMAKE_PREFIX_PATH=${CMAKE_PREFIX_PATH}:/opt/ros/jazzy DEBUGINFOD_URLS=https://debuginfod.ubuntu.com /usr/bin/cmake --build /home/paneendra/vla_manipulation_ros2/build/vla_moveit_config -- -j32 -l32
[0.297s] DEBUG:colcon.colcon_core.event_handler.log_command:Invoking command in '/home/paneendra/vla_manipulation_ros2/build/vla_moveit_config': CMAKE_PREFIX_PATH=${CMAKE_PREFIX_PATH}:/opt/ros/jazzy DEBUGINFOD_URLS=https://debuginfod.ubuntu.com /usr/bin/cmake --install /home/paneendra/vla_manipulation_ros2/build/vla_moveit_config
[0.418s] INFO:colcon.colcon_core.task.python.build:Building Python package in '/home/paneendra/vla_manipulation_ros2/src/vla_spatial'
[0.419s] INFO:colcon.colcon_core.shell:Skip shell extension 'powershell' for command environment: Not usable outside of PowerShell
[0.419s] DEBUG:colcon.colcon_core.shell:Skip shell extension 'dsv' for command environment
[0.428s] Level 1:colcon.colcon_core.environment:create_environment_scripts_only(vla_bringup)
[0.432s] DEBUG:colcon.colcon_core.event_handler.log_command:Invoked command in '/home/paneendra/vla_manipulation_ros2/build/vla_bringup' returned '0': CMAKE_PREFIX_PATH=${CMAKE_PREFIX_PATH}:/opt/ros/jazzy DEBUGINFOD_URLS=https://debuginfod.ubuntu.com /usr/bin/cmake --install /home/paneendra/vla_manipulation_ros2/build/vla_bringup
[0.433s] Level 1:colcon.colcon_core.environment:checking '/home/paneendra/vla_manipulation_ros2/install/vla_bringup' for CMake module files
[0.433s] Level 1:colcon.colcon_core.environment:checking '/home/paneendra/vla_manipulation_ros2/install/vla_bringup' for CMake config files
[0.433s] Level 1:colcon.colcon_core.shell:create_environment_hook('vla_bringup', 'cmake_prefix_path')
[0.433s] INFO:colcon.colcon_core.shell:Creating environment hook '/home/paneendra/vla_manipulation_ros2/install/vla_bringup/share/vla_bringup/hook/cmake_prefix_path.ps1'
[0.434s] INFO:colcon.colcon_core.shell:Creating environment descriptor '/home/paneendra/vla_manipulation_ros2/install/vla_bringup/share/vla_bringup/hook/cmake_prefix_path.dsv'
[0.434s] INFO:colcon.colcon_core.shell:Creating environment hook '/home/paneendra/vla_manipulation_ros2/install/vla_bringup/share/vla_bringup/hook/cmake_prefix_path.sh'
[0.434s] Level 1:colcon.colcon_core.environment:checking '/home/paneendra/vla_manipulation_ros2/install/vla_bringup/bin'
[0.434s] Level 1:colcon.colcon_core.environment:checking '/home/paneendra/vla_manipulation_ros2/install/vla_bringup/lib/pkgconfig/vla_bringup.pc'
[0.434s] Level 1:colcon.colcon_core.environment:checking '/home/paneendra/vla_manipulation_ros2/install/vla_bringup/lib/python3.12/site-packages'
[0.434s] Level 1:colcon.colcon_core.environment:checking '/home/paneendra/vla_manipulation_ros2/install/vla_bringup/bin'
[0.435s] INFO:colcon.colcon_core.shell:Creating package script '/home/paneendra/vla_manipulation_ros2/install/vla_bringup/share/vla_bringup/package.ps1'
[0.435s] INFO:colcon.colcon_core.shell:Creating package descriptor '/home/paneendra/vla_manipulation_ros2/install/vla_bringup/share/vla_bringup/package.dsv'
[0.435s] INFO:colcon.colcon_core.shell:Creating package script '/home/paneendra/vla_manipulation_ros2/install/vla_bringup/share/vla_bringup/package.sh'
[0.435s] INFO:colcon.colcon_core.shell:Creating package script '/home/paneendra/vla_manipulation_ros2/install/vla_bringup/share/vla_bringup/package.bash'
[0.436s] INFO:colcon.colcon_core.shell:Creating package script '/home/paneendra/vla_manipulation_ros2/install/vla_bringup/share/vla_bringup/package.zsh'
[0.436s] Level 1:colcon.colcon_core.environment:create_file_with_runtime_dependencies(/home/paneendra/vla_manipulation_ros2/install/vla_bringup/share/colcon-core/packages/vla_bringup)
[0.436s] Level 1:colcon.colcon_core.environment:create_environment_scripts_only(vla_bringup)
[0.436s] Level 1:colcon.colcon_core.environment:checking '/home/paneendra/vla_manipulation_ros2/install/vla_bringup' for CMake module files
[0.436s] Level 1:colcon.colcon_core.environment:checking '/home/paneendra/vla_manipulation_ros2/install/vla_bringup' for CMake config files
[0.437s] Level 1:colcon.colcon_core.shell:create_environment_hook('vla_bringup', 'cmake_prefix_path')
[0.437s] INFO:colcon.colcon_core.shell:Creating environment hook '/home/paneendra/vla_manipulation_ros2/install/vla_bringup/share/vla_bringup/hook/cmake_prefix_path.ps1'
[0.437s] INFO:colcon.colcon_core.shell:Creating environment descriptor '/home/paneendra/vla_manipulation_ros2/install/vla_bringup/share/vla_bringup/hook/cmake_prefix_path.dsv'
[0.437s] INFO:colcon.colcon_core.shell:Creating environment hook '/home/paneendra/vla_manipulation_ros2/install/vla_bringup/share/vla_bringup/hook/cmake_prefix_path.sh'
[0.437s] Level 1:colcon.colcon_core.environment:checking '/home/paneendra/vla_manipulation_ros2/install/vla_bringup/bin'
[0.437s] Level 1:colcon.colcon_core.environment:checking '/home/paneendra/vla_manipulation_ros2/install/vla_bringup/lib/pkgconfig/vla_bringup.pc'
[0.437s] Level 1:colcon.colcon_core.environment:checking '/home/paneendra/vla_manipulation_ros2/install/vla_bringup/lib/python3.12/site-packages'
[0.438s] Level 1:colcon.colcon_core.environment:checking '/home/paneendra/vla_manipulation_ros2/install/vla_bringup/bin'
[0.438s] INFO:colcon.colcon_core.shell:Creating package script '/home/paneendra/vla_manipulation_ros2/install/vla_bringup/share/vla_bringup/package.ps1'
[0.438s] INFO:colcon.colcon_core.shell:Creating package descriptor '/home/paneendra/vla_manipulation_ros2/install/vla_bringup/share/vla_bringup/package.dsv'
[0.438s] INFO:colcon.colcon_core.shell:Creating package script '/home/paneendra/vla_manipulation_ros2/install/vla_bringup/share/vla_bringup/package.sh'
[0.438s] INFO:colcon.colcon_core.shell:Creating package script '/home/paneendra/vla_manipulation_ros2/install/vla_bringup/share/vla_bringup/package.bash'
[0.439s] INFO:colcon.colcon_core.shell:Creating package script '/home/paneendra/vla_manipulation_ros2/install/vla_bringup/share/vla_bringup/package.zsh'
[0.439s] Level 1:colcon.colcon_core.environment:create_file_with_runtime_dependencies(/home/paneendra/vla_manipulation_ros2/install/vla_bringup/share/colcon-core/packages/vla_bringup)
[0.439s] Level 1:colcon.colcon_core.environment:create_environment_scripts_only(vla_gazebo)
[0.439s] Level 1:colcon.colcon_core.environment:checking '/home/paneendra/vla_manipulation_ros2/install/vla_gazebo' for CMake module files
[0.439s] Level 1:colcon.colcon_core.environment:checking '/home/paneendra/vla_manipulation_ros2/install/vla_gazebo' for CMake config files
[0.440s] DEBUG:colcon.colcon_core.event_handler.log_command:Invoked command in '/home/paneendra/vla_manipulation_ros2/build/vla_gazebo' returned '0': CMAKE_PREFIX_PATH=${CMAKE_PREFIX_PATH}:/opt/ros/jazzy DEBUGINFOD_URLS=https://debuginfod.ubuntu.com /usr/bin/cmake --install /home/paneendra/vla_manipulation_ros2/build/vla_gazebo
[0.440s] Level 1:colcon.colcon_core.shell:create_environment_hook('vla_gazebo', 'cmake_prefix_path')
[0.440s] INFO:colcon.colcon_core.shell:Creating environment hook '/home/paneendra/vla_manipulation_ros2/install/vla_gazebo/share/vla_gazebo/hook/cmake_prefix_path.ps1'
[0.440s] INFO:colcon.colcon_core.shell:Creating environment descriptor '/home/paneendra/vla_manipulation_ros2/install/vla_gazebo/share/vla_gazebo/hook/cmake_prefix_path.dsv'
[0.440s] INFO:colcon.colcon_core.shell:Creating environment hook '/home/paneendra/vla_manipulation_ros2/install/vla_gazebo/share/vla_gazebo/hook/cmake_prefix_path.sh'
[0.440s] Level 1:colcon.colcon_core.environment:checking '/home/paneendra/vla_manipulation_ros2/install/vla_gazebo/bin'
[0.440s] Level 1:colcon.colcon_core.environment:checking '/home/paneendra/vla_manipulation_ros2/install/vla_gazebo/lib/pkgconfig/vla_gazebo.pc'
[0.440s] Level 1:colcon.colcon_core.environment:checking '/home/paneendra/vla_manipulation_ros2/install/vla_gazebo/lib/python3.12/site-packages'
[0.441s] Level 1:colcon.colcon_core.environment:checking '/home/paneendra/vla_manipulation_ros2/install/vla_gazebo/bin'
[0.441s] INFO:colcon.colcon_core.shell:Creating package script '/home/paneendra/vla_manipulation_ros2/install/vla_gazebo/share/vla_gazebo/package.ps1'
[0.441s] INFO:colcon.colcon_core.shell:Creating package descriptor '/home/paneendra/vla_manipulation_ros2/install/vla_gazebo/share/vla_gazebo/package.dsv'
[0.441s] INFO:colcon.colcon_core.shell:Creating package script '/home/paneendra/vla_manipulation_ros2/install/vla_gazebo/share/vla_gazebo/package.sh'
[0.441s] INFO:colcon.colcon_core.shell:Creating package script '/home/paneendra/vla_manipulation_ros2/install/vla_gazebo/share/vla_gazebo/package.bash'
[0.441s] INFO:colcon.colcon_core.shell:Creating package script '/home/paneendra/vla_manipulation_ros2/install/vla_gazebo/share/vla_gazebo/package.zsh'
[0.441s] Level 1:colcon.colcon_core.environment:create_file_with_runtime_dependencies(/home/paneendra/vla_manipulation_ros2/install/vla_gazebo/share/colcon-core/packages/vla_gazebo)
[0.442s] Level 1:colcon.colcon_core.environment:create_environment_scripts_only(vla_gazebo)
[0.442s] Level 1:colcon.colcon_core.environment:checking '/home/paneendra/vla_manipulation_ros2/install/vla_gazebo' for CMake module files
[0.442s] Level 1:colcon.colcon_core.environment:checking '/home/paneendra/vla_manipulation_ros2/install/vla_gazebo' for CMake config files
[0.442s] Level 1:colcon.colcon_core.shell:create_environment_hook('vla_gazebo', 'cmake_prefix_path')
[0.442s] INFO:colcon.colcon_core.shell:Creating environment hook '/home/paneendra/vla_manipulation_ros2/install/vla_gazebo/share/vla_gazebo/hook/cmake_prefix_path.ps1'
[0.442s] INFO:colcon.colcon_core.shell:Creating environment descriptor '/home/paneendra/vla_manipulation_ros2/install/vla_gazebo/share/vla_gazebo/hook/cmake_prefix_path.dsv'
[0.442s] INFO:colcon.colcon_core.shell:Creating environment hook '/home/paneendra/vla_manipulation_ros2/install/vla_gazebo/share/vla_gazebo/hook/cmake_prefix_path.sh'
[0.443s] Level 1:colcon.colcon_core.environment:checking '/home/paneendra/vla_manipulation_ros2/install/vla_gazebo/bin'
[0.443s] Level 1:colcon.colcon_core.environment:checking '/home/paneendra/vla_manipulation_ros2/install/vla_gazebo/lib/pkgconfig/vla_gazebo.pc'
[0.443s] Level 1:colcon.colcon_core.environment:checking '/home/paneendra/vla_manipulation_ros2/install/vla_gazebo/lib/python3.12/site-packages'
[0.443s] Level 1:colcon.colcon_core.environment:checking '/home/paneendra/vla_manipulation_ros2/install/vla_gazebo/bin'
[0.443s] INFO:colcon.colcon_core.shell:Creating package script '/home/paneendra/vla_manipulation_ros2/install/vla_gazebo/share/vla_gazebo/package.ps1'
[0.444s] INFO:colcon.colcon_core.shell:Creating package descriptor '/home/paneendra/vla_manipulation_ros2/install/vla_gazebo/share/vla_gazebo/package.dsv'
[0.444s] INFO:colcon.colcon_core.shell:Creating package script '/home/paneendra/vla_manipulation_ros2/install/vla_gazebo/share/vla_gazebo/package.sh'
[0.444s] INFO:colcon.colcon_core.shell:Creating package script '/home/paneendra/vla_manipulation_ros2/install/vla_gazebo/share/vla_gazebo/package.bash'
[0.444s] INFO:colcon.colcon_core.shell:Creating package script '/home/paneendra/vla_manipulation_ros2/install/vla_gazebo/share/vla_gazebo/package.zsh'
[0.445s] Level 1:colcon.colcon_core.environment:create_file_with_runtime_dependencies(/home/paneendra/vla_manipulation_ros2/install/vla_gazebo/share/colcon-core/packages/vla_gazebo)
[0.445s] Level 1:colcon.colcon_core.environment:create_environment_scripts_only(vla_description)
[0.445s] Level 1:colcon.colcon_core.environment:checking '/home/paneendra/vla_manipulation_ros2/install/vla_description' for CMake module files
[0.445s] Level 1:colcon.colcon_core.environment:checking '/home/paneendra/vla_manipulation_ros2/install/vla_description' for CMake config files
[0.446s] DEBUG:colcon.colcon_core.event_handler.log_command:Invoked command in '/home/paneendra/vla_manipulation_ros2/build/vla_description' returned '0': CMAKE_PREFIX_PATH=${CMAKE_PREFIX_PATH}:/opt/ros/jazzy DEBUGINFOD_URLS=https://debuginfod.ubuntu.com /usr/bin/cmake --install /home/paneendra/vla_manipulation_ros2/build/vla_description
[0.446s] Level 1:colcon.colcon_core.shell:create_environment_hook('vla_description', 'cmake_prefix_path')
[0.446s] INFO:colcon.colcon_core.shell:Creating environment hook '/home/paneendra/vla_manipulation_ros2/install/vla_description/share/vla_description/hook/cmake_prefix_path.ps1'
[0.446s] INFO:colcon.colcon_core.shell:Creating environment descriptor '/home/paneendra/vla_manipulation_ros2/install/vla_description/share/vla_description/hook/cmake_prefix_path.dsv'
[0.446s] INFO:colcon.colcon_core.shell:Creating environment hook '/home/paneendra/vla_manipulation_ros2/install/vla_description/share/vla_description/hook/cmake_prefix_path.sh'
[0.447s] Level 1:colcon.colcon_core.environment:checking '/home/paneendra/vla_manipulation_ros2/install/vla_description/bin'
[0.447s] Level 1:colcon.colcon_core.environment:checking '/home/paneendra/vla_manipulation_ros2/install/vla_description/lib/pkgconfig/vla_description.pc'
[0.447s] Level 1:colcon.colcon_core.environment:checking '/home/paneendra/vla_manipulation_ros2/install/vla_description/lib/python3.12/site-packages'
[0.447s] Level 1:colcon.colcon_core.environment:checking '/home/paneendra/vla_manipulation_ros2/install/vla_description/bin'
[0.447s] INFO:colcon.colcon_core.shell:Creating package script '/home/paneendra/vla_manipulation_ros2/install/vla_description/share/vla_description/package.ps1'
[0.447s] INFO:colcon.colcon_core.shell:Creating package descriptor '/home/paneendra/vla_manipulation_ros2/install/vla_description/share/vla_description/package.dsv'
[0.447s] INFO:colcon.colcon_core.shell:Creating package script '/home/paneendra/vla_manipulation_ros2/install/vla_description/share/vla_description/package.sh'
[0.448s] INFO:colcon.colcon_core.shell:Creating package script '/home/paneendra/vla_manipulation_ros2/install/vla_description/share/vla_description/package.bash'
[0.448s] INFO:colcon.colcon_core.shell:Creating package script '/home/paneendra/vla_manipulation_ros2/install/vla_description/share/vla_description/package.zsh'
[0.448s] Level 1:colcon.colcon_core.environment:create_file_with_runtime_dependencies(/home/paneendra/vla_manipulation_ros2/install/vla_description/share/colcon-core/packages/vla_description)
[0.448s] Level 1:colcon.colcon_core.environment:create_environment_scripts_only(vla_description)
[0.448s] Level 1:colcon.colcon_core.environment:checking '/home/paneendra/vla_manipulation_ros2/install/vla_description' for CMake module files
[0.448s] Level 1:colcon.colcon_core.environment:checking '/home/paneendra/vla_manipulation_ros2/install/vla_description' for CMake config files
[0.449s] Level 1:colcon.colcon_core.shell:create_environment_hook('vla_description', 'cmake_prefix_path')
[0.449s] INFO:colcon.colcon_core.shell:Creating environment hook '/home/paneendra/vla_manipulation_ros2/install/vla_description/share/vla_description/hook/cmake_prefix_path.ps1'
[0.449s] INFO:colcon.colcon_core.shell:Creating environment descriptor '/home/paneendra/vla_manipulation_ros2/install/vla_description/share/vla_description/hook/cmake_prefix_path.dsv'
[0.449s] INFO:colcon.colcon_core.shell:Creating environment hook '/home/paneendra/vla_manipulation_ros2/install/vla_description/share/vla_description/hook/cmake_prefix_path.sh'
[0.449s] Level 1:colcon.colcon_core.environment:checking '/home/paneendra/vla_manipulation_ros2/install/vla_description/bin'
[0.449s] Level 1:colcon.colcon_core.environment:checking '/home/paneendra/vla_manipulation_ros2/install/vla_description/lib/pkgconfig/vla_description.pc'
[0.449s] Level 1:colcon.colcon_core.environment:checking '/home/paneendra/vla_manipulation_ros2/install/vla_description/lib/python3.12/site-packages'
[0.450s] Level 1:colcon.colcon_core.environment:checking '/home/paneendra/vla_manipulation_ros2/install/vla_description/bin'
[0.450s] INFO:colcon.colcon_core.shell:Creating package script '/home/paneendra/vla_manipulation_ros2/install/vla_description/share/vla_description/package.ps1'
[0.450s] INFO:colcon.colcon_core.shell:Creating package descriptor '/home/paneendra/vla_manipulation_ros2/install/vla_description/share/vla_description/package.dsv'
[0.450s] INFO:colcon.colcon_core.shell:Creating package script '/home/paneendra/vla_manipulation_ros2/install/vla_description/share/vla_description/package.sh'
[0.450s] INFO:colcon.colcon_core.shell:Creating package script '/home/paneendra/vla_manipulation_ros2/install/vla_description/share/vla_description/package.bash'
[0.451s] INFO:colcon.colcon_core.shell:Creating package script '/home/paneendra/vla_manipulation_ros2/install/vla_description/share/vla_description/package.zsh'
[0.451s] Level 1:colcon.colcon_core.environment:create_file_with_runtime_dependencies(/home/paneendra/vla_manipulation_ros2/install/vla_description/share/colcon-core/packages/vla_description)
[0.451s] Level 1:colcon.colcon_core.environment:create_environment_scripts_only(vla_moveit_config)
[0.451s] Level 1:colcon.colcon_core.environment:checking '/home/paneendra/vla_manipulation_ros2/install/vla_moveit_config' for CMake module files
[0.452s] Level 1:colcon.colcon_core.environment:checking '/home/paneendra/vla_manipulation_ros2/install/vla_moveit_config' for CMake config files
[0.452s] DEBUG:colcon.colcon_core.event_handler.log_command:Invoked command in '/home/paneendra/vla_manipulation_ros2/build/vla_moveit_config' returned '0': CMAKE_PREFIX_PATH=${CMAKE_PREFIX_PATH}:/opt/ros/jazzy DEBUGINFOD_URLS=https://debuginfod.ubuntu.com /usr/bin/cmake --install /home/paneendra/vla_manipulation_ros2/build/vla_moveit_config
[0.452s] Level 1:colcon.colcon_core.shell:create_environment_hook('vla_moveit_config', 'cmake_prefix_path')
[0.452s] INFO:colcon.colcon_core.shell:Creating environment hook '/home/paneendra/vla_manipulation_ros2/install/vla_moveit_config/share/vla_moveit_config/hook/cmake_prefix_path.ps1'
[0.452s] INFO:colcon.colcon_core.shell:Creating environment descriptor '/home/paneendra/vla_manipulation_ros2/install/vla_moveit_config/share/vla_moveit_config/hook/cmake_prefix_path.dsv'
[0.452s] INFO:colcon.colcon_core.shell:Creating environment hook '/home/paneendra/vla_manipulation_ros2/install/vla_moveit_config/share/vla_moveit_config/hook/cmake_prefix_path.sh'
[0.453s] Level 1:colcon.colcon_core.environment:checking '/home/paneendra/vla_manipulation_ros2/install/vla_moveit_config/bin'
[0.453s] Level 1:colcon.colcon_core.environment:checking '/home/paneendra/vla_manipulation_ros2/install/vla_moveit_config/lib/pkgconfig/vla_moveit_config.pc'
[0.453s] Level 1:colcon.colcon_core.environment:checking '/home/paneendra/vla_manipulation_ros2/install/vla_moveit_config/lib/python3.12/site-packages'
[0.453s] Level 1:colcon.colcon_core.environment:checking '/home/paneendra/vla_manipulation_ros2/install/vla_moveit_config/bin'
[0.453s] INFO:colcon.colcon_core.shell:Creating package script '/home/paneendra/vla_manipulation_ros2/install/vla_moveit_config/share/vla_moveit_config/package.ps1'
[0.453s] INFO:colcon.colcon_core.shell:Creating package descriptor '/home/paneendra/vla_manipulation_ros2/install/vla_moveit_config/share/vla_moveit_config/package.dsv'
[0.454s] INFO:colcon.colcon_core.shell:Creating package script '/home/paneendra/vla_manipulation_ros2/install/vla_moveit_config/share/vla_moveit_config/package.sh'
[0.454s] INFO:colcon.colcon_core.shell:Creating package script '/home/paneendra/vla_manipulation_ros2/install/vla_moveit_config/share/vla_moveit_config/package.bash'
[0.454s] INFO:colcon.colcon_core.shell:Creating package script '/home/paneendra/vla_manipulation_ros2/install/vla_moveit_config/share/vla_moveit_config/package.zsh'
[0.454s] Level 1:colcon.colcon_core.environment:create_file_with_runtime_dependencies(/home/paneendra/vla_manipulation_ros2/install/vla_moveit_config/share/colcon-core/packages/vla_moveit_config)
[0.454s] Level 1:colcon.colcon_core.environment:create_environment_scripts_only(vla_moveit_config)
[0.454s] Level 1:colcon.colcon_core.environment:checking '/home/paneendra/vla_manipulation_ros2/install/vla_moveit_config' for CMake module files
[0.455s] Level 1:colcon.colcon_core.environment:checking '/home/paneendra/vla_manipulation_ros2/install/vla_moveit_config' for CMake config files
[0.455s] Level 1:colcon.colcon_core.shell:create_environment_hook('vla_moveit_config', 'cmake_prefix_path')
[0.455s] INFO:colcon.colcon_core.shell:Creating environment hook '/home/paneendra/vla_manipulation_ros2/install/vla_moveit_config/share/vla_moveit_config/hook/cmake_prefix_path.ps1'
[0.455s] INFO:colcon.colcon_core.shell:Creating environment descriptor '/home/paneendra/vla_manipulation_ros2/install/vla_moveit_config/share/vla_moveit_config/hook/cmake_prefix_path.dsv'
[0.455s] INFO:colcon.colcon_core.shell:Creating environment hook '/home/paneendra/vla_manipulation_ros2/install/vla_moveit_config/share/vla_moveit_config/hook/cmake_prefix_path.sh'
[0.455s] Level 1:colcon.colcon_core.environment:checking '/home/paneendra/vla_manipulation_ros2/install/vla_moveit_config/bin'
[0.455s] Level 1:colcon.colcon_core.environment:checking '/home/paneendra/vla_manipulation_ros2/install/vla_moveit_config/lib/pkgconfig/vla_moveit_config.pc'
[0.456s] Level 1:colcon.colcon_core.environment:checking '/home/paneendra/vla_manipulation_ros2/install/vla_moveit_config/lib/python3.12/site-packages'
[0.456s] Level 1:colcon.colcon_core.environment:checking '/home/paneendra/vla_manipulation_ros2/install/vla_moveit_config/bin'
[0.456s] INFO:colcon.colcon_core.shell:Creating package script '/home/paneendra/vla_manipulation_ros2/install/vla_moveit_config/share/vla_moveit_config/package.ps1'
[0.456s] INFO:colcon.colcon_core.shell:Creating package descriptor '/home/paneendra/vla_manipulation_ros2/install/vla_moveit_config/share/vla_moveit_config/package.dsv'
[0.456s] INFO:colcon.colcon_core.shell:Creating package script '/home/paneendra/vla_manipulation_ros2/install/vla_moveit_config/share/vla_moveit_config/package.sh'
[0.456s] INFO:colcon.colcon_core.shell:Creating package script '/home/paneendra/vla_manipulation_ros2/install/vla_moveit_config/share/vla_moveit_config/package.bash'
[0.457s] INFO:colcon.colcon_core.shell:Creating package script '/home/paneendra/vla_manipulation_ros2/install/vla_moveit_config/share/vla_moveit_config/package.zsh'
[0.457s] Level 1:colcon.colcon_core.environment:create_file_with_runtime_dependencies(/home/paneendra/vla_manipulation_ros2/install/vla_moveit_config/share/colcon-core/packages/vla_moveit_config)
[0.458s] Level 1:colcon.colcon_core.environment:create_environment_scripts_only(vla_execution)
[0.458s] Level 1:colcon.colcon_core.environment:checking '/home/paneendra/vla_manipulation_ros2/install/vla_execution' for CMake module files
[0.459s] DEBUG:colcon.colcon_core.event_handler.log_command:Invoked command in '/home/paneendra/vla_manipulation_ros2/build/vla_execution' returned '0': CMAKE_PREFIX_PATH=${CMAKE_PREFIX_PATH}:/opt/ros/jazzy DEBUGINFOD_URLS=https://debuginfod.ubuntu.com /usr/bin/cmake --install /home/paneendra/vla_manipulation_ros2/build/vla_execution
[0.459s] Level 1:colcon.colcon_core.environment:checking '/home/paneendra/vla_manipulation_ros2/install/vla_execution' for CMake config files
[0.459s] Level 1:colcon.colcon_core.shell:create_environment_hook('vla_execution', 'cmake_prefix_path')
[0.459s] INFO:colcon.colcon_core.shell:Creating environment hook '/home/paneendra/vla_manipulation_ros2/install/vla_execution/share/vla_execution/hook/cmake_prefix_path.ps1'
[0.459s] INFO:colcon.colcon_core.shell:Creating environment descriptor '/home/paneendra/vla_manipulation_ros2/install/vla_execution/share/vla_execution/hook/cmake_prefix_path.dsv'
[0.459s] INFO:colcon.colcon_core.shell:Creating environment hook '/home/paneendra/vla_manipulation_ros2/install/vla_execution/share/vla_execution/hook/cmake_prefix_path.sh'
[0.459s] Level 1:colcon.colcon_core.environment:checking '/home/paneendra/vla_manipulation_ros2/install/vla_execution/lib'
[0.460s] Level 1:colcon.colcon_core.environment:checking '/home/paneendra/vla_manipulation_ros2/install/vla_execution/bin'
[0.460s] Level 1:colcon.colcon_core.environment:checking '/home/paneendra/vla_manipulation_ros2/install/vla_execution/lib/pkgconfig/vla_execution.pc'
[0.460s] Level 1:colcon.colcon_core.environment:checking '/home/paneendra/vla_manipulation_ros2/install/vla_execution/lib/python3.12/site-packages'
[0.460s] Level 1:colcon.colcon_core.environment:checking '/home/paneendra/vla_manipulation_ros2/install/vla_execution/bin'
[0.460s] INFO:colcon.colcon_core.shell:Creating package script '/home/paneendra/vla_manipulation_ros2/install/vla_execution/share/vla_execution/package.ps1'
[0.460s] INFO:colcon.colcon_core.shell:Creating package descriptor '/home/paneendra/vla_manipulation_ros2/install/vla_execution/share/vla_execution/package.dsv'
[0.460s] INFO:colcon.colcon_core.shell:Creating package script '/home/paneendra/vla_manipulation_ros2/install/vla_execution/share/vla_execution/package.sh'
[0.461s] INFO:colcon.colcon_core.shell:Creating package script '/home/paneendra/vla_manipulation_ros2/install/vla_execution/share/vla_execution/package.bash'
[0.461s] INFO:colcon.colcon_core.shell:Creating package script '/home/paneendra/vla_manipulation_ros2/install/vla_execution/share/vla_execution/package.zsh'
[0.461s] Level 1:colcon.colcon_core.environment:create_file_with_runtime_dependencies(/home/paneendra/vla_manipulation_ros2/install/vla_execution/share/colcon-core/packages/vla_execution)
[0.461s] Level 1:colcon.colcon_core.environment:create_environment_scripts_only(vla_execution)
[0.461s] Level 1:colcon.colcon_core.environment:checking '/home/paneendra/vla_manipulation_ros2/install/vla_execution' for CMake module files
[0.461s] Level 1:colcon.colcon_core.environment:checking '/home/paneendra/vla_manipulation_ros2/install/vla_execution' for CMake config files
[0.461s] Level 1:colcon.colcon_core.shell:create_environment_hook('vla_execution', 'cmake_prefix_path')
[0.462s] INFO:colcon.colcon_core.shell:Creating environment hook '/home/paneendra/vla_manipulation_ros2/install/vla_execution/share/vla_execution/hook/cmake_prefix_path.ps1'
[0.462s] INFO:colcon.colcon_core.shell:Creating environment descriptor '/home/paneendra/vla_manipulation_ros2/install/vla_execution/share/vla_execution/hook/cmake_prefix_path.dsv'
[0.462s] INFO:colcon.colcon_core.shell:Creating environment hook '/home/paneendra/vla_manipulation_ros2/install/vla_execution/share/vla_execution/hook/cmake_prefix_path.sh'
[0.462s] Level 1:colcon.colcon_core.environment:checking '/home/paneendra/vla_manipulation_ros2/install/vla_execution/lib'
[0.462s] Level 1:colcon.colcon_core.environment:checking '/home/paneendra/vla_manipulation_ros2/install/vla_execution/bin'
[0.462s] Level 1:colcon.colcon_core.environment:checking '/home/paneendra/vla_manipulation_ros2/install/vla_execution/lib/pkgconfig/vla_execution.pc'
[0.462s] Level 1:colcon.colcon_core.environment:checking '/home/paneendra/vla_manipulation_ros2/install/vla_execution/lib/python3.12/site-packages'
[0.462s] Level 1:colcon.colcon_core.environment:checking '/home/paneendra/vla_manipulation_ros2/install/vla_execution/bin'
[0.463s] INFO:colcon.colcon_core.shell:Creating package script '/home/paneendra/vla_manipulation_ros2/install/vla_execution/share/vla_execution/package.ps1'
[0.463s] INFO:colcon.colcon_core.shell:Creating package descriptor '/home/paneendra/vla_manipulation_ros2/install/vla_execution/share/vla_execution/package.dsv'
[0.463s] INFO:colcon.colcon_core.shell:Creating package script '/home/paneendra/vla_manipulation_ros2/install/vla_execution/share/vla_execution/package.sh'
[0.463s] INFO:colcon.colcon_core.shell:Creating package script '/home/paneendra/vla_manipulation_ros2/install/vla_execution/share/vla_execution/package.bash'
[0.463s] INFO:colcon.colcon_core.shell:Creating package script '/home/paneendra/vla_manipulation_ros2/install/vla_execution/share/vla_execution/package.zsh'
[0.463s] Level 1:colcon.colcon_core.environment:create_file_with_runtime_dependencies(/home/paneendra/vla_manipulation_ros2/install/vla_execution/share/colcon-core/packages/vla_execution)
[0.748s] DEBUG:colcon.colcon_core.task.python.build:Available setuptools commands: bdist_egg, upload_docs, egg_info, saveopts, install_data, bdist_wheel, dist_info, bdist_dumb, extract_messages, build_scripts, bdist_rpm, sdist, alias, init_catalog, build_clib, test, install_headers, install, register, build_py, editable_wheel, install_scripts, bdist, develop, build_ext, compile_catalog, rotate, install_egg_info, upload, symlink_data, build, check, easy_install, update_catalog, install_lib, setopt, clean
[0.800s] DEBUG:colcon.colcon_core.task.python.build:Available setuptools commands: bdist_egg, upload_docs, egg_info, saveopts, install_data, bdist_wheel, dist_info, bdist_dumb, extract_messages, build_scripts, bdist_rpm, sdist, alias, init_catalog, build_clib, test, install_headers, install, register, build_py, editable_wheel, install_scripts, bdist, develop, build_ext, compile_catalog, rotate, install_egg_info, upload, symlink_data, build, check, easy_install, update_catalog, install_lib, setopt, clean
[0.928s] DEBUG:colcon.colcon_core.task.python.build:Available setuptools 'develop' options: --local-snapshots-ok, --no-deps, --no-user-cfg, --build-directory, --index-url, --install-dir, --always-copy, --user, --editable, --zip-ok, --optimize, --verbose, --record, --find-links, --multi-version, --help, --site-dirs, --force-installation-into-system-dir, --no-find-links, --install-layout, --uninstall, --dry-run, --quiet, --script-dir, --always-unzip, --egg-path, --exclude-scripts, --version, --prefix, --allow-hosts, --upgrade
[0.929s] DEBUG:colcon.colcon_core.event_handler.log_command:Invoking command in '/home/paneendra/vla_manipulation_ros2/build/vla_perception': DEBUGINFOD_URLS=https://debuginfod.ubuntu.com PYTHONPATH=/home/paneendra/vla_manipulation_ros2/build/vla_perception/prefix_override:/usr/lib/python3/dist-packages/colcon_core/task/python/colcon_distutils_commands:/home/paneendra/vla_manipulation_ros2/install/vla_perception/lib/python3.12/site-packages:${PYTHONPATH} /usr/bin/python3 -W ignore:setup.py install is deprecated -W ignore:easy_install command is deprecated setup.py develop --editable --build-directory /home/paneendra/vla_manipulation_ros2/build/vla_perception/build --no-deps symlink_data
[0.972s] DEBUG:colcon.colcon_core.task.python.build:Available setuptools 'develop' options: --local-snapshots-ok, --no-deps, --no-user-cfg, --build-directory, --index-url, --install-dir, --always-copy, --user, --editable, --zip-ok, --optimize, --verbose, --record, --find-links, --multi-version, --help, --site-dirs, --force-installation-into-system-dir, --no-find-links, --install-layout, --uninstall, --dry-run, --quiet, --script-dir, --always-unzip, --egg-path, --exclude-scripts, --version, --prefix, --allow-hosts, --upgrade
[0.973s] DEBUG:colcon.colcon_core.event_handler.log_command:Invoking command in '/home/paneendra/vla_manipulation_ros2/build/vla_spatial': DEBUGINFOD_URLS=https://debuginfod.ubuntu.com PYTHONPATH=/home/paneendra/vla_manipulation_ros2/build/vla_spatial/prefix_override:/usr/lib/python3/dist-packages/colcon_core/task/python/colcon_distutils_commands:/home/paneendra/vla_manipulation_ros2/install/vla_spatial/lib/python3.12/site-packages:${PYTHONPATH} /usr/bin/python3 -W ignore:setup.py install is deprecated -W ignore:easy_install command is deprecated setup.py develop --editable --build-directory /home/paneendra/vla_manipulation_ros2/build/vla_spatial/build --no-deps symlink_data
[1.276s] Level 1:colcon.colcon_core.shell:create_environment_hook('vla_perception', 'pythonpath_develop')
[1.276s] INFO:colcon.colcon_core.shell:Creating environment hook '/home/paneendra/vla_manipulation_ros2/build/vla_perception/share/vla_perception/hook/pythonpath_develop.ps1'
[1.276s] DEBUG:colcon.colcon_core.event_handler.log_command:Invoked command in '/home/paneendra/vla_manipulation_ros2/build/vla_perception' returned '0': DEBUGINFOD_URLS=https://debuginfod.ubuntu.com PYTHONPATH=/home/paneendra/vla_manipulation_ros2/build/vla_perception/prefix_override:/usr/lib/python3/dist-packages/colcon_core/task/python/colcon_distutils_commands:/home/paneendra/vla_manipulation_ros2/install/vla_perception/lib/python3.12/site-packages:${PYTHONPATH} /usr/bin/python3 -W ignore:setup.py install is deprecated -W ignore:easy_install command is deprecated setup.py develop --editable --build-directory /home/paneendra/vla_manipulation_ros2/build/vla_perception/build --no-deps symlink_data
[1.276s] INFO:colcon.colcon_core.shell:Creating environment descriptor '/home/paneendra/vla_manipulation_ros2/build/vla_perception/share/vla_perception/hook/pythonpath_develop.dsv'
[1.277s] INFO:colcon.colcon_core.shell:Creating environment hook '/home/paneendra/vla_manipulation_ros2/build/vla_perception/share/vla_perception/hook/pythonpath_develop.sh'
[1.277s] Level 1:colcon.colcon_core.environment:checking '/home/paneendra/vla_manipulation_ros2/install/vla_perception' for CMake module files
[1.277s] Level 1:colcon.colcon_core.environment:checking '/home/paneendra/vla_manipulation_ros2/install/vla_perception' for CMake config files
[1.277s] Level 1:colcon.colcon_core.environment:checking '/home/paneendra/vla_manipulation_ros2/install/vla_perception/lib'
[1.277s] Level 1:colcon.colcon_core.environment:checking '/home/paneendra/vla_manipulation_ros2/install/vla_perception/bin'
[1.277s] Level 1:colcon.colcon_core.environment:checking '/home/paneendra/vla_manipulation_ros2/install/vla_perception/lib/pkgconfig/vla_perception.pc'
[1.278s] Level 1:colcon.colcon_core.environment:checking '/home/paneendra/vla_manipulation_ros2/install/vla_perception/lib/python3.12/site-packages'
[1.278s] Level 1:colcon.colcon_core.shell:create_environment_hook('vla_perception', 'pythonpath')
[1.278s] INFO:colcon.colcon_core.shell:Creating environment hook '/home/paneendra/vla_manipulation_ros2/install/vla_perception/share/vla_perception/hook/pythonpath.ps1'
[1.278s] INFO:colcon.colcon_core.shell:Creating environment descriptor '/home/paneendra/vla_manipulation_ros2/install/vla_perception/share/vla_perception/hook/pythonpath.dsv'
[1.278s] INFO:colcon.colcon_core.shell:Creating environment hook '/home/paneendra/vla_manipulation_ros2/install/vla_perception/share/vla_perception/hook/pythonpath.sh'
[1.278s] Level 1:colcon.colcon_core.environment:checking '/home/paneendra/vla_manipulation_ros2/install/vla_perception/bin'
[1.278s] Level 1:colcon.colcon_core.environment:create_environment_scripts_only(vla_perception)
[1.279s] INFO:colcon.colcon_core.shell:Creating package script '/home/paneendra/vla_manipulation_ros2/install/vla_perception/share/vla_perception/package.ps1'
[1.279s] INFO:colcon.colcon_core.shell:Creating package descriptor '/home/paneendra/vla_manipulation_ros2/install/vla_perception/share/vla_perception/package.dsv'
[1.279s] INFO:colcon.colcon_core.shell:Creating package script '/home/paneendra/vla_manipulation_ros2/install/vla_perception/share/vla_perception/package.sh'
[1.279s] INFO:colcon.colcon_core.shell:Creating package script '/home/paneendra/vla_manipulation_ros2/install/vla_perception/share/vla_perception/package.bash'
[1.280s] INFO:colcon.colcon_core.shell:Creating package script '/home/paneendra/vla_manipulation_ros2/install/vla_perception/share/vla_perception/package.zsh'
[1.280s] Level 1:colcon.colcon_core.environment:create_file_with_runtime_dependencies(/home/paneendra/vla_manipulation_ros2/install/vla_perception/share/colcon-core/packages/vla_perception)
[1.322s] Level 1:colcon.colcon_core.shell:create_environment_hook('vla_spatial', 'pythonpath_develop')
[1.323s] DEBUG:colcon.colcon_core.event_handler.log_command:Invoked command in '/home/paneendra/vla_manipulation_ros2/build/vla_spatial' returned '0': DEBUGINFOD_URLS=https://debuginfod.ubuntu.com PYTHONPATH=/home/paneendra/vla_manipulation_ros2/build/vla_spatial/prefix_override:/usr/lib/python3/dist-packages/colcon_core/task/python/colcon_distutils_commands:/home/paneendra/vla_manipulation_ros2/install/vla_spatial/lib/python3.12/site-packages:${PYTHONPATH} /usr/bin/python3 -W ignore:setup.py install is deprecated -W ignore:easy_install command is deprecated setup.py develop --editable --build-directory /home/paneendra/vla_manipulation_ros2/build/vla_spatial/build --no-deps symlink_data
[1.323s] INFO:colcon.colcon_core.shell:Creating environment hook '/home/paneendra/vla_manipulation_ros2/build/vla_spatial/share/vla_spatial/hook/pythonpath_develop.ps1'
[1.324s] INFO:colcon.colcon_core.shell:Creating environment descriptor '/home/paneendra/vla_manipulation_ros2/build/vla_spatial/share/vla_spatial/hook/pythonpath_develop.dsv'
[1.324s] INFO:colcon.colcon_core.shell:Creating environment hook '/home/paneendra/vla_manipulation_ros2/build/vla_spatial/share/vla_spatial/hook/pythonpath_develop.sh'
[1.324s] Level 1:colcon.colcon_core.environment:checking '/home/paneendra/vla_manipulation_ros2/install/vla_spatial' for CMake module files
[1.325s] Level 1:colcon.colcon_core.environment:checking '/home/paneendra/vla_manipulation_ros2/install/vla_spatial' for CMake config files
[1.325s] Level 1:colcon.colcon_core.environment:checking '/home/paneendra/vla_manipulation_ros2/install/vla_spatial/lib'
[1.325s] Level 1:colcon.colcon_core.environment:checking '/home/paneendra/vla_manipulation_ros2/install/vla_spatial/bin'
[1.325s] Level 1:colcon.colcon_core.environment:checking '/home/paneendra/vla_manipulation_ros2/install/vla_spatial/lib/pkgconfig/vla_spatial.pc'
[1.325s] Level 1:colcon.colcon_core.environment:checking '/home/paneendra/vla_manipulation_ros2/install/vla_spatial/lib/python3.12/site-packages'
[1.325s] Level 1:colcon.colcon_core.shell:create_environment_hook('vla_spatial', 'pythonpath')
[1.326s] INFO:colcon.colcon_core.shell:Creating environment hook '/home/paneendra/vla_manipulation_ros2/install/vla_spatial/share/vla_spatial/hook/pythonpath.ps1'
[1.326s] INFO:colcon.colcon_core.shell:Creating environment descriptor '/home/paneendra/vla_manipulation_ros2/install/vla_spatial/share/vla_spatial/hook/pythonpath.dsv'
[1.326s] INFO:colcon.colcon_core.shell:Creating environment hook '/home/paneendra/vla_manipulation_ros2/install/vla_spatial/share/vla_spatial/hook/pythonpath.sh'
[1.327s] Level 1:colcon.colcon_core.environment:checking '/home/paneendra/vla_manipulation_ros2/install/vla_spatial/bin'
[1.327s] Level 1:colcon.colcon_core.environment:create_environment_scripts_only(vla_spatial)
[1.327s] INFO:colcon.colcon_core.shell:Creating package script '/home/paneendra/vla_manipulation_ros2/install/vla_spatial/share/vla_spatial/package.ps1'
[1.327s] INFO:colcon.colcon_core.shell:Creating package descriptor '/home/paneendra/vla_manipulation_ros2/install/vla_spatial/share/vla_spatial/package.dsv'
[1.327s] INFO:colcon.colcon_core.shell:Creating package script '/home/paneendra/vla_manipulation_ros2/install/vla_spatial/share/vla_spatial/package.sh'
[1.327s] INFO:colcon.colcon_core.shell:Creating package script '/home/paneendra/vla_manipulation_ros2/install/vla_spatial/share/vla_spatial/package.bash'
[1.328s] INFO:colcon.colcon_core.shell:Creating package script '/home/paneendra/vla_manipulation_ros2/install/vla_spatial/share/vla_spatial/package.zsh'
[1.328s] Level 1:colcon.colcon_core.environment:create_file_with_runtime_dependencies(/home/paneendra/vla_manipulation_ros2/install/vla_spatial/share/colcon-core/packages/vla_spatial)
[1.328s] DEBUG:colcon.colcon_parallel_executor.executor.parallel:closing loop
[1.328s] DEBUG:colcon.colcon_parallel_executor.executor.parallel:loop closed
[1.328s] DEBUG:colcon.colcon_parallel_executor.executor.parallel:run_until_complete finished with '0'
[1.328s] DEBUG:colcon.colcon_core.event_reactor:joining thread
[1.333s] INFO:colcon.colcon_core.plugin_system:Skipping extension 'colcon_notification.desktop_notification.terminal_notifier': Not used on non-Darwin systems
[1.333s] INFO:colcon.colcon_core.plugin_system:Skipping extension 'colcon_notification.desktop_notification.win32': Not used on non-Windows systems
[1.333s] INFO:colcon.colcon_notification.desktop_notification:Sending desktop notification using 'notify2'
[1.345s] DEBUG:colcon.colcon_core.event_reactor:joined thread
[1.345s] INFO:colcon.colcon_core.shell:Creating prefix script '/home/paneendra/vla_manipulation_ros2/install/local_setup.ps1'
[1.346s] INFO:colcon.colcon_core.shell:Creating prefix util module '/home/paneendra/vla_manipulation_ros2/install/_local_setup_util_ps1.py'
[1.346s] INFO:colcon.colcon_core.shell:Creating prefix chain script '/home/paneendra/vla_manipulation_ros2/install/setup.ps1'
[1.347s] INFO:colcon.colcon_core.shell:Creating prefix script '/home/paneendra/vla_manipulation_ros2/install/local_setup.sh'
[1.347s] INFO:colcon.colcon_core.shell:Creating prefix util module '/home/paneendra/vla_manipulation_ros2/install/_local_setup_util_sh.py'
[1.347s] INFO:colcon.colcon_core.shell:Creating prefix chain script '/home/paneendra/vla_manipulation_ros2/install/setup.sh'
[1.347s] INFO:colcon.colcon_core.shell:Creating prefix script '/home/paneendra/vla_manipulation_ros2/install/local_setup.bash'
[1.348s] INFO:colcon.colcon_core.shell:Creating prefix chain script '/home/paneendra/vla_manipulation_ros2/install/setup.bash'
[1.348s] INFO:colcon.colcon_core.shell:Creating prefix script '/home/paneendra/vla_manipulation_ros2/install/local_setup.zsh'
[1.348s] INFO:colcon.colcon_core.shell:Creating prefix chain script '/home/paneendra/vla_manipulation_ros2/install/setup.zsh'
