[0.054s] DEBUG:colcon:Command line arguments: ['/usr/bin/colcon', 'build', '--symlink-install']
[0.054s] DEBUG:colcon:Parsed command line arguments: Namespace(log_base=None, log_level=None, verb_name='build', build_base='build', install_base='install', merge_install=False, symlink_install=True, test_result_base=None, continue_on_error=False, executor='parallel', parallel_workers=32, event_handlers=None, ignore_user_meta=False, metas=['./colcon.meta'], base_paths=['.'], packages_ignore=None, packages_ignore_regex=None, paths=None, packages_up_to=None, packages_up_to_regex=None, packages_above=None, packages_above_and_dependencies=None, packages_above_depth=None, packages_select_by_dep=None, packages_skip_by_dep=None, packages_skip_up_to=None, packages_select_build_failed=False, packages_skip_build_finished=False, packages_select_test_failures=False, packages_skip_test_passed=False, packages_select=None, packages_skip=None, packages_select_regex=None, packages_skip_regex=None, packages_start=None, packages_end=None, allow_overriding=[], cmake_args=None, cmake_target=None, cmake_target_skip_unavailable=False, cmake_clean_cache=False, cmake_clean_first=False, cmake_force_configure=False, ament_cmake_args=None, catkin_cmake_args=None, catkin_skip_building_tests=False, mixin_files=None, mixin=None, verb_parser=<colcon_mixin.mixin.mixin_argument.MixinArgumentDecorator object at 0x79cd14eb1220>, verb_extension=<colcon_core.verb.build.BuildVerb object at 0x79cd14fc9a60>, main=<bound method BuildVerb.main of <colcon_core.verb.build.BuildVerb object at 0x79cd14fc9a60>>, mixin_verb=('build',))
[0.074s] Level 1:colcon.colcon_core.package_discovery:discover_packages(colcon_meta) check parameters
[0.074s] Level 1:colcon.colcon_core.package_discovery:discover_packages(recursive) check parameters
[0.074s] Level 1:colcon.colcon_core.package_discovery:discover_packages(ignore) check parameters
[0.074s] Level 1:colcon.colcon_core.package_discovery:discover_packages(path) check parameters
[0.074s] Level 1:colcon.colcon_core.package_discovery:discover_packages(colcon_meta) discover
[0.074s] Level 1:colcon.colcon_core.package_discovery:discover_packages(recursive) discover
[0.074s] INFO:colcon.colcon_core.package_discovery:Crawling recursively for packages in '/home/paneendra/vla_manipulation_ros2'
[0.074s] Level 1:colcon.colcon_core.package_identification:_identify(.) by extensions ['ignore', 'ignore_ament_install']
[0.074s] Level 1:colcon.colcon_core.package_identification:_identify(.) by extension 'ignore'
[0.074s] Level 1:colcon.colcon_core.package_identification:_identify(.) by extension 'ignore_ament_install'
[0.074s] Level 1:colcon.colcon_core.package_identification:_identify(.) by extensions ['colcon_pkg']
[0.074s] Level 1:colcon.colcon_core.package_identification:_identify(.) by extension 'colcon_pkg'
[0.075s] Level 1:colcon.colcon_core.package_identification:_identify(.) by extensions ['colcon_meta']
[0.075s] Level 1:colcon.colcon_core.package_identification:_identify(.) by extension 'colcon_meta'
[0.075s] Level 1:colcon.colcon_core.package_identification:_identify(.) by extensions ['ros']
[0.075s] Level 1:colcon.colcon_core.package_identification:_identify(.) by extension 'ros'
[0.091s] Level 1:colcon.colcon_core.package_identification:_identify(.) by extensions ['cmake', 'python']
[0.091s] Level 1:colcon.colcon_core.package_identification:_identify(.) by extension 'cmake'
[0.091s] Level 1:colcon.colcon_core.package_identification:_identify(.) by extension 'python'
[0.091s] Level 1:colcon.colcon_core.package_identification:_identify(.) by extensions ['python_setup_py']
[0.091s] Level 1:colcon.colcon_core.package_identification:_identify(.) by extension 'python_setup_py'
[0.091s] Level 1:colcon.colcon_core.package_identification:_identify(build) by extensions ['ignore', 'ignore_ament_install']
[0.091s] Level 1:colcon.colcon_core.package_identification:_identify(build) by extension 'ignore'
[0.091s] Level 1:colcon.colcon_core.package_identification:_identify(build) ignored
[0.091s] Level 1:colcon.colcon_core.package_identification:_identify(install) by extensions ['ignore', 'ignore_ament_install']
[0.091s] Level 1:colcon.colcon_core.package_identification:_identify(install) by extension 'ignore'
[0.091s] Level 1:colcon.colcon_core.package_identification:_identify(install) ignored
[0.091s] Level 1:colcon.colcon_core.package_identification:_identify(log) by extensions ['ignore', 'ignore_ament_install']
[0.091s] Level 1:colcon.colcon_core.package_identification:_identify(log) by extension 'ignore'
[0.091s] Level 1:colcon.colcon_core.package_identification:_identify(log) ignored
[0.091s] Level 1:colcon.colcon_core.package_identification:_identify(src) by extensions ['ignore', 'ignore_ament_install']
[0.091s] Level 1:colcon.colcon_core.package_identification:_identify(src) by extension 'ignore'
[0.091s] Level 1:colcon.colcon_core.package_identification:_identify(src) by extension 'ignore_ament_install'
[0.091s] Level 1:colcon.colcon_core.package_identification:_identify(src) by extensions ['colcon_pkg']
[0.091s] Level 1:colcon.colcon_core.package_identification:_identify(src) by extension 'colcon_pkg'
[0.092s] Level 1:colcon.colcon_core.package_identification:_identify(src) by extensions ['colcon_meta']
[0.092s] Level 1:colcon.colcon_core.package_identification:_identify(src) by extension 'colcon_meta'
[0.092s] Level 1:colcon.colcon_core.package_identification:_identify(src) by extensions ['ros']
[0.092s] Level 1:colcon.colcon_core.package_identification:_identify(src) by extension 'ros'
[0.092s] Level 1:colcon.colcon_core.package_identification:_identify(src) by extensions ['cmake', 'python']
[0.092s] Level 1:colcon.colcon_core.package_identification:_identify(src) by extension 'cmake'
[0.092s] Level 1:colcon.colcon_core.package_identification:_identify(src) by extension 'python'
[0.092s] Level 1:colcon.colcon_core.package_identification:_identify(src) by extensions ['python_setup_py']
[0.092s] Level 1:colcon.colcon_core.package_identification:_identify(src) by extension 'python_setup_py'
[0.092s] Level 1:colcon.colcon_core.package_identification:_identify(src/vla_bringup) by extensions ['ignore', 'ignore_ament_install']
[0.092s] Level 1:colcon.colcon_core.package_identification:_identify(src/vla_bringup) by extension 'ignore'
[0.092s] Level 1:colcon.colcon_core.package_identification:_identify(src/vla_bringup) by extension 'ignore_ament_install'
[0.092s] Level 1:colcon.colcon_core.package_identification:_identify(src/vla_bringup) by extensions ['colcon_pkg']
[0.092s] Level 1:colcon.colcon_core.package_identification:_identify(src/vla_bringup) by extension 'colcon_pkg'
[0.092s] Level 1:colcon.colcon_core.package_identification:_identify(src/vla_bringup) by extensions ['colcon_meta']
[0.092s] Level 1:colcon.colcon_core.package_identification:_identify(src/vla_bringup) by extension 'colcon_meta'
[0.092s] Level 1:colcon.colcon_core.package_identification:_identify(src/vla_bringup) by extensions ['ros']
[0.092s] Level 1:colcon.colcon_core.package_identification:_identify(src/vla_bringup) by extension 'ros'
[0.093s] DEBUG:colcon.colcon_core.package_identification:Package 'src/vla_bringup' with type 'ros.ament_cmake' and name 'vla_bringup'
[0.093s] Level 1:colcon.colcon_core.package_identification:_identify(src/vla_description) by extensions ['ignore', 'ignore_ament_install']
[0.093s] Level 1:colcon.colcon_core.package_identification:_identify(src/vla_description) by extension 'ignore'
[0.093s] Level 1:colcon.colcon_core.package_identification:_identify(src/vla_description) by extension 'ignore_ament_install'
[0.093s] Level 1:colcon.colcon_core.package_identification:_identify(src/vla_description) by extensions ['colcon_pkg']
[0.093s] Level 1:colcon.colcon_core.package_identification:_identify(src/vla_description) by extension 'colcon_pkg'
[0.093s] Level 1:colcon.colcon_core.package_identification:_identify(src/vla_description) by extensions ['colcon_meta']
[0.093s] Level 1:colcon.colcon_core.package_identification:_identify(src/vla_description) by extension 'colcon_meta'
[0.093s] Level 1:colcon.colcon_core.package_identification:_identify(src/vla_description) by extensions ['ros']
[0.093s] Level 1:colcon.colcon_core.package_identification:_identify(src/vla_description) by extension 'ros'
[0.094s] DEBUG:colcon.colcon_core.package_identification:Package 'src/vla_description' with type 'ros.ament_cmake' and name 'vla_description'
[0.094s] Level 1:colcon.colcon_core.package_identification:_identify(src/vla_execution) by extensions ['ignore', 'ignore_ament_install']
[0.094s] Level 1:colcon.colcon_core.package_identification:_identify(src/vla_execution) by extension 'ignore'
[0.094s] Level 1:colcon.colcon_core.package_identification:_identify(src/vla_execution) by extension 'ignore_ament_install'
[0.094s] Level 1:colcon.colcon_core.package_identification:_identify(src/vla_execution) by extensions ['colcon_pkg']
[0.094s] Level 1:colcon.colcon_core.package_identification:_identify(src/vla_execution) by extension 'colcon_pkg'
[0.094s] Level 1:colcon.colcon_core.package_identification:_identify(src/vla_execution) by extensions ['colcon_meta']
[0.094s] Level 1:colcon.colcon_core.package_identification:_identify(src/vla_execution) by extension 'colcon_meta'
[0.094s] Level 1:colcon.colcon_core.package_identification:_identify(src/vla_execution) by extensions ['ros']
[0.094s] Level 1:colcon.colcon_core.package_identification:_identify(src/vla_execution) by extension 'ros'
[0.094s] DEBUG:colcon.colcon_core.package_identification:Package 'src/vla_execution' with type 'ros.ament_cmake' and name 'vla_execution'
[0.094s] Level 1:colcon.colcon_core.package_identification:_identify(src/vla_gazebo) by extensions ['ignore', 'ignore_ament_install']
[0.094s] Level 1:colcon.colcon_core.package_identification:_identify(src/vla_gazebo) by extension 'ignore'
[0.094s] Level 1:colcon.colcon_core.package_identification:_identify(src/vla_gazebo) by extension 'ignore_ament_install'
[0.094s] Level 1:colcon.colcon_core.package_identification:_identify(src/vla_gazebo) by extensions ['colcon_pkg']
[0.094s] Level 1:colcon.colcon_core.package_identification:_identify(src/vla_gazebo) by extension 'colcon_pkg'
[0.094s] Level 1:colcon.colcon_core.package_identification:_identify(src/vla_gazebo) by extensions ['colcon_meta']
[0.094s] Level 1:colcon.colcon_core.package_identification:_identify(src/vla_gazebo) by extension 'colcon_meta'
[0.094s] Level 1:colcon.colcon_core.package_identification:_identify(src/vla_gazebo) by extensions ['ros']
[0.094s] Level 1:colcon.colcon_core.package_identification:_identify(src/vla_gazebo) by extension 'ros'
[0.094s] DEBUG:colcon.colcon_core.package_identification:Package 'src/vla_gazebo' with type 'ros.ament_cmake' and name 'vla_gazebo'
[0.094s] Level 1:colcon.colcon_core.package_identification:_identify(src/vla_perception) by extensions ['ignore', 'ignore_ament_install']
[0.094s] Level 1:colcon.colcon_core.package_identification:_identify(src/vla_perception) by extension 'ignore'
[0.095s] Level 1:colcon.colcon_core.package_identification:_identify(src/vla_perception) by extension 'ignore_ament_install'
[0.095s] Level 1:colcon.colcon_core.package_identification:_identify(src/vla_perception) by extensions ['colcon_pkg']
[0.095s] Level 1:colcon.colcon_core.package_identification:_identify(src/vla_perception) by extension 'colcon_pkg'
[0.095s] Level 1:colcon.colcon_core.package_identification:_identify(src/vla_perception) by extensions ['colcon_meta']
[0.095s] Level 1:colcon.colcon_core.package_identification:_identify(src/vla_perception) by extension 'colcon_meta'
[0.095s] Level 1:colcon.colcon_core.package_identification:_identify(src/vla_perception) by extensions ['ros']
[0.095s] Level 1:colcon.colcon_core.package_identification:_identify(src/vla_perception) by extension 'ros'
[0.095s] DEBUG:colcon.colcon_core.package_identification:Package 'src/vla_perception' with type 'ros.ament_python' and name 'vla_perception'
[0.095s] Level 1:colcon.colcon_core.package_identification:_identify(src/vla_spatial) by extensions ['ignore', 'ignore_ament_install']
[0.095s] Level 1:colcon.colcon_core.package_identification:_identify(src/vla_spatial) by extension 'ignore'
[0.095s] Level 1:colcon.colcon_core.package_identification:_identify(src/vla_spatial) by extension 'ignore_ament_install'
[0.095s] Level 1:colcon.colcon_core.package_identification:_identify(src/vla_spatial) by extensions ['colcon_pkg']
[0.095s] Level 1:colcon.colcon_core.package_identification:_identify(src/vla_spatial) by extension 'colcon_pkg'
[0.095s] Level 1:colcon.colcon_core.package_identification:_identify(src/vla_spatial) by extensions ['colcon_meta']
[0.095s] Level 1:colcon.colcon_core.package_identification:_identify(src/vla_spatial) by extension 'colcon_meta'
[0.095s] Level 1:colcon.colcon_core.package_identification:_identify(src/vla_spatial) by extensions ['ros']
[0.095s] Level 1:colcon.colcon_core.package_identification:_identify(src/vla_spatial) by extension 'ros'
[0.095s] DEBUG:colcon.colcon_core.package_identification:Package 'src/vla_spatial' with type 'ros.ament_python' and name 'vla_spatial'
[0.095s] Level 1:colcon.colcon_core.package_discovery:discover_packages(recursive) using defaults
[0.096s] Level 1:colcon.colcon_core.package_discovery:discover_packages(ignore) discover
[0.096s] Level 1:colcon.colcon_core.package_discovery:discover_packages(ignore) using defaults
[0.096s] Level 1:colcon.colcon_core.package_discovery:discover_packages(path) discover
[0.096s] Level 1:colcon.colcon_core.package_discovery:discover_packages(path) using defaults
[0.105s] Level 1:colcon.colcon_core.package_discovery:discover_packages(prefix_path) check parameters
[0.105s] Level 1:colcon.colcon_core.package_discovery:discover_packages(prefix_path) discover
[0.107s] DEBUG:colcon.colcon_installed_package_information.package_discovery:Found 458 installed packages in /opt/ros/jazzy
[0.108s] Level 1:colcon.colcon_core.package_discovery:discover_packages(prefix_path) using defaults
[0.135s] Level 5:colcon.colcon_core.verb:set package 'vla_bringup' build argument 'cmake_args' from command line to 'None'
[0.136s] Level 5:colcon.colcon_core.verb:set package 'vla_bringup' build argument 'cmake_target' from command line to 'None'
[0.136s] Level 5:colcon.colcon_core.verb:set package 'vla_bringup' build argument 'cmake_target_skip_unavailable' from command line to 'False'
[0.136s] Level 5:colcon.colcon_core.verb:set package 'vla_bringup' build argument 'cmake_clean_cache' from command line to 'False'
[0.136s] Level 5:colcon.colcon_core.verb:set package 'vla_bringup' build argument 'cmake_clean_first' from command line to 'False'
[0.136s] Level 5:colcon.colcon_core.verb:set package 'vla_bringup' build argument 'cmake_force_configure' from command line to 'False'
[0.136s] Level 5:colcon.colcon_core.verb:set package 'vla_bringup' build argument 'ament_cmake_args' from command line to 'None'
[0.136s] Level 5:colcon.colcon_core.verb:set package 'vla_bringup' build argument 'catkin_cmake_args' from command line to 'None'
[0.136s] Level 5:colcon.colcon_core.verb:set package 'vla_bringup' build argument 'catkin_skip_building_tests' from command line to 'False'
[0.136s] DEBUG:colcon.colcon_core.verb:Building package 'vla_bringup' with the following arguments: {'ament_cmake_args': None, 'build_base': '/home/paneendra/vla_manipulation_ros2/build/vla_bringup', 'catkin_cmake_args': None, 'catkin_skip_building_tests': False, 'cmake_args': None, 'cmake_clean_cache': False, 'cmake_clean_first': False, 'cmake_force_configure': False, 'cmake_target': None, 'cmake_target_skip_unavailable': False, 'install_base': '/home/paneendra/vla_manipulation_ros2/install/vla_bringup', 'merge_install': False, 'path': '/home/paneendra/vla_manipulation_ros2/src/vla_bringup', 'symlink_install': True, 'test_result_base': None}
[0.136s] Level 5:colcon.colcon_core.verb:set package 'vla_description' build argument 'cmake_args' from command line to 'None'
[0.136s] Level 5:colcon.colcon_core.verb:set package 'vla_description' build argument 'cmake_target' from command line to 'None'
[0.136s] Level 5:colcon.colcon_core.verb:set package 'vla_description' build argument 'cmake_target_skip_unavailable' from command line to 'False'
[0.136s] Level 5:colcon.colcon_core.verb:set package 'vla_description' build argument 'cmake_clean_cache' from command line to 'False'
[0.136s] Level 5:colcon.colcon_core.verb:set package 'vla_description' build argument 'cmake_clean_first' from command line to 'False'
[0.136s] Level 5:colcon.colcon_core.verb:set package 'vla_description' build argument 'cmake_force_configure' from command line to 'False'
[0.136s] Level 5:colcon.colcon_core.verb:set package 'vla_description' build argument 'ament_cmake_args' from command line to 'None'
[0.136s] Level 5:colcon.colcon_core.verb:set package 'vla_description' build argument 'catkin_cmake_args' from command line to 'None'
[0.136s] Level 5:colcon.colcon_core.verb:set package 'vla_description' build argument 'catkin_skip_building_tests' from command line to 'False'
[0.136s] DEBUG:colcon.colcon_core.verb:Building package 'vla_description' with the following arguments: {'ament_cmake_args': None, 'build_base': '/home/paneendra/vla_manipulation_ros2/build/vla_description', 'catkin_cmake_args': None, 'catkin_skip_building_tests': False, 'cmake_args': None, 'cmake_clean_cache': False, 'cmake_clean_first': False, 'cmake_force_configure': False, 'cmake_target': None, 'cmake_target_skip_unavailable': False, 'install_base': '/home/paneendra/vla_manipulation_ros2/install/vla_description', 'merge_install': False, 'path': '/home/paneendra/vla_manipulation_ros2/src/vla_description', 'symlink_install': True, 'test_result_base': None}
[0.136s] Level 5:colcon.colcon_core.verb:set package 'vla_execution' build argument 'cmake_args' from command line to 'None'
[0.136s] Level 5:colcon.colcon_core.verb:set package 'vla_execution' build argument 'cmake_target' from command line to 'None'
[0.136s] Level 5:colcon.colcon_core.verb:set package 'vla_execution' build argument 'cmake_target_skip_unavailable' from command line to 'False'
[0.136s] Level 5:colcon.colcon_core.verb:set package 'vla_execution' build argument 'cmake_clean_cache' from command line to 'False'
[0.136s] Level 5:colcon.colcon_core.verb:set package 'vla_execution' build argument 'cmake_clean_first' from command line to 'False'
[0.136s] Level 5:colcon.colcon_core.verb:set package 'vla_execution' build argument 'cmake_force_configure' from command line to 'False'
[0.136s] Level 5:colcon.colcon_core.verb:set package 'vla_execution' build argument 'ament_cmake_args' from command line to 'None'
[0.136s] Level 5:colcon.colcon_core.verb:set package 'vla_execution' build argument 'catkin_cmake_args' from command line to 'None'
[0.136s] Level 5:colcon.colcon_core.verb:set package 'vla_execution' build argument 'catkin_skip_building_tests' from command line to 'False'
[0.136s] DEBUG:colcon.colcon_core.verb:Building package 'vla_execution' with the following arguments: {'ament_cmake_args': None, 'build_base': '/home/paneendra/vla_manipulation_ros2/build/vla_execution', 'catkin_cmake_args': None, 'catkin_skip_building_tests': False, 'cmake_args': None, 'cmake_clean_cache': False, 'cmake_clean_first': False, 'cmake_force_configure': False, 'cmake_target': None, 'cmake_target_skip_unavailable': False, 'install_base': '/home/paneendra/vla_manipulation_ros2/install/vla_execution', 'merge_install': False, 'path': '/home/paneendra/vla_manipulation_ros2/src/vla_execution', 'symlink_install': True, 'test_result_base': None}
[0.136s] Level 5:colcon.colcon_core.verb:set package 'vla_gazebo' build argument 'cmake_args' from command line to 'None'
[0.136s] Level 5:colcon.colcon_core.verb:set package 'vla_gazebo' build argument 'cmake_target' from command line to 'None'
[0.136s] Level 5:colcon.colcon_core.verb:set package 'vla_gazebo' build argument 'cmake_target_skip_unavailable' from command line to 'False'
[0.136s] Level 5:colcon.colcon_core.verb:set package 'vla_gazebo' build argument 'cmake_clean_cache' from command line to 'False'
[0.136s] Level 5:colcon.colcon_core.verb:set package 'vla_gazebo' build argument 'cmake_clean_first' from command line to 'False'
[0.136s] Level 5:colcon.colcon_core.verb:set package 'vla_gazebo' build argument 'cmake_force_configure' from command line to 'False'
[0.136s] Level 5:colcon.colcon_core.verb:set package 'vla_gazebo' build argument 'ament_cmake_args' from command line to 'None'
[0.136s] Level 5:colcon.colcon_core.verb:set package 'vla_gazebo' build argument 'catkin_cmake_args' from command line to 'None'
[0.136s] Level 5:colcon.colcon_core.verb:set package 'vla_gazebo' build argument 'catkin_skip_building_tests' from command line to 'False'
[0.136s] DEBUG:colcon.colcon_core.verb:Building package 'vla_gazebo' with the following arguments: {'ament_cmake_args': None, 'build_base': '/home/paneendra/vla_manipulation_ros2/build/vla_gazebo', 'catkin_cmake_args': None, 'catkin_skip_building_tests': False, 'cmake_args': None, 'cmake_clean_cache': False, 'cmake_clean_first': False, 'cmake_force_configure': False, 'cmake_target': None, 'cmake_target_skip_unavailable': False, 'install_base': '/home/paneendra/vla_manipulation_ros2/install/vla_gazebo', 'merge_install': False, 'path': '/home/paneendra/vla_manipulation_ros2/src/vla_gazebo', 'symlink_install': True, 'test_result_base': None}
[0.136s] Level 5:colcon.colcon_core.verb:set package 'vla_perception' build argument 'cmake_args' from command line to 'None'
[0.136s] Level 5:colcon.colcon_core.verb:set package 'vla_perception' build argument 'cmake_target' from command line to 'None'
[0.136s] Level 5:colcon.colcon_core.verb:set package 'vla_perception' build argument 'cmake_target_skip_unavailable' from command line to 'False'
[0.136s] Level 5:colcon.colcon_core.verb:set package 'vla_perception' build argument 'cmake_clean_cache' from command line to 'False'
[0.136s] Level 5:colcon.colcon_core.verb:set package 'vla_perception' build argument 'cmake_clean_first' from command line to 'False'
[0.136s] Level 5:colcon.colcon_core.verb:set package 'vla_perception' build argument 'cmake_force_configure' from command line to 'False'
[0.136s] Level 5:colcon.colcon_core.verb:set package 'vla_perception' build argument 'ament_cmake_args' from command line to 'None'
[0.136s] Level 5:colcon.colcon_core.verb:set package 'vla_perception' build argument 'catkin_cmake_args' from command line to 'None'
[0.136s] Level 5:colcon.colcon_core.verb:set package 'vla_perception' build argument 'catkin_skip_building_tests' from command line to 'False'
[0.136s] DEBUG:colcon.colcon_core.verb:Building package 'vla_perception' with the following arguments: {'ament_cmake_args': None, 'build_base': '/home/paneendra/vla_manipulation_ros2/build/vla_perception', 'catkin_cmake_args': None, 'catkin_skip_building_tests': False, 'cmake_args': None, 'cmake_clean_cache': False, 'cmake_clean_first': False, 'cmake_force_configure': False, 'cmake_target': None, 'cmake_target_skip_unavailable': False, 'install_base': '/home/paneendra/vla_manipulation_ros2/install/vla_perception', 'merge_install': False, 'path': '/home/paneendra/vla_manipulation_ros2/src/vla_perception', 'symlink_install': True, 'test_result_base': None}
[0.136s] Level 5:colcon.colcon_core.verb:set package 'vla_spatial' build argument 'cmake_args' from command line to 'None'
[0.136s] Level 5:colcon.colcon_core.verb:set package 'vla_spatial' build argument 'cmake_target' from command line to 'None'
[0.136s] Level 5:colcon.colcon_core.verb:set package 'vla_spatial' build argument 'cmake_target_skip_unavailable' from command line to 'False'
[0.136s] Level 5:colcon.colcon_core.verb:set package 'vla_spatial' build argument 'cmake_clean_cache' from command line to 'False'
[0.137s] Level 5:colcon.colcon_core.verb:set package 'vla_spatial' build argument 'cmake_clean_first' from command line to 'False'
[0.137s] Level 5:colcon.colcon_core.verb:set package 'vla_spatial' build argument 'cmake_force_configure' from command line to 'False'
[0.137s] Level 5:colcon.colcon_core.verb:set package 'vla_spatial' build argument 'ament_cmake_args' from command line to 'None'
[0.137s] Level 5:colcon.colcon_core.verb:set package 'vla_spatial' build argument 'catkin_cmake_args' from command line to 'None'
[0.137s] Level 5:colcon.colcon_core.verb:set package 'vla_spatial' build argument 'catkin_skip_building_tests' from command line to 'False'
[0.137s] DEBUG:colcon.colcon_core.verb:Building package 'vla_spatial' with the following arguments: {'ament_cmake_args': None, 'build_base': '/home/paneendra/vla_manipulation_ros2/build/vla_spatial', 'catkin_cmake_args': None, 'catkin_skip_building_tests': False, 'cmake_args': None, 'cmake_clean_cache': False, 'cmake_clean_first': False, 'cmake_force_configure': False, 'cmake_target': None, 'cmake_target_skip_unavailable': False, 'install_base': '/home/paneendra/vla_manipulation_ros2/install/vla_spatial', 'merge_install': False, 'path': '/home/paneendra/vla_manipulation_ros2/src/vla_spatial', 'symlink_install': True, 'test_result_base': None}
[0.137s] INFO:colcon.colcon_core.executor:Executing jobs using 'parallel' executor
[0.137s] DEBUG:colcon.colcon_parallel_executor.executor.parallel:run_until_complete
[0.137s] INFO:colcon.colcon_ros.task.ament_cmake.build:Building ROS package in '/home/paneendra/vla_manipulation_ros2/src/vla_bringup' with build type 'ament_cmake'
[0.137s] INFO:colcon.colcon_cmake.task.cmake.build:Building CMake package in '/home/paneendra/vla_manipulation_ros2/src/vla_bringup'
[0.139s] INFO:colcon.colcon_core.plugin_system:Skipping extension 'colcon_core.shell.bat': Not used on non-Windows systems
[0.139s] INFO:colcon.colcon_core.shell:Skip shell extension 'powershell' for command environment: Not usable outside of PowerShell
[0.139s] DEBUG:colcon.colcon_core.shell:Skip shell extension 'dsv' for command environment
[0.142s] INFO:colcon.colcon_ros.task.ament_cmake.build:Building ROS package in '/home/paneendra/vla_manipulation_ros2/src/vla_description' with build type 'ament_cmake'
[0.142s] INFO:colcon.colcon_cmake.task.cmake.build:Building CMake package in '/home/paneendra/vla_manipulation_ros2/src/vla_description'
[0.142s] INFO:colcon.colcon_core.shell:Skip shell extension 'powershell' for command environment: Not usable outside of PowerShell
[0.142s] DEBUG:colcon.colcon_core.shell:Skip shell extension 'dsv' for command environment
[0.145s] INFO:colcon.colcon_ros.task.ament_cmake.build:Building ROS package in '/home/paneendra/vla_manipulation_ros2/src/vla_execution' with build type 'ament_cmake'
[0.145s] INFO:colcon.colcon_cmake.task.cmake.build:Building CMake package in '/home/paneendra/vla_manipulation_ros2/src/vla_execution'
[0.145s] INFO:colcon.colcon_core.shell:Skip shell extension 'powershell' for command environment: Not usable outside of PowerShell
[0.145s] DEBUG:colcon.colcon_core.shell:Skip shell extension 'dsv' for command environment
[0.146s] INFO:colcon.colcon_ros.task.ament_cmake.build:Building ROS package in '/home/paneendra/vla_manipulation_ros2/src/vla_gazebo' with build type 'ament_cmake'
[0.146s] INFO:colcon.colcon_cmake.task.cmake.build:Building CMake package in '/home/paneendra/vla_manipulation_ros2/src/vla_gazebo'
[0.146s] INFO:colcon.colcon_core.shell:Skip shell extension 'powershell' for command environment: Not usable outside of PowerShell
[0.146s] DEBUG:colcon.colcon_core.shell:Skip shell extension 'dsv' for command environment
[0.148s] INFO:colcon.colcon_ros.task.ament_python.build:Building ROS package in '/home/paneendra/vla_manipulation_ros2/src/vla_perception' with build type 'ament_python'
[0.148s] Level 1:colcon.colcon_core.shell:create_environment_hook('vla_perception', 'ament_prefix_path')
[0.148s] INFO:colcon.colcon_core.shell:Creating environment hook '/home/paneendra/vla_manipulation_ros2/install/vla_perception/share/vla_perception/hook/ament_prefix_path.ps1'
[0.148s] INFO:colcon.colcon_core.shell:Creating environment descriptor '/home/paneendra/vla_manipulation_ros2/install/vla_perception/share/vla_perception/hook/ament_prefix_path.dsv'
[0.149s] INFO:colcon.colcon_core.shell:Creating environment hook '/home/paneendra/vla_manipulation_ros2/install/vla_perception/share/vla_perception/hook/ament_prefix_path.sh'
[0.149s] INFO:colcon.colcon_core.shell:Skip shell extension 'powershell' for command environment: Not usable outside of PowerShell
[0.149s] DEBUG:colcon.colcon_core.shell:Skip shell extension 'dsv' for command environment
[0.150s] INFO:colcon.colcon_ros.task.ament_python.build:Building ROS package in '/home/paneendra/vla_manipulation_ros2/src/vla_spatial' with build type 'ament_python'
[0.151s] Level 1:colcon.colcon_core.shell:create_environment_hook('vla_spatial', 'ament_prefix_path')
[0.151s] INFO:colcon.colcon_core.shell:Creating environment hook '/home/paneendra/vla_manipulation_ros2/install/vla_spatial/share/vla_spatial/hook/ament_prefix_path.ps1'
[0.151s] INFO:colcon.colcon_core.shell:Creating environment descriptor '/home/paneendra/vla_manipulation_ros2/install/vla_spatial/share/vla_spatial/hook/ament_prefix_path.dsv'
[0.151s] INFO:colcon.colcon_core.shell:Creating environment hook '/home/paneendra/vla_manipulation_ros2/install/vla_spatial/share/vla_spatial/hook/ament_prefix_path.sh'
[0.151s] INFO:colcon.colcon_core.shell:Skip shell extension 'powershell' for command environment: Not usable outside of PowerShell
[0.151s] DEBUG:colcon.colcon_core.shell:Skip shell extension 'dsv' for command environment
[0.155s] DEBUG:colcon.colcon_core.event_handler.log_command:Invoking command in '/home/paneendra/vla_manipulation_ros2/build/vla_bringup': CMAKE_PREFIX_PATH=${CMAKE_PREFIX_PATH}:/opt/ros/jazzy DEBUGINFOD_URLS=https://debuginfod.ubuntu.com /usr/bin/cmake --build /home/paneendra/vla_manipulation_ros2/build/vla_bringup -- -j32 -l32
[0.156s] DEBUG:colcon.colcon_core.event_handler.log_command:Invoking command in '/home/paneendra/vla_manipulation_ros2/build/vla_description': CMAKE_PREFIX_PATH=${CMAKE_PREFIX_PATH}:/opt/ros/jazzy DEBUGINFOD_URLS=https://debuginfod.ubuntu.com /usr/bin/cmake /home/paneendra/vla_manipulation_ros2/src/vla_description -DAMENT_CMAKE_SYMLINK_INSTALL=1 -DCMAKE_INSTALL_PREFIX=/home/paneendra/vla_manipulation_ros2/install/vla_description
[0.157s] DEBUG:colcon.colcon_core.event_handler.log_command:Invoking command in '/home/paneendra/vla_manipulation_ros2/build/vla_execution': CMAKE_PREFIX_PATH=${CMAKE_PREFIX_PATH}:/opt/ros/jazzy DEBUGINFOD_URLS=https://debuginfod.ubuntu.com /usr/bin/cmake --build /home/paneendra/vla_manipulation_ros2/build/vla_execution -- -j32 -l32
[0.158s] DEBUG:colcon.colcon_core.event_handler.log_command:Invoking command in '/home/paneendra/vla_manipulation_ros2/build/vla_gazebo': CMAKE_PREFIX_PATH=${CMAKE_PREFIX_PATH}:/opt/ros/jazzy DEBUGINFOD_URLS=https://debuginfod.ubuntu.com /usr/bin/cmake --build /home/paneendra/vla_manipulation_ros2/build/vla_gazebo -- -j32 -l32
[0.274s] INFO:colcon.colcon_core.task.python.build:Building Python package in '/home/paneendra/vla_manipulation_ros2/src/vla_perception'
[0.274s] INFO:colcon.colcon_core.shell:Skip shell extension 'powershell' for command environment: Not usable outside of PowerShell
[0.274s] DEBUG:colcon.colcon_core.shell:Skip shell extension 'dsv' for command environment
[0.279s] DEBUG:colcon.colcon_core.event_handler.log_command:Invoked command in '/home/paneendra/vla_manipulation_ros2/build/vla_bringup' returned '0': CMAKE_PREFIX_PATH=${CMAKE_PREFIX_PATH}:/opt/ros/jazzy DEBUGINFOD_URLS=https://debuginfod.ubuntu.com /usr/bin/cmake --build /home/paneendra/vla_manipulation_ros2/build/vla_bringup -- -j32 -l32
[0.287s] DEBUG:colcon.colcon_core.event_handler.log_command:Invoking command in '/home/paneendra/vla_manipulation_ros2/build/vla_bringup': CMAKE_PREFIX_PATH=${CMAKE_PREFIX_PATH}:/opt/ros/jazzy DEBUGINFOD_URLS=https://debuginfod.ubuntu.com /usr/bin/cmake --install /home/paneendra/vla_manipulation_ros2/build/vla_bringup
[0.287s] DEBUG:colcon.colcon_core.event_handler.log_command:Invoked command in '/home/paneendra/vla_manipulation_ros2/build/vla_execution' returned '0': CMAKE_PREFIX_PATH=${CMAKE_PREFIX_PATH}:/opt/ros/jazzy DEBUGINFOD_URLS=https://debuginfod.ubuntu.com /usr/bin/cmake --build /home/paneendra/vla_manipulation_ros2/build/vla_execution -- -j32 -l32
[0.288s] DEBUG:colcon.colcon_core.event_handler.log_command:Invoking command in '/home/paneendra/vla_manipulation_ros2/build/vla_execution': CMAKE_PREFIX_PATH=${CMAKE_PREFIX_PATH}:/opt/ros/jazzy DEBUGINFOD_URLS=https://debuginfod.ubuntu.com /usr/bin/cmake --install /home/paneendra/vla_manipulation_ros2/build/vla_execution
[0.403s] INFO:colcon.colcon_core.task.python.build:Building Python package in '/home/paneendra/vla_manipulation_ros2/src/vla_spatial'
[0.404s] INFO:colcon.colcon_core.shell:Skip shell extension 'powershell' for command environment: Not usable outside of PowerShell
[0.404s] DEBUG:colcon.colcon_core.shell:Skip shell extension 'dsv' for command environment
[0.406s] DEBUG:colcon.colcon_core.event_handler.log_command:Invoked command in '/home/paneendra/vla_manipulation_ros2/build/vla_gazebo' returned '0': CMAKE_PREFIX_PATH=${CMAKE_PREFIX_PATH}:/opt/ros/jazzy DEBUGINFOD_URLS=https://debuginfod.ubuntu.com /usr/bin/cmake --build /home/paneendra/vla_manipulation_ros2/build/vla_gazebo -- -j32 -l32
[0.407s] DEBUG:colcon.colcon_core.event_handler.log_command:Invoking command in '/home/paneendra/vla_manipulation_ros2/build/vla_gazebo': CMAKE_PREFIX_PATH=${CMAKE_PREFIX_PATH}:/opt/ros/jazzy DEBUGINFOD_URLS=https://debuginfod.ubuntu.com /usr/bin/cmake --install /home/paneendra/vla_manipulation_ros2/build/vla_gazebo
[0.417s] Level 1:colcon.colcon_core.environment:create_environment_scripts_only(vla_bringup)
[0.420s] Level 1:colcon.colcon_core.environment:checking '/home/paneendra/vla_manipulation_ros2/install/vla_bringup' for CMake module files
[0.421s] Level 1:colcon.colcon_core.environment:checking '/home/paneendra/vla_manipulation_ros2/install/vla_bringup' for CMake config files
[0.421s] DEBUG:colcon.colcon_core.event_handler.log_command:Invoked command in '/home/paneendra/vla_manipulation_ros2/build/vla_bringup' returned '0': CMAKE_PREFIX_PATH=${CMAKE_PREFIX_PATH}:/opt/ros/jazzy DEBUGINFOD_URLS=https://debuginfod.ubuntu.com /usr/bin/cmake --install /home/paneendra/vla_manipulation_ros2/build/vla_bringup
[0.422s] Level 1:colcon.colcon_core.shell:create_environment_hook('vla_bringup', 'cmake_prefix_path')
[0.422s] INFO:colcon.colcon_core.shell:Creating environment hook '/home/paneendra/vla_manipulation_ros2/install/vla_bringup/share/vla_bringup/hook/cmake_prefix_path.ps1'
[0.422s] INFO:colcon.colcon_core.shell:Creating environment descriptor '/home/paneendra/vla_manipulation_ros2/install/vla_bringup/share/vla_bringup/hook/cmake_prefix_path.dsv'
[0.422s] INFO:colcon.colcon_core.shell:Creating environment hook '/home/paneendra/vla_manipulation_ros2/install/vla_bringup/share/vla_bringup/hook/cmake_prefix_path.sh'
[0.423s] Level 1:colcon.colcon_core.environment:checking '/home/paneendra/vla_manipulation_ros2/install/vla_bringup/bin'
[0.423s] Level 1:colcon.colcon_core.environment:checking '/home/paneendra/vla_manipulation_ros2/install/vla_bringup/lib/pkgconfig/vla_bringup.pc'
[0.423s] Level 1:colcon.colcon_core.environment:checking '/home/paneendra/vla_manipulation_ros2/install/vla_bringup/lib/python3.12/site-packages'
[0.423s] Level 1:colcon.colcon_core.environment:checking '/home/paneendra/vla_manipulation_ros2/install/vla_bringup/bin'
[0.423s] INFO:colcon.colcon_core.shell:Creating package script '/home/paneendra/vla_manipulation_ros2/install/vla_bringup/share/vla_bringup/package.ps1'
[0.424s] INFO:colcon.colcon_core.shell:Creating package descriptor '/home/paneendra/vla_manipulation_ros2/install/vla_bringup/share/vla_bringup/package.dsv'
[0.425s] INFO:colcon.colcon_core.shell:Creating package script '/home/paneendra/vla_manipulation_ros2/install/vla_bringup/share/vla_bringup/package.sh'
[0.425s] INFO:colcon.colcon_core.shell:Creating package script '/home/paneendra/vla_manipulation_ros2/install/vla_bringup/share/vla_bringup/package.bash'
[0.425s] INFO:colcon.colcon_core.shell:Creating package script '/home/paneendra/vla_manipulation_ros2/install/vla_bringup/share/vla_bringup/package.zsh'
[0.426s] Level 1:colcon.colcon_core.environment:create_file_with_runtime_dependencies(/home/paneendra/vla_manipulation_ros2/install/vla_bringup/share/colcon-core/packages/vla_bringup)
[0.426s] Level 1:colcon.colcon_core.environment:create_environment_scripts_only(vla_bringup)
[0.426s] Level 1:colcon.colcon_core.environment:checking '/home/paneendra/vla_manipulation_ros2/install/vla_bringup' for CMake module files
[0.427s] Level 1:colcon.colcon_core.environment:checking '/home/paneendra/vla_manipulation_ros2/install/vla_bringup' for CMake config files
[0.427s] Level 1:colcon.colcon_core.shell:create_environment_hook('vla_bringup', 'cmake_prefix_path')
[0.427s] INFO:colcon.colcon_core.shell:Creating environment hook '/home/paneendra/vla_manipulation_ros2/install/vla_bringup/share/vla_bringup/hook/cmake_prefix_path.ps1'
[0.428s] INFO:colcon.colcon_core.shell:Creating environment descriptor '/home/paneendra/vla_manipulation_ros2/install/vla_bringup/share/vla_bringup/hook/cmake_prefix_path.dsv'
[0.428s] INFO:colcon.colcon_core.shell:Creating environment hook '/home/paneendra/vla_manipulation_ros2/install/vla_bringup/share/vla_bringup/hook/cmake_prefix_path.sh'
[0.428s] Level 1:colcon.colcon_core.environment:checking '/home/paneendra/vla_manipulation_ros2/install/vla_bringup/bin'
[0.428s] Level 1:colcon.colcon_core.environment:checking '/home/paneendra/vla_manipulation_ros2/install/vla_bringup/lib/pkgconfig/vla_bringup.pc'
[0.428s] Level 1:colcon.colcon_core.environment:checking '/home/paneendra/vla_manipulation_ros2/install/vla_bringup/lib/python3.12/site-packages'
[0.429s] Level 1:colcon.colcon_core.environment:checking '/home/paneendra/vla_manipulation_ros2/install/vla_bringup/bin'
[0.429s] INFO:colcon.colcon_core.shell:Creating package script '/home/paneendra/vla_manipulation_ros2/install/vla_bringup/share/vla_bringup/package.ps1'
[0.429s] INFO:colcon.colcon_core.shell:Creating package descriptor '/home/paneendra/vla_manipulation_ros2/install/vla_bringup/share/vla_bringup/package.dsv'
[0.430s] INFO:colcon.colcon_core.shell:Creating package script '/home/paneendra/vla_manipulation_ros2/install/vla_bringup/share/vla_bringup/package.sh'
[0.430s] INFO:colcon.colcon_core.shell:Creating package script '/home/paneendra/vla_manipulation_ros2/install/vla_bringup/share/vla_bringup/package.bash'
[0.430s] INFO:colcon.colcon_core.shell:Creating package script '/home/paneendra/vla_manipulation_ros2/install/vla_bringup/share/vla_bringup/package.zsh'
[0.430s] Level 1:colcon.colcon_core.environment:create_file_with_runtime_dependencies(/home/paneendra/vla_manipulation_ros2/install/vla_bringup/share/colcon-core/packages/vla_bringup)
[0.431s] Level 1:colcon.colcon_core.environment:create_environment_scripts_only(vla_execution)
[0.431s] Level 1:colcon.colcon_core.environment:checking '/home/paneendra/vla_manipulation_ros2/install/vla_execution' for CMake module files
[0.431s] DEBUG:colcon.colcon_core.event_handler.log_command:Invoked command in '/home/paneendra/vla_manipulation_ros2/build/vla_execution' returned '0': CMAKE_PREFIX_PATH=${CMAKE_PREFIX_PATH}:/opt/ros/jazzy DEBUGINFOD_URLS=https://debuginfod.ubuntu.com /usr/bin/cmake --install /home/paneendra/vla_manipulation_ros2/build/vla_execution
[0.432s] Level 1:colcon.colcon_core.environment:checking '/home/paneendra/vla_manipulation_ros2/install/vla_execution' for CMake config files
[0.432s] Level 1:colcon.colcon_core.shell:create_environment_hook('vla_execution', 'cmake_prefix_path')
[0.432s] INFO:colcon.colcon_core.shell:Creating environment hook '/home/paneendra/vla_manipulation_ros2/install/vla_execution/share/vla_execution/hook/cmake_prefix_path.ps1'
[0.432s] INFO:colcon.colcon_core.shell:Creating environment descriptor '/home/paneendra/vla_manipulation_ros2/install/vla_execution/share/vla_execution/hook/cmake_prefix_path.dsv'
[0.433s] INFO:colcon.colcon_core.shell:Creating environment hook '/home/paneendra/vla_manipulation_ros2/install/vla_execution/share/vla_execution/hook/cmake_prefix_path.sh'
[0.433s] Level 1:colcon.colcon_core.environment:checking '/home/paneendra/vla_manipulation_ros2/install/vla_execution/lib'
[0.433s] Level 1:colcon.colcon_core.environment:checking '/home/paneendra/vla_manipulation_ros2/install/vla_execution/bin'
[0.433s] Level 1:colcon.colcon_core.environment:checking '/home/paneendra/vla_manipulation_ros2/install/vla_execution/lib/pkgconfig/vla_execution.pc'
[0.433s] Level 1:colcon.colcon_core.environment:checking '/home/paneendra/vla_manipulation_ros2/install/vla_execution/lib/python3.12/site-packages'
[0.434s] Level 1:colcon.colcon_core.environment:checking '/home/paneendra/vla_manipulation_ros2/install/vla_execution/bin'
[0.434s] INFO:colcon.colcon_core.shell:Creating package script '/home/paneendra/vla_manipulation_ros2/install/vla_execution/share/vla_execution/package.ps1'
[0.434s] INFO:colcon.colcon_core.shell:Creating package descriptor '/home/paneendra/vla_manipulation_ros2/install/vla_execution/share/vla_execution/package.dsv'
[0.434s] INFO:colcon.colcon_core.shell:Creating package script '/home/paneendra/vla_manipulation_ros2/install/vla_execution/share/vla_execution/package.sh'
[0.435s] INFO:colcon.colcon_core.shell:Creating package script '/home/paneendra/vla_manipulation_ros2/install/vla_execution/share/vla_execution/package.bash'
[0.435s] INFO:colcon.colcon_core.shell:Creating package script '/home/paneendra/vla_manipulation_ros2/install/vla_execution/share/vla_execution/package.zsh'
[0.435s] Level 1:colcon.colcon_core.environment:create_file_with_runtime_dependencies(/home/paneendra/vla_manipulation_ros2/install/vla_execution/share/colcon-core/packages/vla_execution)
[0.436s] Level 1:colcon.colcon_core.environment:create_environment_scripts_only(vla_execution)
[0.436s] Level 1:colcon.colcon_core.environment:checking '/home/paneendra/vla_manipulation_ros2/install/vla_execution' for CMake module files
[0.436s] Level 1:colcon.colcon_core.environment:checking '/home/paneendra/vla_manipulation_ros2/install/vla_execution' for CMake config files
[0.436s] Level 1:colcon.colcon_core.shell:create_environment_hook('vla_execution', 'cmake_prefix_path')
[0.436s] INFO:colcon.colcon_core.shell:Creating environment hook '/home/paneendra/vla_manipulation_ros2/install/vla_execution/share/vla_execution/hook/cmake_prefix_path.ps1'
[0.436s] INFO:colcon.colcon_core.shell:Creating environment descriptor '/home/paneendra/vla_manipulation_ros2/install/vla_execution/share/vla_execution/hook/cmake_prefix_path.dsv'
[0.436s] INFO:colcon.colcon_core.shell:Creating environment hook '/home/paneendra/vla_manipulation_ros2/install/vla_execution/share/vla_execution/hook/cmake_prefix_path.sh'
[0.437s] Level 1:colcon.colcon_core.environment:checking '/home/paneendra/vla_manipulation_ros2/install/vla_execution/lib'
[0.437s] Level 1:colcon.colcon_core.environment:checking '/home/paneendra/vla_manipulation_ros2/install/vla_execution/bin'
[0.437s] Level 1:colcon.colcon_core.environment:checking '/home/paneendra/vla_manipulation_ros2/install/vla_execution/lib/pkgconfig/vla_execution.pc'
[0.437s] Level 1:colcon.colcon_core.environment:checking '/home/paneendra/vla_manipulation_ros2/install/vla_execution/lib/python3.12/site-packages'
[0.437s] Level 1:colcon.colcon_core.environment:checking '/home/paneendra/vla_manipulation_ros2/install/vla_execution/bin'
[0.437s] INFO:colcon.colcon_core.shell:Creating package script '/home/paneendra/vla_manipulation_ros2/install/vla_execution/share/vla_execution/package.ps1'
[0.437s] INFO:colcon.colcon_core.shell:Creating package descriptor '/home/paneendra/vla_manipulation_ros2/install/vla_execution/share/vla_execution/package.dsv'
[0.438s] INFO:colcon.colcon_core.shell:Creating package script '/home/paneendra/vla_manipulation_ros2/install/vla_execution/share/vla_execution/package.sh'
[0.438s] INFO:colcon.colcon_core.shell:Creating package script '/home/paneendra/vla_manipulation_ros2/install/vla_execution/share/vla_execution/package.bash'
[0.438s] INFO:colcon.colcon_core.shell:Creating package script '/home/paneendra/vla_manipulation_ros2/install/vla_execution/share/vla_execution/package.zsh'
[0.438s] Level 1:colcon.colcon_core.environment:create_file_with_runtime_dependencies(/home/paneendra/vla_manipulation_ros2/install/vla_execution/share/colcon-core/packages/vla_execution)
[0.439s] Level 1:colcon.colcon_core.environment:create_environment_scripts_only(vla_gazebo)
[0.439s] DEBUG:colcon.colcon_core.event_handler.log_command:Invoked command in '/home/paneendra/vla_manipulation_ros2/build/vla_gazebo' returned '0': CMAKE_PREFIX_PATH=${CMAKE_PREFIX_PATH}:/opt/ros/jazzy DEBUGINFOD_URLS=https://debuginfod.ubuntu.com /usr/bin/cmake --install /home/paneendra/vla_manipulation_ros2/build/vla_gazebo
[0.439s] Level 1:colcon.colcon_core.environment:checking '/home/paneendra/vla_manipulation_ros2/install/vla_gazebo' for CMake module files
[0.440s] Level 1:colcon.colcon_core.environment:checking '/home/paneendra/vla_manipulation_ros2/install/vla_gazebo' for CMake config files
[0.440s] Level 1:colcon.colcon_core.shell:create_environment_hook('vla_gazebo', 'cmake_prefix_path')
[0.440s] INFO:colcon.colcon_core.shell:Creating environment hook '/home/paneendra/vla_manipulation_ros2/install/vla_gazebo/share/vla_gazebo/hook/cmake_prefix_path.ps1'
[0.440s] INFO:colcon.colcon_core.shell:Creating environment descriptor '/home/paneendra/vla_manipulation_ros2/install/vla_gazebo/share/vla_gazebo/hook/cmake_prefix_path.dsv'
[0.441s] INFO:colcon.colcon_core.shell:Creating environment hook '/home/paneendra/vla_manipulation_ros2/install/vla_gazebo/share/vla_gazebo/hook/cmake_prefix_path.sh'
[0.441s] Level 1:colcon.colcon_core.environment:checking '/home/paneendra/vla_manipulation_ros2/install/vla_gazebo/bin'
[0.441s] Level 1:colcon.colcon_core.environment:checking '/home/paneendra/vla_manipulation_ros2/install/vla_gazebo/lib/pkgconfig/vla_gazebo.pc'
[0.441s] Level 1:colcon.colcon_core.environment:checking '/home/paneendra/vla_manipulation_ros2/install/vla_gazebo/lib/python3.12/site-packages'
[0.442s] Level 1:colcon.colcon_core.environment:checking '/home/paneendra/vla_manipulation_ros2/install/vla_gazebo/bin'
[0.442s] INFO:colcon.colcon_core.shell:Creating package script '/home/paneendra/vla_manipulation_ros2/install/vla_gazebo/share/vla_gazebo/package.ps1'
[0.442s] INFO:colcon.colcon_core.shell:Creating package descriptor '/home/paneendra/vla_manipulation_ros2/install/vla_gazebo/share/vla_gazebo/package.dsv'
[0.442s] INFO:colcon.colcon_core.shell:Creating package script '/home/paneendra/vla_manipulation_ros2/install/vla_gazebo/share/vla_gazebo/package.sh'
[0.443s] INFO:colcon.colcon_core.shell:Creating package script '/home/paneendra/vla_manipulation_ros2/install/vla_gazebo/share/vla_gazebo/package.bash'
[0.443s] INFO:colcon.colcon_core.shell:Creating package script '/home/paneendra/vla_manipulation_ros2/install/vla_gazebo/share/vla_gazebo/package.zsh'
[0.443s] Level 1:colcon.colcon_core.environment:create_file_with_runtime_dependencies(/home/paneendra/vla_manipulation_ros2/install/vla_gazebo/share/colcon-core/packages/vla_gazebo)
[0.443s] Level 1:colcon.colcon_core.environment:create_environment_scripts_only(vla_gazebo)
[0.444s] Level 1:colcon.colcon_core.environment:checking '/home/paneendra/vla_manipulation_ros2/install/vla_gazebo' for CMake module files
[0.444s] Level 1:colcon.colcon_core.environment:checking '/home/paneendra/vla_manipulation_ros2/install/vla_gazebo' for CMake config files
[0.444s] Level 1:colcon.colcon_core.shell:create_environment_hook('vla_gazebo', 'cmake_prefix_path')
[0.444s] INFO:colcon.colcon_core.shell:Creating environment hook '/home/paneendra/vla_manipulation_ros2/install/vla_gazebo/share/vla_gazebo/hook/cmake_prefix_path.ps1'
[0.445s] INFO:colcon.colcon_core.shell:Creating environment descriptor '/home/paneendra/vla_manipulation_ros2/install/vla_gazebo/share/vla_gazebo/hook/cmake_prefix_path.dsv'
[0.445s] INFO:colcon.colcon_core.shell:Creating environment hook '/home/paneendra/vla_manipulation_ros2/install/vla_gazebo/share/vla_gazebo/hook/cmake_prefix_path.sh'
[0.445s] Level 1:colcon.colcon_core.environment:checking '/home/paneendra/vla_manipulation_ros2/install/vla_gazebo/bin'
[0.445s] Level 1:colcon.colcon_core.environment:checking '/home/paneendra/vla_manipulation_ros2/install/vla_gazebo/lib/pkgconfig/vla_gazebo.pc'
[0.445s] Level 1:colcon.colcon_core.environment:checking '/home/paneendra/vla_manipulation_ros2/install/vla_gazebo/lib/python3.12/site-packages'
[0.446s] Level 1:colcon.colcon_core.environment:checking '/home/paneendra/vla_manipulation_ros2/install/vla_gazebo/bin'
[0.446s] INFO:colcon.colcon_core.shell:Creating package script '/home/paneendra/vla_manipulation_ros2/install/vla_gazebo/share/vla_gazebo/package.ps1'
[0.446s] INFO:colcon.colcon_core.shell:Creating package descriptor '/home/paneendra/vla_manipulation_ros2/install/vla_gazebo/share/vla_gazebo/package.dsv'
[0.447s] INFO:colcon.colcon_core.shell:Creating package script '/home/paneendra/vla_manipulation_ros2/install/vla_gazebo/share/vla_gazebo/package.sh'
[0.447s] INFO:colcon.colcon_core.shell:Creating package script '/home/paneendra/vla_manipulation_ros2/install/vla_gazebo/share/vla_gazebo/package.bash'
[0.447s] INFO:colcon.colcon_core.shell:Creating package script '/home/paneendra/vla_manipulation_ros2/install/vla_gazebo/share/vla_gazebo/package.zsh'
[0.447s] Level 1:colcon.colcon_core.environment:create_file_with_runtime_dependencies(/home/paneendra/vla_manipulation_ros2/install/vla_gazebo/share/colcon-core/packages/vla_gazebo)
[0.637s] DEBUG:colcon.colcon_core.event_handler.log_command:Invoked command in '/home/paneendra/vla_manipulation_ros2/build/vla_description' returned '0': CMAKE_PREFIX_PATH=${CMAKE_PREFIX_PATH}:/opt/ros/jazzy DEBUGINFOD_URLS=https://debuginfod.ubuntu.com /usr/bin/cmake /home/paneendra/vla_manipulation_ros2/src/vla_description -DAMENT_CMAKE_SYMLINK_INSTALL=1 -DCMAKE_INSTALL_PREFIX=/home/paneendra/vla_manipulation_ros2/install/vla_description
[0.637s] DEBUG:colcon.colcon_core.event_handler.log_command:Invoking command in '/home/paneendra/vla_manipulation_ros2/build/vla_description': CMAKE_PREFIX_PATH=${CMAKE_PREFIX_PATH}:/opt/ros/jazzy DEBUGINFOD_URLS=https://debuginfod.ubuntu.com /usr/bin/cmake --build /home/paneendra/vla_manipulation_ros2/build/vla_description -- -j32 -l32
[0.669s] DEBUG:colcon.colcon_core.event_handler.log_command:Invoked command in '/home/paneendra/vla_manipulation_ros2/build/vla_description' returned '0': CMAKE_PREFIX_PATH=${CMAKE_PREFIX_PATH}:/opt/ros/jazzy DEBUGINFOD_URLS=https://debuginfod.ubuntu.com /usr/bin/cmake --build /home/paneendra/vla_manipulation_ros2/build/vla_description -- -j32 -l32
[0.670s] DEBUG:colcon.colcon_core.event_handler.log_command:Invoking command in '/home/paneendra/vla_manipulation_ros2/build/vla_description': CMAKE_PREFIX_PATH=${CMAKE_PREFIX_PATH}:/opt/ros/jazzy DEBUGINFOD_URLS=https://debuginfod.ubuntu.com /usr/bin/cmake --install /home/paneendra/vla_manipulation_ros2/build/vla_description
[0.712s] DEBUG:colcon.colcon_core.task.python.build:Available setuptools commands: build_scripts, check, bdist_egg, install_headers, install_egg_info, install, update_catalog, sdist, init_catalog, egg_info, editable_wheel, compile_catalog, rotate, dist_info, install_lib, saveopts, upload, bdist_dumb, install_data, develop, easy_install, setopt, test, register, build_clib, build_py, build, install_scripts, extract_messages, symlink_data, bdist_wheel, build_ext, bdist, alias, upload_docs, clean, bdist_rpm
[0.729s] DEBUG:colcon.colcon_core.task.python.build:Available setuptools commands: build_scripts, check, bdist_egg, install_headers, install_egg_info, install, update_catalog, sdist, init_catalog, egg_info, editable_wheel, compile_catalog, rotate, dist_info, install_lib, saveopts, upload, bdist_dumb, install_data, develop, easy_install, setopt, test, register, build_clib, build_py, build, install_scripts, extract_messages, symlink_data, bdist_wheel, build_ext, bdist, alias, upload_docs, clean, bdist_rpm
[0.792s] Level 1:colcon.colcon_core.environment:create_environment_scripts_only(vla_description)
[0.792s] Level 1:colcon.colcon_core.environment:checking '/home/paneendra/vla_manipulation_ros2/install/vla_description' for CMake module files
[0.793s] DEBUG:colcon.colcon_core.event_handler.log_command:Invoked command in '/home/paneendra/vla_manipulation_ros2/build/vla_description' returned '0': CMAKE_PREFIX_PATH=${CMAKE_PREFIX_PATH}:/opt/ros/jazzy DEBUGINFOD_URLS=https://debuginfod.ubuntu.com /usr/bin/cmake --install /home/paneendra/vla_manipulation_ros2/build/vla_description
[0.793s] Level 1:colcon.colcon_core.environment:checking '/home/paneendra/vla_manipulation_ros2/install/vla_description' for CMake config files
[0.793s] Level 1:colcon.colcon_core.shell:create_environment_hook('vla_description', 'cmake_prefix_path')
[0.793s] INFO:colcon.colcon_core.shell:Creating environment hook '/home/paneendra/vla_manipulation_ros2/install/vla_description/share/vla_description/hook/cmake_prefix_path.ps1'
[0.794s] INFO:colcon.colcon_core.shell:Creating environment descriptor '/home/paneendra/vla_manipulation_ros2/install/vla_description/share/vla_description/hook/cmake_prefix_path.dsv'
[0.794s] INFO:colcon.colcon_core.shell:Creating environment hook '/home/paneendra/vla_manipulation_ros2/install/vla_description/share/vla_description/hook/cmake_prefix_path.sh'
[0.794s] Level 1:colcon.colcon_core.environment:checking '/home/paneendra/vla_manipulation_ros2/install/vla_description/bin'
[0.794s] Level 1:colcon.colcon_core.environment:checking '/home/paneendra/vla_manipulation_ros2/install/vla_description/lib/pkgconfig/vla_description.pc'
[0.794s] Level 1:colcon.colcon_core.environment:checking '/home/paneendra/vla_manipulation_ros2/install/vla_description/lib/python3.12/site-packages'
[0.795s] Level 1:colcon.colcon_core.environment:checking '/home/paneendra/vla_manipulation_ros2/install/vla_description/bin'
[0.795s] INFO:colcon.colcon_core.shell:Creating package script '/home/paneendra/vla_manipulation_ros2/install/vla_description/share/vla_description/package.ps1'
[0.795s] INFO:colcon.colcon_core.shell:Creating package descriptor '/home/paneendra/vla_manipulation_ros2/install/vla_description/share/vla_description/package.dsv'
[0.795s] INFO:colcon.colcon_core.shell:Creating package script '/home/paneendra/vla_manipulation_ros2/install/vla_description/share/vla_description/package.sh'
[0.795s] INFO:colcon.colcon_core.shell:Creating package script '/home/paneendra/vla_manipulation_ros2/install/vla_description/share/vla_description/package.bash'
[0.795s] INFO:colcon.colcon_core.shell:Creating package script '/home/paneendra/vla_manipulation_ros2/install/vla_description/share/vla_description/package.zsh'
[0.796s] Level 1:colcon.colcon_core.environment:create_file_with_runtime_dependencies(/home/paneendra/vla_manipulation_ros2/install/vla_description/share/colcon-core/packages/vla_description)
[0.796s] Level 1:colcon.colcon_core.environment:create_environment_scripts_only(vla_description)
[0.796s] Level 1:colcon.colcon_core.environment:checking '/home/paneendra/vla_manipulation_ros2/install/vla_description' for CMake module files
[0.796s] Level 1:colcon.colcon_core.environment:checking '/home/paneendra/vla_manipulation_ros2/install/vla_description' for CMake config files
[0.796s] Level 1:colcon.colcon_core.shell:create_environment_hook('vla_description', 'cmake_prefix_path')
[0.796s] INFO:colcon.colcon_core.shell:Creating environment hook '/home/paneendra/vla_manipulation_ros2/install/vla_description/share/vla_description/hook/cmake_prefix_path.ps1'
[0.796s] INFO:colcon.colcon_core.shell:Creating environment descriptor '/home/paneendra/vla_manipulation_ros2/install/vla_description/share/vla_description/hook/cmake_prefix_path.dsv'
[0.797s] INFO:colcon.colcon_core.shell:Creating environment hook '/home/paneendra/vla_manipulation_ros2/install/vla_description/share/vla_description/hook/cmake_prefix_path.sh'
[0.797s] Level 1:colcon.colcon_core.environment:checking '/home/paneendra/vla_manipulation_ros2/install/vla_description/bin'
[0.797s] Level 1:colcon.colcon_core.environment:checking '/home/paneendra/vla_manipulation_ros2/install/vla_description/lib/pkgconfig/vla_description.pc'
[0.797s] Level 1:colcon.colcon_core.environment:checking '/home/paneendra/vla_manipulation_ros2/install/vla_description/lib/python3.12/site-packages'
[0.797s] Level 1:colcon.colcon_core.environment:checking '/home/paneendra/vla_manipulation_ros2/install/vla_description/bin'
[0.797s] INFO:colcon.colcon_core.shell:Creating package script '/home/paneendra/vla_manipulation_ros2/install/vla_description/share/vla_description/package.ps1'
[0.797s] INFO:colcon.colcon_core.shell:Creating package descriptor '/home/paneendra/vla_manipulation_ros2/install/vla_description/share/vla_description/package.dsv'
[0.798s] INFO:colcon.colcon_core.shell:Creating package script '/home/paneendra/vla_manipulation_ros2/install/vla_description/share/vla_description/package.sh'
[0.798s] INFO:colcon.colcon_core.shell:Creating package script '/home/paneendra/vla_manipulation_ros2/install/vla_description/share/vla_description/package.bash'
[0.798s] INFO:colcon.colcon_core.shell:Creating package script '/home/paneendra/vla_manipulation_ros2/install/vla_description/share/vla_description/package.zsh'
[0.798s] Level 1:colcon.colcon_core.environment:create_file_with_runtime_dependencies(/home/paneendra/vla_manipulation_ros2/install/vla_description/share/colcon-core/packages/vla_description)
[0.876s] DEBUG:colcon.colcon_core.task.python.build:Available setuptools 'develop' options: --multi-version, --always-copy, --dry-run, --always-unzip, --no-deps, --install-dir, --version, --user, --allow-hosts, --editable, --egg-path, --install-layout, --uninstall, --no-user-cfg, --no-find-links, --verbose, --upgrade, --local-snapshots-ok, --prefix, --help, --index-url, --quiet, --optimize, --record, --force-installation-into-system-dir, --zip-ok, --build-directory, --site-dirs, --script-dir, --find-links, --exclude-scripts
[0.877s] DEBUG:colcon.colcon_core.event_handler.log_command:Invoking command in '/home/paneendra/vla_manipulation_ros2/build/vla_spatial': DEBUGINFOD_URLS=https://debuginfod.ubuntu.com PYTHONPATH=/home/paneendra/vla_manipulation_ros2/build/vla_spatial/prefix_override:/usr/lib/python3/dist-packages/colcon_core/task/python/colcon_distutils_commands:/home/paneendra/vla_manipulation_ros2/install/vla_spatial/lib/python3.12/site-packages:${PYTHONPATH} /usr/bin/python3 -W ignore:setup.py install is deprecated -W ignore:easy_install command is deprecated setup.py develop --editable --build-directory /home/paneendra/vla_manipulation_ros2/build/vla_spatial/build --no-deps symlink_data
[0.890s] DEBUG:colcon.colcon_core.task.python.build:Available setuptools 'develop' options: --multi-version, --always-copy, --dry-run, --always-unzip, --no-deps, --install-dir, --version, --user, --allow-hosts, --editable, --egg-path, --install-layout, --uninstall, --no-user-cfg, --no-find-links, --verbose, --upgrade, --local-snapshots-ok, --prefix, --help, --index-url, --quiet, --optimize, --record, --force-installation-into-system-dir, --zip-ok, --build-directory, --site-dirs, --script-dir, --find-links, --exclude-scripts
[0.891s] DEBUG:colcon.colcon_core.event_handler.log_command:Invoking command in '/home/paneendra/vla_manipulation_ros2/build/vla_perception': DEBUGINFOD_URLS=https://debuginfod.ubuntu.com PYTHONPATH=/home/paneendra/vla_manipulation_ros2/build/vla_perception/prefix_override:/usr/lib/python3/dist-packages/colcon_core/task/python/colcon_distutils_commands:/home/paneendra/vla_manipulation_ros2/install/vla_perception/lib/python3.12/site-packages:${PYTHONPATH} /usr/bin/python3 -W ignore:setup.py install is deprecated -W ignore:easy_install command is deprecated setup.py develop --editable --build-directory /home/paneendra/vla_manipulation_ros2/build/vla_perception/build --no-deps symlink_data
[1.182s] Level 1:colcon.colcon_core.shell:create_environment_hook('vla_spatial', 'pythonpath_develop')
[1.182s] INFO:colcon.colcon_core.shell:Creating environment hook '/home/paneendra/vla_manipulation_ros2/build/vla_spatial/share/vla_spatial/hook/pythonpath_develop.ps1'
[1.182s] DEBUG:colcon.colcon_core.event_handler.log_command:Invoked command in '/home/paneendra/vla_manipulation_ros2/build/vla_spatial' returned '0': DEBUGINFOD_URLS=https://debuginfod.ubuntu.com PYTHONPATH=/home/paneendra/vla_manipulation_ros2/build/vla_spatial/prefix_override:/usr/lib/python3/dist-packages/colcon_core/task/python/colcon_distutils_commands:/home/paneendra/vla_manipulation_ros2/install/vla_spatial/lib/python3.12/site-packages:${PYTHONPATH} /usr/bin/python3 -W ignore:setup.py install is deprecated -W ignore:easy_install command is deprecated setup.py develop --editable --build-directory /home/paneendra/vla_manipulation_ros2/build/vla_spatial/build --no-deps symlink_data
[1.182s] INFO:colcon.colcon_core.shell:Creating environment descriptor '/home/paneendra/vla_manipulation_ros2/build/vla_spatial/share/vla_spatial/hook/pythonpath_develop.dsv'
[1.183s] INFO:colcon.colcon_core.shell:Creating environment hook '/home/paneendra/vla_manipulation_ros2/build/vla_spatial/share/vla_spatial/hook/pythonpath_develop.sh'
[1.183s] Level 1:colcon.colcon_core.environment:checking '/home/paneendra/vla_manipulation_ros2/install/vla_spatial' for CMake module files
[1.183s] Level 1:colcon.colcon_core.environment:checking '/home/paneendra/vla_manipulation_ros2/install/vla_spatial' for CMake config files
[1.184s] Level 1:colcon.colcon_core.environment:checking '/home/paneendra/vla_manipulation_ros2/install/vla_spatial/lib'
[1.184s] Level 1:colcon.colcon_core.environment:checking '/home/paneendra/vla_manipulation_ros2/install/vla_spatial/bin'
[1.184s] Level 1:colcon.colcon_core.environment:checking '/home/paneendra/vla_manipulation_ros2/install/vla_spatial/lib/pkgconfig/vla_spatial.pc'
[1.184s] Level 1:colcon.colcon_core.environment:checking '/home/paneendra/vla_manipulation_ros2/install/vla_spatial/lib/python3.12/site-packages'
[1.184s] Level 1:colcon.colcon_core.shell:create_environment_hook('vla_spatial', 'pythonpath')
[1.184s] INFO:colcon.colcon_core.shell:Creating environment hook '/home/paneendra/vla_manipulation_ros2/install/vla_spatial/share/vla_spatial/hook/pythonpath.ps1'
[1.184s] INFO:colcon.colcon_core.shell:Creating environment descriptor '/home/paneendra/vla_manipulation_ros2/install/vla_spatial/share/vla_spatial/hook/pythonpath.dsv'
[1.185s] INFO:colcon.colcon_core.shell:Creating environment hook '/home/paneendra/vla_manipulation_ros2/install/vla_spatial/share/vla_spatial/hook/pythonpath.sh'
[1.185s] Level 1:colcon.colcon_core.environment:checking '/home/paneendra/vla_manipulation_ros2/install/vla_spatial/bin'
[1.185s] Level 1:colcon.colcon_core.environment:create_environment_scripts_only(vla_spatial)
[1.185s] INFO:colcon.colcon_core.shell:Creating package script '/home/paneendra/vla_manipulation_ros2/install/vla_spatial/share/vla_spatial/package.ps1'
[1.186s] INFO:colcon.colcon_core.shell:Creating package descriptor '/home/paneendra/vla_manipulation_ros2/install/vla_spatial/share/vla_spatial/package.dsv'
[1.186s] INFO:colcon.colcon_core.shell:Creating package script '/home/paneendra/vla_manipulation_ros2/install/vla_spatial/share/vla_spatial/package.sh'
[1.187s] INFO:colcon.colcon_core.shell:Creating package script '/home/paneendra/vla_manipulation_ros2/install/vla_spatial/share/vla_spatial/package.bash'
[1.187s] INFO:colcon.colcon_core.shell:Creating package script '/home/paneendra/vla_manipulation_ros2/install/vla_spatial/share/vla_spatial/package.zsh'
[1.187s] Level 1:colcon.colcon_core.environment:create_file_with_runtime_dependencies(/home/paneendra/vla_manipulation_ros2/install/vla_spatial/share/colcon-core/packages/vla_spatial)
[1.195s] Level 1:colcon.colcon_core.shell:create_environment_hook('vla_perception', 'pythonpath_develop')
[1.196s] INFO:colcon.colcon_core.shell:Creating environment hook '/home/paneendra/vla_manipulation_ros2/build/vla_perception/share/vla_perception/hook/pythonpath_develop.ps1'
[1.196s] DEBUG:colcon.colcon_core.event_handler.log_command:Invoked command in '/home/paneendra/vla_manipulation_ros2/build/vla_perception' returned '0': DEBUGINFOD_URLS=https://debuginfod.ubuntu.com PYTHONPATH=/home/paneendra/vla_manipulation_ros2/build/vla_perception/prefix_override:/usr/lib/python3/dist-packages/colcon_core/task/python/colcon_distutils_commands:/home/paneendra/vla_manipulation_ros2/install/vla_perception/lib/python3.12/site-packages:${PYTHONPATH} /usr/bin/python3 -W ignore:setup.py install is deprecated -W ignore:easy_install command is deprecated setup.py develop --editable --build-directory /home/paneendra/vla_manipulation_ros2/build/vla_perception/build --no-deps symlink_data
[1.196s] INFO:colcon.colcon_core.shell:Creating environment descriptor '/home/paneendra/vla_manipulation_ros2/build/vla_perception/share/vla_perception/hook/pythonpath_develop.dsv'
[1.197s] INFO:colcon.colcon_core.shell:Creating environment hook '/home/paneendra/vla_manipulation_ros2/build/vla_perception/share/vla_perception/hook/pythonpath_develop.sh'
[1.197s] Level 1:colcon.colcon_core.environment:checking '/home/paneendra/vla_manipulation_ros2/install/vla_perception' for CMake module files
[1.197s] Level 1:colcon.colcon_core.environment:checking '/home/paneendra/vla_manipulation_ros2/install/vla_perception' for CMake config files
[1.198s] Level 1:colcon.colcon_core.environment:checking '/home/paneendra/vla_manipulation_ros2/install/vla_perception/lib'
[1.198s] Level 1:colcon.colcon_core.environment:checking '/home/paneendra/vla_manipulation_ros2/install/vla_perception/bin'
[1.198s] Level 1:colcon.colcon_core.environment:checking '/home/paneendra/vla_manipulation_ros2/install/vla_perception/lib/pkgconfig/vla_perception.pc'
[1.198s] Level 1:colcon.colcon_core.environment:checking '/home/paneendra/vla_manipulation_ros2/install/vla_perception/lib/python3.12/site-packages'
[1.198s] Level 1:colcon.colcon_core.shell:create_environment_hook('vla_perception', 'pythonpath')
[1.198s] INFO:colcon.colcon_core.shell:Creating environment hook '/home/paneendra/vla_manipulation_ros2/install/vla_perception/share/vla_perception/hook/pythonpath.ps1'
[1.198s] INFO:colcon.colcon_core.shell:Creating environment descriptor '/home/paneendra/vla_manipulation_ros2/install/vla_perception/share/vla_perception/hook/pythonpath.dsv'
[1.199s] INFO:colcon.colcon_core.shell:Creating environment hook '/home/paneendra/vla_manipulation_ros2/install/vla_perception/share/vla_perception/hook/pythonpath.sh'
[1.199s] Level 1:colcon.colcon_core.environment:checking '/home/paneendra/vla_manipulation_ros2/install/vla_perception/bin'
[1.199s] Level 1:colcon.colcon_core.environment:create_environment_scripts_only(vla_perception)
[1.199s] INFO:colcon.colcon_core.shell:Creating package script '/home/paneendra/vla_manipulation_ros2/install/vla_perception/share/vla_perception/package.ps1'
[1.200s] INFO:colcon.colcon_core.shell:Creating package descriptor '/home/paneendra/vla_manipulation_ros2/install/vla_perception/share/vla_perception/package.dsv'
[1.200s] INFO:colcon.colcon_core.shell:Creating package script '/home/paneendra/vla_manipulation_ros2/install/vla_perception/share/vla_perception/package.sh'
[1.200s] INFO:colcon.colcon_core.shell:Creating package script '/home/paneendra/vla_manipulation_ros2/install/vla_perception/share/vla_perception/package.bash'
[1.201s] INFO:colcon.colcon_core.shell:Creating package script '/home/paneendra/vla_manipulation_ros2/install/vla_perception/share/vla_perception/package.zsh'
[1.201s] Level 1:colcon.colcon_core.environment:create_file_with_runtime_dependencies(/home/paneendra/vla_manipulation_ros2/install/vla_perception/share/colcon-core/packages/vla_perception)
[1.201s] DEBUG:colcon.colcon_parallel_executor.executor.parallel:closing loop
[1.201s] DEBUG:colcon.colcon_parallel_executor.executor.parallel:loop closed
[1.202s] DEBUG:colcon.colcon_parallel_executor.executor.parallel:run_until_complete finished with '0'
[1.202s] DEBUG:colcon.colcon_core.event_reactor:joining thread
[1.205s] INFO:colcon.colcon_core.plugin_system:Skipping extension 'colcon_notification.desktop_notification.terminal_notifier': Not used on non-Darwin systems
[1.205s] INFO:colcon.colcon_core.plugin_system:Skipping extension 'colcon_notification.desktop_notification.win32': Not used on non-Windows systems
[1.205s] INFO:colcon.colcon_notification.desktop_notification:Sending desktop notification using 'notify2'
[1.216s] DEBUG:colcon.colcon_core.event_reactor:joined thread
[1.216s] INFO:colcon.colcon_core.shell:Creating prefix script '/home/paneendra/vla_manipulation_ros2/install/local_setup.ps1'
[1.217s] INFO:colcon.colcon_core.shell:Creating prefix util module '/home/paneendra/vla_manipulation_ros2/install/_local_setup_util_ps1.py'
[1.217s] INFO:colcon.colcon_core.shell:Creating prefix chain script '/home/paneendra/vla_manipulation_ros2/install/setup.ps1'
[1.218s] INFO:colcon.colcon_core.shell:Creating prefix script '/home/paneendra/vla_manipulation_ros2/install/local_setup.sh'
[1.218s] INFO:colcon.colcon_core.shell:Creating prefix util module '/home/paneendra/vla_manipulation_ros2/install/_local_setup_util_sh.py'
[1.219s] INFO:colcon.colcon_core.shell:Creating prefix chain script '/home/paneendra/vla_manipulation_ros2/install/setup.sh'
[1.219s] INFO:colcon.colcon_core.shell:Creating prefix script '/home/paneendra/vla_manipulation_ros2/install/local_setup.bash'
[1.220s] INFO:colcon.colcon_core.shell:Creating prefix chain script '/home/paneendra/vla_manipulation_ros2/install/setup.bash'
[1.220s] INFO:colcon.colcon_core.shell:Creating prefix script '/home/paneendra/vla_manipulation_ros2/install/local_setup.zsh'
[1.221s] INFO:colcon.colcon_core.shell:Creating prefix chain script '/home/paneendra/vla_manipulation_ros2/install/setup.zsh'
