[0.060s] DEBUG:colcon:Command line arguments: ['/usr/bin/colcon', 'build', '--symlink-install', '--packages-select', 'vla_spatial']
[0.060s] DEBUG:colcon:Parsed command line arguments: Namespace(log_base=None, log_level=None, verb_name='build', build_base='build', install_base='install', merge_install=False, symlink_install=True, test_result_base=None, continue_on_error=False, executor='parallel', parallel_workers=32, event_handlers=None, ignore_user_meta=False, metas=['./colcon.meta'], base_paths=['.'], packages_ignore=None, packages_ignore_regex=None, paths=None, packages_up_to=None, packages_up_to_regex=None, packages_above=None, packages_above_and_dependencies=None, packages_above_depth=None, packages_select_by_dep=None, packages_skip_by_dep=None, packages_skip_up_to=None, packages_select_build_failed=False, packages_skip_build_finished=False, packages_select_test_failures=False, packages_skip_test_passed=False, packages_select=['vla_spatial'], packages_skip=None, packages_select_regex=None, packages_skip_regex=None, packages_start=None, packages_end=None, allow_overriding=[], cmake_args=None, cmake_target=None, cmake_target_skip_unavailable=False, cmake_clean_cache=False, cmake_clean_first=False, cmake_force_configure=False, ament_cmake_args=None, catkin_cmake_args=None, catkin_skip_building_tests=False, mixin_files=None, mixin=None, verb_parser=<colcon_mixin.mixin.mixin_argument.MixinArgumentDecorator object at 0x783316f99460>, verb_extension=<colcon_core.verb.build.BuildVerb object at 0x7833170b1c40>, main=<bound method BuildVerb.main of <colcon_core.verb.build.BuildVerb object at 0x7833170b1c40>>, mixin_verb=('build',))
[0.090s] Level 1:colcon.colcon_core.package_discovery:discover_packages(colcon_meta) check parameters
[0.090s] Level 1:colcon.colcon_core.package_discovery:discover_packages(recursive) check parameters
[0.090s] Level 1:colcon.colcon_core.package_discovery:discover_packages(ignore) check parameters
[0.090s] Level 1:colcon.colcon_core.package_discovery:discover_packages(path) check parameters
[0.090s] Level 1:colcon.colcon_core.package_discovery:discover_packages(colcon_meta) discover
[0.090s] Level 1:colcon.colcon_core.package_discovery:discover_packages(recursive) discover
[0.090s] INFO:colcon.colcon_core.package_discovery:Crawling recursively for packages in '/home/paneendra/vla_manipulation_ros2'
[0.090s] Level 1:colcon.colcon_core.package_identification:_identify(.) by extensions ['ignore', 'ignore_ament_install']
[0.090s] Level 1:colcon.colcon_core.package_identification:_identify(.) by extension 'ignore'
[0.090s] Level 1:colcon.colcon_core.package_identification:_identify(.) by extension 'ignore_ament_install'
[0.090s] Level 1:colcon.colcon_core.package_identification:_identify(.) by extensions ['colcon_pkg']
[0.090s] Level 1:colcon.colcon_core.package_identification:_identify(.) by extension 'colcon_pkg'
[0.090s] Level 1:colcon.colcon_core.package_identification:_identify(.) by extensions ['colcon_meta']
[0.090s] Level 1:colcon.colcon_core.package_identification:_identify(.) by extension 'colcon_meta'
[0.090s] Level 1:colcon.colcon_core.package_identification:_identify(.) by extensions ['ros']
[0.090s] Level 1:colcon.colcon_core.package_identification:_identify(.) by extension 'ros'
[0.110s] Level 1:colcon.colcon_core.package_identification:_identify(.) by extensions ['cmake', 'python']
[0.110s] Level 1:colcon.colcon_core.package_identification:_identify(.) by extension 'cmake'
[0.110s] Level 1:colcon.colcon_core.package_identification:_identify(.) by extension 'python'
[0.110s] Level 1:colcon.colcon_core.package_identification:_identify(.) by extensions ['python_setup_py']
[0.110s] Level 1:colcon.colcon_core.package_identification:_identify(.) by extension 'python_setup_py'
[0.110s] Level 1:colcon.colcon_core.package_identification:_identify(build) by extensions ['ignore', 'ignore_ament_install']
[0.110s] Level 1:colcon.colcon_core.package_identification:_identify(build) by extension 'ignore'
[0.110s] Level 1:colcon.colcon_core.package_identification:_identify(build) ignored
[0.110s] Level 1:colcon.colcon_core.package_identification:_identify(install) by extensions ['ignore', 'ignore_ament_install']
[0.110s] Level 1:colcon.colcon_core.package_identification:_identify(install) by extension 'ignore'
[0.110s] Level 1:colcon.colcon_core.package_identification:_identify(install) ignored
[0.110s] Level 1:colcon.colcon_core.package_identification:_identify(log) by extensions ['ignore', 'ignore_ament_install']
[0.110s] Level 1:colcon.colcon_core.package_identification:_identify(log) by extension 'ignore'
[0.110s] Level 1:colcon.colcon_core.package_identification:_identify(log) ignored
[0.110s] Level 1:colcon.colcon_core.package_identification:_identify(src) by extensions ['ignore', 'ignore_ament_install']
[0.110s] Level 1:colcon.colcon_core.package_identification:_identify(src) by extension 'ignore'
[0.110s] Level 1:colcon.colcon_core.package_identification:_identify(src) by extension 'ignore_ament_install'
[0.110s] Level 1:colcon.colcon_core.package_identification:_identify(src) by extensions ['colcon_pkg']
[0.110s] Level 1:colcon.colcon_core.package_identification:_identify(src) by extension 'colcon_pkg'
[0.110s] Level 1:colcon.colcon_core.package_identification:_identify(src) by extensions ['colcon_meta']
[0.110s] Level 1:colcon.colcon_core.package_identification:_identify(src) by extension 'colcon_meta'
[0.110s] Level 1:colcon.colcon_core.package_identification:_identify(src) by extensions ['ros']
[0.110s] Level 1:colcon.colcon_core.package_identification:_identify(src) by extension 'ros'
[0.110s] Level 1:colcon.colcon_core.package_identification:_identify(src) by extensions ['cmake', 'python']
[0.111s] Level 1:colcon.colcon_core.package_identification:_identify(src) by extension 'cmake'
[0.111s] Level 1:colcon.colcon_core.package_identification:_identify(src) by extension 'python'
[0.111s] Level 1:colcon.colcon_core.package_identification:_identify(src) by extensions ['python_setup_py']
[0.111s] Level 1:colcon.colcon_core.package_identification:_identify(src) by extension 'python_setup_py'
[0.111s] Level 1:colcon.colcon_core.package_identification:_identify(src/vla_bringup) by extensions ['ignore', 'ignore_ament_install']
[0.111s] Level 1:colcon.colcon_core.package_identification:_identify(src/vla_bringup) by extension 'ignore'
[0.111s] Level 1:colcon.colcon_core.package_identification:_identify(src/vla_bringup) by extension 'ignore_ament_install'
[0.111s] Level 1:colcon.colcon_core.package_identification:_identify(src/vla_bringup) by extensions ['colcon_pkg']
[0.111s] Level 1:colcon.colcon_core.package_identification:_identify(src/vla_bringup) by extension 'colcon_pkg'
[0.111s] Level 1:colcon.colcon_core.package_identification:_identify(src/vla_bringup) by extensions ['colcon_meta']
[0.111s] Level 1:colcon.colcon_core.package_identification:_identify(src/vla_bringup) by extension 'colcon_meta'
[0.111s] Level 1:colcon.colcon_core.package_identification:_identify(src/vla_bringup) by extensions ['ros']
[0.111s] Level 1:colcon.colcon_core.package_identification:_identify(src/vla_bringup) by extension 'ros'
[0.112s] DEBUG:colcon.colcon_core.package_identification:Package 'src/vla_bringup' with type 'ros.ament_cmake' and name 'vla_bringup'
[0.112s] Level 1:colcon.colcon_core.package_identification:_identify(src/vla_execution) by extensions ['ignore', 'ignore_ament_install']
[0.112s] Level 1:colcon.colcon_core.package_identification:_identify(src/vla_execution) by extension 'ignore'
[0.113s] Level 1:colcon.colcon_core.package_identification:_identify(src/vla_execution) by extension 'ignore_ament_install'
[0.113s] Level 1:colcon.colcon_core.package_identification:_identify(src/vla_execution) by extensions ['colcon_pkg']
[0.113s] Level 1:colcon.colcon_core.package_identification:_identify(src/vla_execution) by extension 'colcon_pkg'
[0.113s] Level 1:colcon.colcon_core.package_identification:_identify(src/vla_execution) by extensions ['colcon_meta']
[0.113s] Level 1:colcon.colcon_core.package_identification:_identify(src/vla_execution) by extension 'colcon_meta'
[0.113s] Level 1:colcon.colcon_core.package_identification:_identify(src/vla_execution) by extensions ['ros']
[0.113s] Level 1:colcon.colcon_core.package_identification:_identify(src/vla_execution) by extension 'ros'
[0.113s] DEBUG:colcon.colcon_core.package_identification:Package 'src/vla_execution' with type 'ros.ament_cmake' and name 'vla_execution'
[0.113s] Level 1:colcon.colcon_core.package_identification:_identify(src/vla_perception) by extensions ['ignore', 'ignore_ament_install']
[0.113s] Level 1:colcon.colcon_core.package_identification:_identify(src/vla_perception) by extension 'ignore'
[0.113s] Level 1:colcon.colcon_core.package_identification:_identify(src/vla_perception) by extension 'ignore_ament_install'
[0.113s] Level 1:colcon.colcon_core.package_identification:_identify(src/vla_perception) by extensions ['colcon_pkg']
[0.113s] Level 1:colcon.colcon_core.package_identification:_identify(src/vla_perception) by extension 'colcon_pkg'
[0.113s] Level 1:colcon.colcon_core.package_identification:_identify(src/vla_perception) by extensions ['colcon_meta']
[0.113s] Level 1:colcon.colcon_core.package_identification:_identify(src/vla_perception) by extension 'colcon_meta'
[0.113s] Level 1:colcon.colcon_core.package_identification:_identify(src/vla_perception) by extensions ['ros']
[0.113s] Level 1:colcon.colcon_core.package_identification:_identify(src/vla_perception) by extension 'ros'
[0.114s] DEBUG:colcon.colcon_core.package_identification:Package 'src/vla_perception' with type 'ros.ament_python' and name 'vla_perception'
[0.114s] Level 1:colcon.colcon_core.package_identification:_identify(src/vla_spatial) by extensions ['ignore', 'ignore_ament_install']
[0.114s] Level 1:colcon.colcon_core.package_identification:_identify(src/vla_spatial) by extension 'ignore'
[0.114s] Level 1:colcon.colcon_core.package_identification:_identify(src/vla_spatial) by extension 'ignore_ament_install'
[0.114s] Level 1:colcon.colcon_core.package_identification:_identify(src/vla_spatial) by extensions ['colcon_pkg']
[0.114s] Level 1:colcon.colcon_core.package_identification:_identify(src/vla_spatial) by extension 'colcon_pkg'
[0.114s] Level 1:colcon.colcon_core.package_identification:_identify(src/vla_spatial) by extensions ['colcon_meta']
[0.114s] Level 1:colcon.colcon_core.package_identification:_identify(src/vla_spatial) by extension 'colcon_meta'
[0.114s] Level 1:colcon.colcon_core.package_identification:_identify(src/vla_spatial) by extensions ['ros']
[0.114s] Level 1:colcon.colcon_core.package_identification:_identify(src/vla_spatial) by extension 'ros'
[0.114s] DEBUG:colcon.colcon_core.package_identification:Package 'src/vla_spatial' with type 'ros.ament_python' and name 'vla_spatial'
[0.114s] Level 1:colcon.colcon_core.package_discovery:discover_packages(recursive) using defaults
[0.114s] Level 1:colcon.colcon_core.package_discovery:discover_packages(ignore) discover
[0.114s] Level 1:colcon.colcon_core.package_discovery:discover_packages(ignore) using defaults
[0.115s] Level 1:colcon.colcon_core.package_discovery:discover_packages(path) discover
[0.115s] Level 1:colcon.colcon_core.package_discovery:discover_packages(path) using defaults
[0.125s] INFO:colcon.colcon_core.package_selection:Skipping not selected package 'vla_bringup' in 'src/vla_bringup'
[0.125s] INFO:colcon.colcon_core.package_selection:Skipping not selected package 'vla_execution' in 'src/vla_execution'
[0.125s] INFO:colcon.colcon_core.package_selection:Skipping not selected package 'vla_perception' in 'src/vla_perception'
[0.125s] Level 1:colcon.colcon_core.package_discovery:discover_packages(prefix_path) check parameters
[0.125s] Level 1:colcon.colcon_core.package_discovery:discover_packages(prefix_path) discover
[0.127s] DEBUG:colcon.colcon_installed_package_information.package_discovery:Found 458 installed packages in /opt/ros/jazzy
[0.128s] Level 1:colcon.colcon_core.package_discovery:discover_packages(prefix_path) using defaults
[0.154s] Level 5:colcon.colcon_core.verb:set package 'vla_spatial' build argument 'cmake_args' from command line to 'None'
[0.154s] Level 5:colcon.colcon_core.verb:set package 'vla_spatial' build argument 'cmake_target' from command line to 'None'
[0.154s] Level 5:colcon.colcon_core.verb:set package 'vla_spatial' build argument 'cmake_target_skip_unavailable' from command line to 'False'
[0.154s] Level 5:colcon.colcon_core.verb:set package 'vla_spatial' build argument 'cmake_clean_cache' from command line to 'False'
[0.154s] Level 5:colcon.colcon_core.verb:set package 'vla_spatial' build argument 'cmake_clean_first' from command line to 'False'
[0.154s] Level 5:colcon.colcon_core.verb:set package 'vla_spatial' build argument 'cmake_force_configure' from command line to 'False'
[0.154s] Level 5:colcon.colcon_core.verb:set package 'vla_spatial' build argument 'ament_cmake_args' from command line to 'None'
[0.154s] Level 5:colcon.colcon_core.verb:set package 'vla_spatial' build argument 'catkin_cmake_args' from command line to 'None'
[0.154s] Level 5:colcon.colcon_core.verb:set package 'vla_spatial' build argument 'catkin_skip_building_tests' from command line to 'False'
[0.154s] DEBUG:colcon.colcon_core.verb:Building package 'vla_spatial' with the following arguments: {'ament_cmake_args': None, 'build_base': '/home/paneendra/vla_manipulation_ros2/build/vla_spatial', 'catkin_cmake_args': None, 'catkin_skip_building_tests': False, 'cmake_args': None, 'cmake_clean_cache': False, 'cmake_clean_first': False, 'cmake_force_configure': False, 'cmake_target': None, 'cmake_target_skip_unavailable': False, 'install_base': '/home/paneendra/vla_manipulation_ros2/install/vla_spatial', 'merge_install': False, 'path': '/home/paneendra/vla_manipulation_ros2/src/vla_spatial', 'symlink_install': True, 'test_result_base': None}
[0.154s] INFO:colcon.colcon_core.executor:Executing jobs using 'parallel' executor
[0.155s] DEBUG:colcon.colcon_parallel_executor.executor.parallel:run_until_complete
[0.155s] INFO:colcon.colcon_ros.task.ament_python.build:Building ROS package in '/home/paneendra/vla_manipulation_ros2/src/vla_spatial' with build type 'ament_python'
[0.155s] Level 1:colcon.colcon_core.shell:create_environment_hook('vla_spatial', 'ament_prefix_path')
[0.156s] INFO:colcon.colcon_core.plugin_system:Skipping extension 'colcon_core.shell.bat': Not used on non-Windows systems
[0.156s] INFO:colcon.colcon_core.shell:Creating environment hook '/home/paneendra/vla_manipulation_ros2/install/vla_spatial/share/vla_spatial/hook/ament_prefix_path.ps1'
[0.157s] INFO:colcon.colcon_core.shell:Creating environment descriptor '/home/paneendra/vla_manipulation_ros2/install/vla_spatial/share/vla_spatial/hook/ament_prefix_path.dsv'
[0.157s] INFO:colcon.colcon_core.shell:Creating environment hook '/home/paneendra/vla_manipulation_ros2/install/vla_spatial/share/vla_spatial/hook/ament_prefix_path.sh'
[0.157s] INFO:colcon.colcon_core.shell:Skip shell extension 'powershell' for command environment: Not usable outside of PowerShell
[0.157s] DEBUG:colcon.colcon_core.shell:Skip shell extension 'dsv' for command environment
[0.291s] INFO:colcon.colcon_core.task.python.build:Building Python package in '/home/paneendra/vla_manipulation_ros2/src/vla_spatial'
[0.291s] INFO:colcon.colcon_core.shell:Skip shell extension 'powershell' for command environment: Not usable outside of PowerShell
[0.291s] DEBUG:colcon.colcon_core.shell:Skip shell extension 'dsv' for command environment
[0.596s] DEBUG:colcon.colcon_core.task.python.build:Available setuptools commands: update_catalog, upload, alias, install_egg_info, register, setopt, build_scripts, upload_docs, bdist_rpm, install_headers, check, build_ext, bdist, extract_messages, test, build_py, bdist_wheel, dist_info, compile_catalog, install_lib, install_scripts, build, install_data, bdist_dumb, develop, symlink_data, rotate, build_clib, clean, bdist_egg, egg_info, init_catalog, sdist, editable_wheel, saveopts, install, easy_install
[0.766s] DEBUG:colcon.colcon_core.task.python.build:Available setuptools 'develop' options: --user, --upgrade, --no-find-links, --no-user-cfg, --install-layout, --help, --site-dirs, --index-url, --allow-hosts, --find-links, --build-directory, --local-snapshots-ok, --version, --editable, --dry-run, --quiet, --install-dir, --optimize, --record, --multi-version, --prefix, --force-installation-into-system-dir, --exclude-scripts, --verbose, --always-unzip, --always-copy, --zip-ok, --script-dir, --no-deps, --egg-path, --uninstall
[0.767s] DEBUG:colcon.colcon_core.event_handler.log_command:Invoking command in '/home/paneendra/vla_manipulation_ros2/build/vla_spatial': DEBUGINFOD_URLS=https://debuginfod.ubuntu.com PYTHONPATH=/home/paneendra/vla_manipulation_ros2/build/vla_spatial/prefix_override:/usr/lib/python3/dist-packages/colcon_core/task/python/colcon_distutils_commands:/home/paneendra/vla_manipulation_ros2/install/vla_spatial/lib/python3.12/site-packages:${PYTHONPATH} /usr/bin/python3 -W ignore:setup.py install is deprecated -W ignore:easy_install command is deprecated setup.py develop --editable --build-directory /home/paneendra/vla_manipulation_ros2/build/vla_spatial/build --no-deps symlink_data
[1.095s] Level 1:colcon.colcon_core.shell:create_environment_hook('vla_spatial', 'pythonpath_develop')
[1.095s] INFO:colcon.colcon_core.shell:Creating environment hook '/home/paneendra/vla_manipulation_ros2/build/vla_spatial/share/vla_spatial/hook/pythonpath_develop.ps1'
[1.095s] DEBUG:colcon.colcon_core.event_handler.log_command:Invoked command in '/home/paneendra/vla_manipulation_ros2/build/vla_spatial' returned '0': DEBUGINFOD_URLS=https://debuginfod.ubuntu.com PYTHONPATH=/home/paneendra/vla_manipulation_ros2/build/vla_spatial/prefix_override:/usr/lib/python3/dist-packages/colcon_core/task/python/colcon_distutils_commands:/home/paneendra/vla_manipulation_ros2/install/vla_spatial/lib/python3.12/site-packages:${PYTHONPATH} /usr/bin/python3 -W ignore:setup.py install is deprecated -W ignore:easy_install command is deprecated setup.py develop --editable --build-directory /home/paneendra/vla_manipulation_ros2/build/vla_spatial/build --no-deps symlink_data
[1.095s] INFO:colcon.colcon_core.shell:Creating environment descriptor '/home/paneendra/vla_manipulation_ros2/build/vla_spatial/share/vla_spatial/hook/pythonpath_develop.dsv'
[1.096s] INFO:colcon.colcon_core.shell:Creating environment hook '/home/paneendra/vla_manipulation_ros2/build/vla_spatial/share/vla_spatial/hook/pythonpath_develop.sh'
[1.097s] Level 1:colcon.colcon_core.environment:checking '/home/paneendra/vla_manipulation_ros2/install/vla_spatial' for CMake module files
[1.097s] Level 1:colcon.colcon_core.environment:checking '/home/paneendra/vla_manipulation_ros2/install/vla_spatial' for CMake config files
[1.097s] Level 1:colcon.colcon_core.environment:checking '/home/paneendra/vla_manipulation_ros2/install/vla_spatial/lib'
[1.097s] Level 1:colcon.colcon_core.environment:checking '/home/paneendra/vla_manipulation_ros2/install/vla_spatial/bin'
[1.097s] Level 1:colcon.colcon_core.environment:checking '/home/paneendra/vla_manipulation_ros2/install/vla_spatial/lib/pkgconfig/vla_spatial.pc'
[1.097s] Level 1:colcon.colcon_core.environment:checking '/home/paneendra/vla_manipulation_ros2/install/vla_spatial/lib/python3.12/site-packages'
[1.097s] Level 1:colcon.colcon_core.shell:create_environment_hook('vla_spatial', 'pythonpath')
[1.097s] INFO:colcon.colcon_core.shell:Creating environment hook '/home/paneendra/vla_manipulation_ros2/install/vla_spatial/share/vla_spatial/hook/pythonpath.ps1'
[1.098s] INFO:colcon.colcon_core.shell:Creating environment descriptor '/home/paneendra/vla_manipulation_ros2/install/vla_spatial/share/vla_spatial/hook/pythonpath.dsv'
[1.098s] INFO:colcon.colcon_core.shell:Creating environment hook '/home/paneendra/vla_manipulation_ros2/install/vla_spatial/share/vla_spatial/hook/pythonpath.sh'
[1.098s] Level 1:colcon.colcon_core.environment:checking '/home/paneendra/vla_manipulation_ros2/install/vla_spatial/bin'
[1.098s] Level 1:colcon.colcon_core.environment:create_environment_scripts_only(vla_spatial)
[1.098s] INFO:colcon.colcon_core.shell:Creating package script '/home/paneendra/vla_manipulation_ros2/install/vla_spatial/share/vla_spatial/package.ps1'
[1.099s] INFO:colcon.colcon_core.shell:Creating package descriptor '/home/paneendra/vla_manipulation_ros2/install/vla_spatial/share/vla_spatial/package.dsv'
[1.099s] INFO:colcon.colcon_core.shell:Creating package script '/home/paneendra/vla_manipulation_ros2/install/vla_spatial/share/vla_spatial/package.sh'
[1.099s] INFO:colcon.colcon_core.shell:Creating package script '/home/paneendra/vla_manipulation_ros2/install/vla_spatial/share/vla_spatial/package.bash'
[1.100s] INFO:colcon.colcon_core.shell:Creating package script '/home/paneendra/vla_manipulation_ros2/install/vla_spatial/share/vla_spatial/package.zsh'
[1.100s] Level 1:colcon.colcon_core.environment:create_file_with_runtime_dependencies(/home/paneendra/vla_manipulation_ros2/install/vla_spatial/share/colcon-core/packages/vla_spatial)
[1.100s] DEBUG:colcon.colcon_parallel_executor.executor.parallel:closing loop
[1.100s] DEBUG:colcon.colcon_parallel_executor.executor.parallel:loop closed
[1.100s] DEBUG:colcon.colcon_parallel_executor.executor.parallel:run_until_complete finished with '0'
[1.101s] DEBUG:colcon.colcon_core.event_reactor:joining thread
[1.110s] INFO:colcon.colcon_core.plugin_system:Skipping extension 'colcon_notification.desktop_notification.terminal_notifier': Not used on non-Darwin systems
[1.110s] INFO:colcon.colcon_core.plugin_system:Skipping extension 'colcon_notification.desktop_notification.win32': Not used on non-Windows systems
[1.111s] INFO:colcon.colcon_notification.desktop_notification:Sending desktop notification using 'notify2'
[1.118s] DEBUG:colcon.colcon_core.event_reactor:joined thread
[1.118s] INFO:colcon.colcon_core.shell:Creating prefix script '/home/paneendra/vla_manipulation_ros2/install/local_setup.ps1'
[1.119s] INFO:colcon.colcon_core.shell:Creating prefix util module '/home/paneendra/vla_manipulation_ros2/install/_local_setup_util_ps1.py'
[1.119s] INFO:colcon.colcon_core.shell:Creating prefix chain script '/home/paneendra/vla_manipulation_ros2/install/setup.ps1'
[1.120s] INFO:colcon.colcon_core.shell:Creating prefix script '/home/paneendra/vla_manipulation_ros2/install/local_setup.sh'
[1.120s] INFO:colcon.colcon_core.shell:Creating prefix util module '/home/paneendra/vla_manipulation_ros2/install/_local_setup_util_sh.py'
[1.120s] INFO:colcon.colcon_core.shell:Creating prefix chain script '/home/paneendra/vla_manipulation_ros2/install/setup.sh'
[1.121s] INFO:colcon.colcon_core.shell:Creating prefix script '/home/paneendra/vla_manipulation_ros2/install/local_setup.bash'
[1.121s] INFO:colcon.colcon_core.shell:Creating prefix chain script '/home/paneendra/vla_manipulation_ros2/install/setup.bash'
[1.121s] INFO:colcon.colcon_core.shell:Creating prefix script '/home/paneendra/vla_manipulation_ros2/install/local_setup.zsh'
[1.121s] INFO:colcon.colcon_core.shell:Creating prefix chain script '/home/paneendra/vla_manipulation_ros2/install/setup.zsh'
