-- Install configuration: ""
-- Execute custom install script
-- Up-to-date symlink: /home/paneendra/vla_manipulation_ros2/install/vla_gazebo/share/vla_gazebo/launch/sim.launch.py
-- Up-to-date symlink: /home/paneendra/vla_manipulation_ros2/install/vla_gazebo/share/vla_gazebo/worlds/vla_world.sdf
-- Up-to-date symlink: /home/paneendra/vla_manipulation_ros2/install/vla_gazebo/share/vla_gazebo/models/red_block/model.config
-- Up-to-date symlink: /home/paneendra/vla_manipulation_ros2/install/vla_gazebo/share/vla_gazebo/models/red_block/model.sdf
-- Up-to-date symlink: /home/paneendra/vla_manipulation_ros2/install/vla_gazebo/share/ament_index/resource_index/package_run_dependencies/vla_gazebo
-- Up-to-date symlink: /home/paneendra/vla_manipulation_ros2/install/vla_gazebo/share/ament_index/resource_index/parent_prefix_path/vla_gazebo
-- Up-to-date symlink: /home/paneendra/vla_manipulation_ros2/install/vla_gazebo/share/vla_gazebo/environment/ament_prefix_path.sh
-- Up-to-date symlink: /home/paneendra/vla_manipulation_ros2/install/vla_gazebo/share/vla_gazebo/environment/ament_prefix_path.dsv
-- Up-to-date symlink: /home/paneendra/vla_manipulation_ros2/install/vla_gazebo/share/vla_gazebo/environment/path.sh
-- Up-to-date symlink: /home/paneendra/vla_manipulation_ros2/install/vla_gazebo/share/vla_gazebo/environment/path.dsv
-- Up-to-date symlink: /home/paneendra/vla_manipulation_ros2/install/vla_gazebo/share/vla_gazebo/local_setup.bash
-- Up-to-date symlink: /home/paneendra/vla_manipulation_ros2/install/vla_gazebo/share/vla_gazebo/local_setup.sh
-- Up-to-date symlink: /home/paneendra/vla_manipulation_ros2/install/vla_gazebo/share/vla_gazebo/local_setup.zsh
-- Up-to-date symlink: /home/paneendra/vla_manipulation_ros2/install/vla_gazebo/share/vla_gazebo/local_setup.dsv
-- Symlinking: /home/paneendra/vla_manipulation_ros2/install/vla_gazebo/share/vla_gazebo/package.dsv
-- Up-to-date symlink: /home/paneendra/vla_manipulation_ros2/install/vla_gazebo/share/ament_index/resource_index/packages/vla_gazebo
-- Up-to-date symlink: /home/paneendra/vla_manipulation_ros2/install/vla_gazebo/share/vla_gazebo/cmake/vla_gazeboConfig.cmake
-- Up-to-date symlink: /home/paneendra/vla_manipulation_ros2/install/vla_gazebo/share/vla_gazebo/cmake/vla_gazeboConfig-version.cmake
-- Up-to-date symlink: /home/paneendra/vla_manipulation_ros2/install/vla_gazebo/share/vla_gazebo/package.xml
