-- Install configuration: ""
-- Execute custom install script
-- Up-to-date symlink: /home/paneendra/vla_manipulation_ros2/install/vla_moveit_config/share/vla_moveit_config/config/joint_limits.yaml
-- Up-to-date symlink: /home/paneendra/vla_manipulation_ros2/install/vla_moveit_config/share/vla_moveit_config/config/kinematics.yaml
-- Up-to-date symlink: /home/paneendra/vla_manipulation_ros2/install/vla_moveit_config/share/vla_moveit_config/config/moveit_controllers.yaml
-- Up-to-date symlink: /home/paneendra/vla_manipulation_ros2/install/vla_moveit_config/share/vla_moveit_config/config/ompl_planning.yaml
-- Up-to-date symlink: /home/paneendra/vla_manipulation_ros2/install/vla_moveit_config/share/vla_moveit_config/config/vla_arm.srdf
-- Up-to-date symlink: /home/paneendra/vla_manipulation_ros2/install/vla_moveit_config/share/vla_moveit_config/config/vla_arm.urdf.xacro
-- Up-to-date symlink: /home/paneendra/vla_manipulation_ros2/install/vla_moveit_config/share/vla_moveit_config/launch/move_group.launch.py
-- Up-to-date symlink: /home/paneendra/vla_manipulation_ros2/install/vla_moveit_config/share/ament_index/resource_index/package_run_dependencies/vla_moveit_config
-- Up-to-date symlink: /home/paneendra/vla_manipulation_ros2/install/vla_moveit_config/share/ament_index/resource_index/parent_prefix_path/vla_moveit_config
-- Up-to-date symlink: /home/paneendra/vla_manipulation_ros2/install/vla_moveit_config/share/vla_moveit_config/environment/ament_prefix_path.sh
-- Up-to-date symlink: /home/paneendra/vla_manipulation_ros2/install/vla_moveit_config/share/vla_moveit_config/environment/ament_prefix_path.dsv
-- Up-to-date symlink: /home/paneendra/vla_manipulation_ros2/install/vla_moveit_config/share/vla_moveit_config/environment/path.sh
-- Up-to-date symlink: /home/paneendra/vla_manipulation_ros2/install/vla_moveit_config/share/vla_moveit_config/environment/path.dsv
-- Up-to-date symlink: /home/paneendra/vla_manipulation_ros2/install/vla_moveit_config/share/vla_moveit_config/local_setup.bash
-- Up-to-date symlink: /home/paneendra/vla_manipulation_ros2/install/vla_moveit_config/share/vla_moveit_config/local_setup.sh
-- Up-to-date symlink: /home/paneendra/vla_manipulation_ros2/install/vla_moveit_config/share/vla_moveit_config/local_setup.zsh
-- Up-to-date symlink: /home/paneendra/vla_manipulation_ros2/install/vla_moveit_config/share/vla_moveit_config/local_setup.dsv
-- Symlinking: /home/paneendra/vla_manipulation_ros2/install/vla_moveit_config/share/vla_moveit_config/package.dsv
-- Up-to-date symlink: /home/paneendra/vla_manipulation_ros2/install/vla_moveit_config/share/ament_index/resource_index/packages/vla_moveit_config
-- Up-to-date symlink: /home/paneendra/vla_manipulation_ros2/install/vla_moveit_config/share/vla_moveit_config/cmake/vla_moveit_configConfig.cmake
-- Up-to-date symlink: /home/paneendra/vla_manipulation_ros2/install/vla_moveit_config/share/vla_moveit_config/cmake/vla_moveit_configConfig-version.cmake
-- Up-to-date symlink: /home/paneendra/vla_manipulation_ros2/install/vla_moveit_config/share/vla_moveit_config/package.xml
