[0.014s] Invoking command in '/home/paneendra/vla_manipulation_ros2/build/vla_bringup': CMAKE_PREFIX_PATH=${CMAKE_PREFIX_PATH}:/opt/ros/jazzy DEBUGINFOD_URLS=https://debuginfod.ubuntu.com /usr/bin/cmake /home/paneendra/vla_manipulation_ros2/src/vla_bringup -DAMENT_CMAKE_SYMLINK_INSTALL=1 -DCMAKE_INSTALL_PREFIX=/home/paneendra/vla_manipulation_ros2/install/vla_bringup
[0.146s] -- The C compiler identification is GNU 13.3.0
[0.230s] -- The CXX compiler identification is GNU 13.3.0
[0.247s] -- Detecting C compiler ABI info
[0.328s] -- Detecting C compiler ABI info - done
[0.337s] -- Check for working C compiler: /usr/bin/cc - skipped
[0.338s] -- Detecting C compile features
[0.338s] -- Detecting C compile features - done
[0.348s] -- Detecting CXX compiler ABI info
[0.424s] -- Detecting CXX compiler ABI info - done
[0.431s] -- Check for working CXX compiler: /usr/bin/c++ - skipped
[0.432s] -- Detecting CXX compile features
[0.432s] -- Detecting CXX compile features - done
[0.440s] -- Found ament_cmake: 2.5.6 (/opt/ros/jazzy/share/ament_cmake/cmake)
[0.564s] -- Found Python3: /usr/bin/python3 (found version "3.12.3") found components: Interpreter 
[0.617s] -- Override CMake install command with custom implementation using symlinks instead of copying resources
[0.662s] -- Found ament_lint_auto: 0.17.5 (/opt/ros/jazzy/share/ament_lint_auto/cmake)
[0.745s] -- Added test 'flake8' to check Python code syntax and style conventions
[0.745s] -- Configured 'flake8' exclude dirs and/or files: 
[0.746s] -- Added test 'lint_cmake' to check CMake code style
[0.746s] -- Added test 'pep257' to check Python code against some of the docstring style conventions in PEP 257
[0.747s] -- Added test 'xmllint' to check XML markup files
[0.749s] -- Configuring done (0.7s)
[0.750s] -- Generating done (0.0s)
[0.752s] -- Build files have been written to: /home/paneendra/vla_manipulation_ros2/build/vla_bringup
[0.756s] Invoked command in '/home/paneendra/vla_manipulation_ros2/build/vla_bringup' returned '0': CMAKE_PREFIX_PATH=${CMAKE_PREFIX_PATH}:/opt/ros/jazzy DEBUGINFOD_URLS=https://debuginfod.ubuntu.com /usr/bin/cmake /home/paneendra/vla_manipulation_ros2/src/vla_bringup -DAMENT_CMAKE_SYMLINK_INSTALL=1 -DCMAKE_INSTALL_PREFIX=/home/paneendra/vla_manipulation_ros2/install/vla_bringup
[0.756s] Invoking command in '/home/paneendra/vla_manipulation_ros2/build/vla_bringup': CMAKE_PREFIX_PATH=${CMAKE_PREFIX_PATH}:/opt/ros/jazzy DEBUGINFOD_URLS=https://debuginfod.ubuntu.com /usr/bin/cmake --build /home/paneendra/vla_manipulation_ros2/build/vla_bringup -- -j32 -l32
[0.788s] Invoked command in '/home/paneendra/vla_manipulation_ros2/build/vla_bringup' returned '0': CMAKE_PREFIX_PATH=${CMAKE_PREFIX_PATH}:/opt/ros/jazzy DEBUGINFOD_URLS=https://debuginfod.ubuntu.com /usr/bin/cmake --build /home/paneendra/vla_manipulation_ros2/build/vla_bringup -- -j32 -l32
[0.794s] Invoking command in '/home/paneendra/vla_manipulation_ros2/build/vla_bringup': CMAKE_PREFIX_PATH=${CMAKE_PREFIX_PATH}:/opt/ros/jazzy DEBUGINFOD_URLS=https://debuginfod.ubuntu.com /usr/bin/cmake --install /home/paneendra/vla_manipulation_ros2/build/vla_bringup
[0.801s] -- Install configuration: ""
[0.802s] -- Execute custom install script
[0.802s] -- Symlinking: /home/paneendra/vla_manipulation_ros2/install/vla_bringup/share/vla_bringup/launch/vla_pipeline.launch.py
[0.810s] -- Symlinking: /home/paneendra/vla_manipulation_ros2/install/vla_bringup/share/ament_index/resource_index/package_run_dependencies/vla_bringup
[0.817s] -- Symlinking: /home/paneendra/vla_manipulation_ros2/install/vla_bringup/share/ament_index/resource_index/parent_prefix_path/vla_bringup
[0.824s] -- Symlinking: /home/paneendra/vla_manipulation_ros2/install/vla_bringup/share/vla_bringup/environment/ament_prefix_path.sh
[0.831s] -- Symlinking: /home/paneendra/vla_manipulation_ros2/install/vla_bringup/share/vla_bringup/environment/ament_prefix_path.dsv
[0.837s] -- Symlinking: /home/paneendra/vla_manipulation_ros2/install/vla_bringup/share/vla_bringup/environment/path.sh
[0.844s] -- Symlinking: /home/paneendra/vla_manipulation_ros2/install/vla_bringup/share/vla_bringup/environment/path.dsv
[0.851s] -- Symlinking: /home/paneendra/vla_manipulation_ros2/install/vla_bringup/share/vla_bringup/local_setup.bash
[0.858s] -- Symlinking: /home/paneendra/vla_manipulation_ros2/install/vla_bringup/share/vla_bringup/local_setup.sh
[0.863s] -- Symlinking: /home/paneendra/vla_manipulation_ros2/install/vla_bringup/share/vla_bringup/local_setup.zsh
[0.870s] -- Symlinking: /home/paneendra/vla_manipulation_ros2/install/vla_bringup/share/vla_bringup/local_setup.dsv
[0.878s] -- Symlinking: /home/paneendra/vla_manipulation_ros2/install/vla_bringup/share/vla_bringup/package.dsv
[0.883s] -- Symlinking: /home/paneendra/vla_manipulation_ros2/install/vla_bringup/share/ament_index/resource_index/packages/vla_bringup
[0.890s] -- Symlinking: /home/paneendra/vla_manipulation_ros2/install/vla_bringup/share/vla_bringup/cmake/vla_bringupConfig.cmake
[0.895s] -- Symlinking: /home/paneendra/vla_manipulation_ros2/install/vla_bringup/share/vla_bringup/cmake/vla_bringupConfig-version.cmake
[0.904s] -- Symlinking: /home/paneendra/vla_manipulation_ros2/install/vla_bringup/share/vla_bringup/package.xml
[0.912s] Invoked command in '/home/paneendra/vla_manipulation_ros2/build/vla_bringup' returned '0': CMAKE_PREFIX_PATH=${CMAKE_PREFIX_PATH}:/opt/ros/jazzy DEBUGINFOD_URLS=https://debuginfod.ubuntu.com /usr/bin/cmake --install /home/paneendra/vla_manipulation_ros2/build/vla_bringup
