-- The C compiler identification is GNU 13.3.0
-- The CXX compiler identification is GNU 13.3.0
-- Detecting C compiler ABI info
-- Detecting C compiler ABI info - done
-- Check for working C compiler: /usr/bin/cc - skipped
-- Detecting C compile features
-- Detecting C compile features - done
-- Detecting CXX compiler ABI info
-- Detecting CXX compiler ABI info - done
-- Check for working CXX compiler: /usr/bin/c++ - skipped
-- Detecting CXX compile features
-- Detecting CXX compile features - done
-- Found ament_cmake: 2.5.6 (/opt/ros/jazzy/share/ament_cmake/cmake)
-- Found Python3: /usr/bin/python3 (found version "3.12.3") found components: Interpreter 
-- Override CMake install command with custom implementation using symlinks instead of copying resources
-- Found ament_lint_auto: 0.17.5 (/opt/ros/jazzy/share/ament_lint_auto/cmake)
-- Added test 'flake8' to check Python code syntax and style conventions
-- Configured 'flake8' exclude dirs and/or files: 
-- Added test 'lint_cmake' to check CMake code style
-- Added test 'pep257' to check Python code against some of the docstring style conventions in PEP 257
-- Added test 'xmllint' to check XML markup files
-- Configuring done (0.5s)
-- Generating done (0.0s)
-- Build files have been written to: /home/paneendra/vla_manipulation_ros2/build/vla_moveit_config
-- Install configuration: ""
-- Execute custom install script
-- Symlinking: /home/paneendra/vla_manipulation_ros2/install/vla_moveit_config/share/vla_moveit_config/config/joint_limits.yaml
-- Symlinking: /home/paneendra/vla_manipulation_ros2/install/vla_moveit_config/share/vla_moveit_config/config/kinematics.yaml
-- Symlinking: /home/paneendra/vla_manipulation_ros2/install/vla_moveit_config/share/vla_moveit_config/config/moveit_controllers.yaml
-- Symlinking: /home/paneendra/vla_manipulation_ros2/install/vla_moveit_config/share/vla_moveit_config/config/ompl_planning.yaml
-- Symlinking: /home/paneendra/vla_manipulation_ros2/install/vla_moveit_config/share/vla_moveit_config/config/vla_arm.srdf
-- Symlinking: /home/paneendra/vla_manipulation_ros2/install/vla_moveit_config/share/vla_moveit_config/config/vla_arm.urdf.xacro
-- Symlinking: /home/paneendra/vla_manipulation_ros2/install/vla_moveit_config/share/vla_moveit_config/launch/move_group.launch.py
-- Symlinking: /home/paneendra/vla_manipulation_ros2/install/vla_moveit_config/share/ament_index/resource_index/package_run_dependencies/vla_moveit_config
-- Symlinking: /home/paneendra/vla_manipulation_ros2/install/vla_moveit_config/share/ament_index/resource_index/parent_prefix_path/vla_moveit_config
-- Symlinking: /home/paneendra/vla_manipulation_ros2/install/vla_moveit_config/share/vla_moveit_config/environment/ament_prefix_path.sh
-- Symlinking: /home/paneendra/vla_manipulation_ros2/install/vla_moveit_config/share/vla_moveit_config/environment/ament_prefix_path.dsv
-- Symlinking: /home/paneendra/vla_manipulation_ros2/install/vla_moveit_config/share/vla_moveit_config/environment/path.sh
-- Symlinking: /home/paneendra/vla_manipulation_ros2/install/vla_moveit_config/share/vla_moveit_config/environment/path.dsv
-- Symlinking: /home/paneendra/vla_manipulation_ros2/install/vla_moveit_config/share/vla_moveit_config/local_setup.bash
-- Symlinking: /home/paneendra/vla_manipulation_ros2/install/vla_moveit_config/share/vla_moveit_config/local_setup.sh
-- Symlinking: /home/paneendra/vla_manipulation_ros2/install/vla_moveit_config/share/vla_moveit_config/local_setup.zsh
-- Symlinking: /home/paneendra/vla_manipulation_ros2/install/vla_moveit_config/share/vla_moveit_config/local_setup.dsv
-- Symlinking: /home/paneendra/vla_manipulation_ros2/install/vla_moveit_config/share/vla_moveit_config/package.dsv
-- Symlinking: /home/paneendra/vla_manipulation_ros2/install/vla_moveit_config/share/ament_index/resource_index/packages/vla_moveit_config
-- Symlinking: /home/paneendra/vla_manipulation_ros2/install/vla_moveit_config/share/vla_moveit_config/cmake/vla_moveit_configConfig.cmake
-- Symlinking: /home/paneendra/vla_manipulation_ros2/install/vla_moveit_config/share/vla_moveit_config/cmake/vla_moveit_configConfig-version.cmake
-- Symlinking: /home/paneendra/vla_manipulation_ros2/install/vla_moveit_config/share/vla_moveit_config/package.xml
