[0.019s] Invoking command in '/home/paneendra/vla_manipulation_ros2/build/vla_moveit_config': CMAKE_PREFIX_PATH=${CMAKE_PREFIX_PATH}:/opt/ros/jazzy DEBUGINFOD_URLS=https://debuginfod.ubuntu.com /usr/bin/cmake /home/paneendra/vla_manipulation_ros2/src/vla_moveit_config -DAMENT_CMAKE_SYMLINK_INSTALL=1 -DCMAKE_INSTALL_PREFIX=/home/paneendra/vla_manipulation_ros2/install/vla_moveit_config
[0.155s] -- The C compiler identification is GNU 13.3.0
[0.155s] -- The CXX compiler identification is GNU 13.3.0
[0.155s] -- Detecting C compiler ABI info
[0.168s] -- Detecting C compiler ABI info - done
[0.174s] -- Check for working C compiler: /usr/bin/cc - skipped
[0.174s] -- Detecting C compile features
[0.174s] -- Detecting C compile features - done
[0.181s] -- Detecting CXX compiler ABI info
[0.248s] -- Detecting CXX compiler ABI info - done
[0.253s] -- Check for working CXX compiler: /usr/bin/c++ - skipped
[0.254s] -- Detecting CXX compile features
[0.254s] -- Detecting CXX compile features - done
[0.256s] -- Found ament_cmake: 2.5.6 (/opt/ros/jazzy/share/ament_cmake/cmake)
[0.351s] -- Found Python3: /usr/bin/python3 (found version "3.12.3") found components: Interpreter 
[0.393s] -- Override CMake install command with custom implementation using symlinks instead of copying resources
[0.423s] -- Found ament_lint_auto: 0.17.5 (/opt/ros/jazzy/share/ament_lint_auto/cmake)
[0.486s] -- Added test 'flake8' to check Python code syntax and style conventions
[0.486s] -- Configured 'flake8' exclude dirs and/or files: 
[0.486s] -- Added test 'lint_cmake' to check CMake code style
[0.487s] -- Added test 'pep257' to check Python code against some of the docstring style conventions in PEP 257
[0.487s] -- Added test 'xmllint' to check XML markup files
[0.488s] -- Configuring done (0.5s)
[0.489s] -- Generating done (0.0s)
[0.490s] -- Build files have been written to: /home/paneendra/vla_manipulation_ros2/build/vla_moveit_config
[0.493s] Invoked command in '/home/paneendra/vla_manipulation_ros2/build/vla_moveit_config' returned '0': CMAKE_PREFIX_PATH=${CMAKE_PREFIX_PATH}:/opt/ros/jazzy DEBUGINFOD_URLS=https://debuginfod.ubuntu.com /usr/bin/cmake /home/paneendra/vla_manipulation_ros2/src/vla_moveit_config -DAMENT_CMAKE_SYMLINK_INSTALL=1 -DCMAKE_INSTALL_PREFIX=/home/paneendra/vla_manipulation_ros2/install/vla_moveit_config
[0.494s] Invoking command in '/home/paneendra/vla_manipulation_ros2/build/vla_moveit_config': CMAKE_PREFIX_PATH=${CMAKE_PREFIX_PATH}:/opt/ros/jazzy DEBUGINFOD_URLS=https://debuginfod.ubuntu.com /usr/bin/cmake --build /home/paneendra/vla_manipulation_ros2/build/vla_moveit_config -- -j32 -l32
[0.521s] Invoked command in '/home/paneendra/vla_manipulation_ros2/build/vla_moveit_config' returned '0': CMAKE_PREFIX_PATH=${CMAKE_PREFIX_PATH}:/opt/ros/jazzy DEBUGINFOD_URLS=https://debuginfod.ubuntu.com /usr/bin/cmake --build /home/paneendra/vla_manipulation_ros2/build/vla_moveit_config -- -j32 -l32
[0.522s] Invoking command in '/home/paneendra/vla_manipulation_ros2/build/vla_moveit_config': CMAKE_PREFIX_PATH=${CMAKE_PREFIX_PATH}:/opt/ros/jazzy DEBUGINFOD_URLS=https://debuginfod.ubuntu.com /usr/bin/cmake --install /home/paneendra/vla_manipulation_ros2/build/vla_moveit_config
[0.527s] -- Install configuration: ""
[0.528s] -- Execute custom install script
[0.528s] -- Symlinking: /home/paneendra/vla_manipulation_ros2/install/vla_moveit_config/share/vla_moveit_config/config/joint_limits.yaml
[0.535s] -- Symlinking: /home/paneendra/vla_manipulation_ros2/install/vla_moveit_config/share/vla_moveit_config/config/kinematics.yaml
[0.539s] -- Symlinking: /home/paneendra/vla_manipulation_ros2/install/vla_moveit_config/share/vla_moveit_config/config/moveit_controllers.yaml
[0.544s] -- Symlinking: /home/paneendra/vla_manipulation_ros2/install/vla_moveit_config/share/vla_moveit_config/config/ompl_planning.yaml
[0.551s] -- Symlinking: /home/paneendra/vla_manipulation_ros2/install/vla_moveit_config/share/vla_moveit_config/config/vla_arm.srdf
[0.558s] -- Symlinking: /home/paneendra/vla_manipulation_ros2/install/vla_moveit_config/share/vla_moveit_config/config/vla_arm.urdf.xacro
[0.563s] -- Symlinking: /home/paneendra/vla_manipulation_ros2/install/vla_moveit_config/share/vla_moveit_config/launch/move_group.launch.py
[0.570s] -- Symlinking: /home/paneendra/vla_manipulation_ros2/install/vla_moveit_config/share/ament_index/resource_index/package_run_dependencies/vla_moveit_config
[0.576s] -- Symlinking: /home/paneendra/vla_manipulation_ros2/install/vla_moveit_config/share/ament_index/resource_index/parent_prefix_path/vla_moveit_config
[0.584s] -- Symlinking: /home/paneendra/vla_manipulation_ros2/install/vla_moveit_config/share/vla_moveit_config/environment/ament_prefix_path.sh
[0.589s] -- Symlinking: /home/paneendra/vla_manipulation_ros2/install/vla_moveit_config/share/vla_moveit_config/environment/ament_prefix_path.dsv
[0.595s] -- Symlinking: /home/paneendra/vla_manipulation_ros2/install/vla_moveit_config/share/vla_moveit_config/environment/path.sh
[0.602s] -- Symlinking: /home/paneendra/vla_manipulation_ros2/install/vla_moveit_config/share/vla_moveit_config/environment/path.dsv
[0.608s] -- Symlinking: /home/paneendra/vla_manipulation_ros2/install/vla_moveit_config/share/vla_moveit_config/local_setup.bash
[0.614s] -- Symlinking: /home/paneendra/vla_manipulation_ros2/install/vla_moveit_config/share/vla_moveit_config/local_setup.sh
[0.621s] -- Symlinking: /home/paneendra/vla_manipulation_ros2/install/vla_moveit_config/share/vla_moveit_config/local_setup.zsh
[0.627s] -- Symlinking: /home/paneendra/vla_manipulation_ros2/install/vla_moveit_config/share/vla_moveit_config/local_setup.dsv
[0.634s] -- Symlinking: /home/paneendra/vla_manipulation_ros2/install/vla_moveit_config/share/vla_moveit_config/package.dsv
[0.640s] -- Symlinking: /home/paneendra/vla_manipulation_ros2/install/vla_moveit_config/share/ament_index/resource_index/packages/vla_moveit_config
[0.645s] -- Symlinking: /home/paneendra/vla_manipulation_ros2/install/vla_moveit_config/share/vla_moveit_config/cmake/vla_moveit_configConfig.cmake
[0.651s] -- Symlinking: /home/paneendra/vla_manipulation_ros2/install/vla_moveit_config/share/vla_moveit_config/cmake/vla_moveit_configConfig-version.cmake
[0.657s] -- Symlinking: /home/paneendra/vla_manipulation_ros2/install/vla_moveit_config/share/vla_moveit_config/package.xml
[0.665s] Invoked command in '/home/paneendra/vla_manipulation_ros2/build/vla_moveit_config' returned '0': CMAKE_PREFIX_PATH=${CMAKE_PREFIX_PATH}:/opt/ros/jazzy DEBUGINFOD_URLS=https://debuginfod.ubuntu.com /usr/bin/cmake --install /home/paneendra/vla_manipulation_ros2/build/vla_moveit_config
