[0.023s] Invoking command in '/home/paneendra/vla_manipulation_ros2/build/vla_bringup': CMAKE_PREFIX_PATH=${CMAKE_PREFIX_PATH}:/opt/ros/jazzy DEBUGINFOD_URLS=https://debuginfod.ubuntu.com /usr/bin/cmake --build /home/paneendra/vla_manipulation_ros2/build/vla_bringup -- -j32 -l32
[0.275s] Invoked command in '/home/paneendra/vla_manipulation_ros2/build/vla_bringup' returned '0': CMAKE_PREFIX_PATH=${CMAKE_PREFIX_PATH}:/opt/ros/jazzy DEBUGINFOD_URLS=https://debuginfod.ubuntu.com /usr/bin/cmake --build /home/paneendra/vla_manipulation_ros2/build/vla_bringup -- -j32 -l32
[0.283s] Invoking command in '/home/paneendra/vla_manipulation_ros2/build/vla_bringup': CMAKE_PREFIX_PATH=${CMAKE_PREFIX_PATH}:/opt/ros/jazzy DEBUGINFOD_URLS=https://debuginfod.ubuntu.com /usr/bin/cmake --install /home/paneendra/vla_manipulation_ros2/build/vla_bringup
[0.289s] -- Install configuration: ""
[0.290s] -- Execute custom install script
[0.290s] -- Up-to-date symlink: /home/paneendra/vla_manipulation_ros2/install/vla_bringup/share/vla_bringup/launch/vla_pipeline.launch.py
[0.290s] -- Up-to-date symlink: /home/paneendra/vla_manipulation_ros2/install/vla_bringup/share/ament_index/resource_index/package_run_dependencies/vla_bringup
[0.290s] -- Up-to-date symlink: /home/paneendra/vla_manipulation_ros2/install/vla_bringup/share/ament_index/resource_index/parent_prefix_path/vla_bringup
[0.291s] -- Up-to-date symlink: /home/paneendra/vla_manipulation_ros2/install/vla_bringup/share/vla_bringup/environment/ament_prefix_path.sh
[0.291s] -- Up-to-date symlink: /home/paneendra/vla_manipulation_ros2/install/vla_bringup/share/vla_bringup/environment/ament_prefix_path.dsv
[0.292s] -- Up-to-date symlink: /home/paneendra/vla_manipulation_ros2/install/vla_bringup/share/vla_bringup/environment/path.sh
[0.293s] -- Up-to-date symlink: /home/paneendra/vla_manipulation_ros2/install/vla_bringup/share/vla_bringup/environment/path.dsv
[0.293s] -- Up-to-date symlink: /home/paneendra/vla_manipulation_ros2/install/vla_bringup/share/vla_bringup/local_setup.bash
[0.293s] -- Up-to-date symlink: /home/paneendra/vla_manipulation_ros2/install/vla_bringup/share/vla_bringup/local_setup.sh
[0.293s] -- Up-to-date symlink: /home/paneendra/vla_manipulation_ros2/install/vla_bringup/share/vla_bringup/local_setup.zsh
[0.293s] -- Up-to-date symlink: /home/paneendra/vla_manipulation_ros2/install/vla_bringup/share/vla_bringup/local_setup.dsv
[0.293s] -- Symlinking: /home/paneendra/vla_manipulation_ros2/install/vla_bringup/share/vla_bringup/package.dsv
[0.299s] -- Up-to-date symlink: /home/paneendra/vla_manipulation_ros2/install/vla_bringup/share/ament_index/resource_index/packages/vla_bringup
[0.299s] -- Up-to-date symlink: /home/paneendra/vla_manipulation_ros2/install/vla_bringup/share/vla_bringup/cmake/vla_bringupConfig.cmake
[0.299s] -- Up-to-date symlink: /home/paneendra/vla_manipulation_ros2/install/vla_bringup/share/vla_bringup/cmake/vla_bringupConfig-version.cmake
[0.299s] -- Up-to-date symlink: /home/paneendra/vla_manipulation_ros2/install/vla_bringup/share/vla_bringup/package.xml
[0.322s] Invoked command in '/home/paneendra/vla_manipulation_ros2/build/vla_bringup' returned '0': CMAKE_PREFIX_PATH=${CMAKE_PREFIX_PATH}:/opt/ros/jazzy DEBUGINFOD_URLS=https://debuginfod.ubuntu.com /usr/bin/cmake --install /home/paneendra/vla_manipulation_ros2/build/vla_bringup
