[0.021s] Invoking command in '/home/paneendra/vla_manipulation_ros2/build/vla_description': CMAKE_PREFIX_PATH=${CMAKE_PREFIX_PATH}:/opt/ros/jazzy DEBUGINFOD_URLS=https://debuginfod.ubuntu.com /usr/bin/cmake --build /home/paneendra/vla_manipulation_ros2/build/vla_description -- -j32 -l32
[0.281s] Invoked command in '/home/paneendra/vla_manipulation_ros2/build/vla_description' returned '0': CMAKE_PREFIX_PATH=${CMAKE_PREFIX_PATH}:/opt/ros/jazzy DEBUGINFOD_URLS=https://debuginfod.ubuntu.com /usr/bin/cmake --build /home/paneendra/vla_manipulation_ros2/build/vla_description -- -j32 -l32
[0.281s] Invoking command in '/home/paneendra/vla_manipulation_ros2/build/vla_description': CMAKE_PREFIX_PATH=${CMAKE_PREFIX_PATH}:/opt/ros/jazzy DEBUGINFOD_URLS=https://debuginfod.ubuntu.com /usr/bin/cmake --install /home/paneendra/vla_manipulation_ros2/build/vla_description
[0.287s] -- Install configuration: ""
[0.288s] -- Execute custom install script
[0.288s] -- Up-to-date symlink: /home/paneendra/vla_manipulation_ros2/install/vla_description/share/vla_description/launch/rsp.launch.py
[0.288s] -- Up-to-date symlink: /home/paneendra/vla_manipulation_ros2/install/vla_description/share/vla_description/urdf/vla_arm.urdf.xacro
[0.288s] -- Up-to-date symlink: /home/paneendra/vla_manipulation_ros2/install/vla_description/share/ament_index/resource_index/package_run_dependencies/vla_description
[0.289s] -- Up-to-date symlink: /home/paneendra/vla_manipulation_ros2/install/vla_description/share/ament_index/resource_index/parent_prefix_path/vla_description
[0.289s] -- Up-to-date symlink: /home/paneendra/vla_manipulation_ros2/install/vla_description/share/vla_description/environment/ament_prefix_path.sh
[0.289s] -- Up-to-date symlink: /home/paneendra/vla_manipulation_ros2/install/vla_description/share/vla_description/environment/ament_prefix_path.dsv
[0.289s] -- Up-to-date symlink: /home/paneendra/vla_manipulation_ros2/install/vla_description/share/vla_description/environment/path.sh
[0.290s] -- Up-to-date symlink: /home/paneendra/vla_manipulation_ros2/install/vla_description/share/vla_description/environment/path.dsv
[0.291s] -- Up-to-date symlink: /home/paneendra/vla_manipulation_ros2/install/vla_description/share/vla_description/local_setup.bash
[0.291s] -- Up-to-date symlink: /home/paneendra/vla_manipulation_ros2/install/vla_description/share/vla_description/local_setup.sh
[0.291s] -- Up-to-date symlink: /home/paneendra/vla_manipulation_ros2/install/vla_description/share/vla_description/local_setup.zsh
[0.291s] -- Up-to-date symlink: /home/paneendra/vla_manipulation_ros2/install/vla_description/share/vla_description/local_setup.dsv
[0.291s] -- Symlinking: /home/paneendra/vla_manipulation_ros2/install/vla_description/share/vla_description/package.dsv
[0.297s] -- Up-to-date symlink: /home/paneendra/vla_manipulation_ros2/install/vla_description/share/ament_index/resource_index/packages/vla_description
[0.297s] -- Up-to-date symlink: /home/paneendra/vla_manipulation_ros2/install/vla_description/share/vla_description/cmake/vla_descriptionConfig.cmake
[0.297s] -- Up-to-date symlink: /home/paneendra/vla_manipulation_ros2/install/vla_description/share/vla_description/cmake/vla_descriptionConfig-version.cmake
[0.297s] -- Up-to-date symlink: /home/paneendra/vla_manipulation_ros2/install/vla_description/share/vla_description/package.xml
[0.314s] Invoked command in '/home/paneendra/vla_manipulation_ros2/build/vla_description' returned '0': CMAKE_PREFIX_PATH=${CMAKE_PREFIX_PATH}:/opt/ros/jazzy DEBUGINFOD_URLS=https://debuginfod.ubuntu.com /usr/bin/cmake --install /home/paneendra/vla_manipulation_ros2/build/vla_description
