-- Found ament_cmake: 2.5.6 (/opt/ros/jazzy/share/ament_cmake/cmake)
-- Override CMake install command with custom implementation using symlinks instead of copying resources
-- Found ament_lint_auto: 0.17.5 (/opt/ros/jazzy/share/ament_lint_auto/cmake)
-- Added test 'flake8' to check Python code syntax and style conventions
-- Configured 'flake8' exclude dirs and/or files: 
-- Added test 'lint_cmake' to check CMake code style
-- Added test 'pep257' to check Python code against some of the docstring style conventions in PEP 257
-- Added test 'xmllint' to check XML markup files
-- Configuring done (0.2s)
-- Generating done (0.0s)
-- Build files have been written to: /home/paneendra/vla_manipulation_ros2/build/vla_description
-- Install configuration: ""
-- Execute custom install script
-- Up-to-date symlink: /home/paneendra/vla_manipulation_ros2/install/vla_description/share/vla_description/launch/rsp.launch.py
-- Up-to-date symlink: /home/paneendra/vla_manipulation_ros2/install/vla_description/share/vla_description/urdf/vla_arm.urdf.xacro
-- Symlinking: /home/paneendra/vla_manipulation_ros2/install/vla_description/share/vla_description/config/ros2_controllers.yaml
-- Up-to-date symlink: /home/paneendra/vla_manipulation_ros2/install/vla_description/share/ament_index/resource_index/package_run_dependencies/vla_description
-- Up-to-date symlink: /home/paneendra/vla_manipulation_ros2/install/vla_description/share/ament_index/resource_index/parent_prefix_path/vla_description
-- Up-to-date symlink: /home/paneendra/vla_manipulation_ros2/install/vla_description/share/vla_description/environment/ament_prefix_path.sh
-- Up-to-date symlink: /home/paneendra/vla_manipulation_ros2/install/vla_description/share/vla_description/environment/ament_prefix_path.dsv
-- Up-to-date symlink: /home/paneendra/vla_manipulation_ros2/install/vla_description/share/vla_description/environment/path.sh
-- Up-to-date symlink: /home/paneendra/vla_manipulation_ros2/install/vla_description/share/vla_description/environment/path.dsv
-- Up-to-date symlink: /home/paneendra/vla_manipulation_ros2/install/vla_description/share/vla_description/local_setup.bash
-- Up-to-date symlink: /home/paneendra/vla_manipulation_ros2/install/vla_description/share/vla_description/local_setup.sh
-- Up-to-date symlink: /home/paneendra/vla_manipulation_ros2/install/vla_description/share/vla_description/local_setup.zsh
-- Up-to-date symlink: /home/paneendra/vla_manipulation_ros2/install/vla_description/share/vla_description/local_setup.dsv
-- Symlinking: /home/paneendra/vla_manipulation_ros2/install/vla_description/share/vla_description/package.dsv
-- Up-to-date symlink: /home/paneendra/vla_manipulation_ros2/install/vla_description/share/ament_index/resource_index/packages/vla_description
-- Up-to-date symlink: /home/paneendra/vla_manipulation_ros2/install/vla_description/share/vla_description/cmake/vla_descriptionConfig.cmake
-- Up-to-date symlink: /home/paneendra/vla_manipulation_ros2/install/vla_description/share/vla_description/cmake/vla_descriptionConfig-version.cmake
-- Up-to-date symlink: /home/paneendra/vla_manipulation_ros2/install/vla_description/share/vla_description/package.xml
