[0.018s] Invoking command in '/home/paneendra/vla_manipulation_ros2/build/vla_description': CMAKE_PREFIX_PATH=${CMAKE_PREFIX_PATH}:/opt/ros/jazzy DEBUGINFOD_URLS=https://debuginfod.ubuntu.com /usr/bin/cmake --build /home/paneendra/vla_manipulation_ros2/build/vla_description -- -j32 -l32
[0.174s] -- Found ament_cmake: 2.5.6 (/opt/ros/jazzy/share/ament_cmake/cmake)
[0.182s] -- Override CMake install command with custom implementation using symlinks instead of copying resources
[0.186s] -- Found ament_lint_auto: 0.17.5 (/opt/ros/jazzy/share/ament_lint_auto/cmake)
[0.240s] -- Added test 'flake8' to check Python code syntax and style conventions
[0.241s] -- Configured 'flake8' exclude dirs and/or files: 
[0.241s] -- Added test 'lint_cmake' to check CMake code style
[0.241s] -- Added test 'pep257' to check Python code against some of the docstring style conventions in PEP 257
[0.241s] -- Added test 'xmllint' to check XML markup files
[0.242s] -- Configuring done (0.2s)
[0.243s] -- Generating done (0.0s)
[0.244s] -- Build files have been written to: /home/paneendra/vla_manipulation_ros2/build/vla_description
[0.348s] Invoked command in '/home/paneendra/vla_manipulation_ros2/build/vla_description' returned '0': CMAKE_PREFIX_PATH=${CMAKE_PREFIX_PATH}:/opt/ros/jazzy DEBUGINFOD_URLS=https://debuginfod.ubuntu.com /usr/bin/cmake --build /home/paneendra/vla_manipulation_ros2/build/vla_description -- -j32 -l32
[0.348s] Invoking command in '/home/paneendra/vla_manipulation_ros2/build/vla_description': CMAKE_PREFIX_PATH=${CMAKE_PREFIX_PATH}:/opt/ros/jazzy DEBUGINFOD_URLS=https://debuginfod.ubuntu.com /usr/bin/cmake --install /home/paneendra/vla_manipulation_ros2/build/vla_description
[0.355s] -- Install configuration: ""
[0.356s] -- Execute custom install script
[0.356s] -- Up-to-date symlink: /home/paneendra/vla_manipulation_ros2/install/vla_description/share/vla_description/launch/rsp.launch.py
[0.356s] -- Up-to-date symlink: /home/paneendra/vla_manipulation_ros2/install/vla_description/share/vla_description/urdf/vla_arm.urdf.xacro
[0.356s] -- Symlinking: /home/paneendra/vla_manipulation_ros2/install/vla_description/share/vla_description/config/ros2_controllers.yaml
[0.365s] -- Up-to-date symlink: /home/paneendra/vla_manipulation_ros2/install/vla_description/share/ament_index/resource_index/package_run_dependencies/vla_description
[0.365s] -- Up-to-date symlink: /home/paneendra/vla_manipulation_ros2/install/vla_description/share/ament_index/resource_index/parent_prefix_path/vla_description
[0.365s] -- Up-to-date symlink: /home/paneendra/vla_manipulation_ros2/install/vla_description/share/vla_description/environment/ament_prefix_path.sh
[0.366s] -- Up-to-date symlink: /home/paneendra/vla_manipulation_ros2/install/vla_description/share/vla_description/environment/ament_prefix_path.dsv
[0.366s] -- Up-to-date symlink: /home/paneendra/vla_manipulation_ros2/install/vla_description/share/vla_description/environment/path.sh
[0.366s] -- Up-to-date symlink: /home/paneendra/vla_manipulation_ros2/install/vla_description/share/vla_description/environment/path.dsv
[0.366s] -- Up-to-date symlink: /home/paneendra/vla_manipulation_ros2/install/vla_description/share/vla_description/local_setup.bash
[0.366s] -- Up-to-date symlink: /home/paneendra/vla_manipulation_ros2/install/vla_description/share/vla_description/local_setup.sh
[0.366s] -- Up-to-date symlink: /home/paneendra/vla_manipulation_ros2/install/vla_description/share/vla_description/local_setup.zsh
[0.366s] -- Up-to-date symlink: /home/paneendra/vla_manipulation_ros2/install/vla_description/share/vla_description/local_setup.dsv
[0.366s] -- Symlinking: /home/paneendra/vla_manipulation_ros2/install/vla_description/share/vla_description/package.dsv
[0.372s] -- Up-to-date symlink: /home/paneendra/vla_manipulation_ros2/install/vla_description/share/ament_index/resource_index/packages/vla_description
[0.372s] -- Up-to-date symlink: /home/paneendra/vla_manipulation_ros2/install/vla_description/share/vla_description/cmake/vla_descriptionConfig.cmake
[0.372s] -- Up-to-date symlink: /home/paneendra/vla_manipulation_ros2/install/vla_description/share/vla_description/cmake/vla_descriptionConfig-version.cmake
[0.372s] -- Up-to-date symlink: /home/paneendra/vla_manipulation_ros2/install/vla_description/share/vla_description/package.xml
[0.375s] Invoked command in '/home/paneendra/vla_manipulation_ros2/build/vla_description' returned '0': CMAKE_PREFIX_PATH=${CMAKE_PREFIX_PATH}:/opt/ros/jazzy DEBUGINFOD_URLS=https://debuginfod.ubuntu.com /usr/bin/cmake --install /home/paneendra/vla_manipulation_ros2/build/vla_description
