running develop
running egg_info
creating vla_perception.egg-info
writing vla_perception.egg-info/PKG-INFO
writing dependency_links to vla_perception.egg-info/dependency_links.txt
writing entry points to vla_perception.egg-info/entry_points.txt
writing requirements to vla_perception.egg-info/requires.txt
writing top-level names to vla_perception.egg-info/top_level.txt
writing manifest file 'vla_perception.egg-info/SOURCES.txt'
reading manifest file 'vla_perception.egg-info/SOURCES.txt'
writing manifest file 'vla_perception.egg-info/SOURCES.txt'
running build_ext
Creating /home/paneendra/vla_manipulation_ros2/install/vla_perception/lib/python3.12/site-packages/vla-perception.egg-link (link to .)
Installing vlm_node script to /home/paneendra/vla_manipulation_ros2/install/vla_perception/lib/vla_perception

Installed /home/paneendra/vla_manipulation_ros2/build/vla_perception
running symlink_data
creating /home/paneendra/vla_manipulation_ros2/install/vla_perception/share/ament_index
creating /home/paneendra/vla_manipulation_ros2/install/vla_perception/share/ament_index/resource_index
creating /home/paneendra/vla_manipulation_ros2/install/vla_perception/share/ament_index/resource_index/packages
symbolically linking /home/paneendra/vla_manipulation_ros2/build/vla_perception/resource/vla_perception -> /home/paneendra/vla_manipulation_ros2/install/vla_perception/share/ament_index/resource_index/packages
symbolically linking /home/paneendra/vla_manipulation_ros2/build/vla_perception/package.xml -> /home/paneendra/vla_manipulation_ros2/install/vla_perception/share/vla_perception
