[0.904s] Invoking command in '/home/paneendra/vla_manipulation_ros2/build/vla_perception': DEBUGINFOD_URLS=https://debuginfod.ubuntu.com PYTHONPATH=/home/paneendra/vla_manipulation_ros2/build/vla_perception/prefix_override:/usr/lib/python3/dist-packages/colcon_core/task/python/colcon_distutils_commands:/home/paneendra/vla_manipulation_ros2/install/vla_perception/lib/python3.12/site-packages:${PYTHONPATH} /usr/bin/python3 -W ignore:setup.py install is deprecated -W ignore:easy_install command is deprecated setup.py develop --editable --build-directory /home/paneendra/vla_manipulation_ros2/build/vla_perception/build --no-deps symlink_data
[1.084s] running develop
[1.191s] running egg_info
[1.191s] creating vla_perception.egg-info
[1.202s] writing vla_perception.egg-info/PKG-INFO
[1.202s] writing dependency_links to vla_perception.egg-info/dependency_links.txt
[1.202s] writing entry points to vla_perception.egg-info/entry_points.txt
[1.202s] writing requirements to vla_perception.egg-info/requires.txt
[1.202s] writing top-level names to vla_perception.egg-info/top_level.txt
[1.202s] writing manifest file 'vla_perception.egg-info/SOURCES.txt'
[1.223s] reading manifest file 'vla_perception.egg-info/SOURCES.txt'
[1.223s] writing manifest file 'vla_perception.egg-info/SOURCES.txt'
[1.235s] running build_ext
[1.235s] Creating /home/paneendra/vla_manipulation_ros2/install/vla_perception/lib/python3.12/site-packages/vla-perception.egg-link (link to .)
[1.235s] Installing vlm_node script to /home/paneendra/vla_manipulation_ros2/install/vla_perception/lib/vla_perception
[1.236s] 
[1.236s] Installed /home/paneendra/vla_manipulation_ros2/build/vla_perception
[1.236s] running symlink_data
[1.236s] creating /home/paneendra/vla_manipulation_ros2/install/vla_perception/share/ament_index
[1.236s] creating /home/paneendra/vla_manipulation_ros2/install/vla_perception/share/ament_index/resource_index
[1.236s] creating /home/paneendra/vla_manipulation_ros2/install/vla_perception/share/ament_index/resource_index/packages
[1.236s] symbolically linking /home/paneendra/vla_manipulation_ros2/build/vla_perception/resource/vla_perception -> /home/paneendra/vla_manipulation_ros2/install/vla_perception/share/ament_index/resource_index/packages
[1.236s] symbolically linking /home/paneendra/vla_manipulation_ros2/build/vla_perception/package.xml -> /home/paneendra/vla_manipulation_ros2/install/vla_perception/share/vla_perception
[1.253s] Invoked command in '/home/paneendra/vla_manipulation_ros2/build/vla_perception' returned '0': DEBUGINFOD_URLS=https://debuginfod.ubuntu.com PYTHONPATH=/home/paneendra/vla_manipulation_ros2/build/vla_perception/prefix_override:/usr/lib/python3/dist-packages/colcon_core/task/python/colcon_distutils_commands:/home/paneendra/vla_manipulation_ros2/install/vla_perception/lib/python3.12/site-packages:${PYTHONPATH} /usr/bin/python3 -W ignore:setup.py install is deprecated -W ignore:easy_install command is deprecated setup.py develop --editable --build-directory /home/paneendra/vla_manipulation_ros2/build/vla_perception/build --no-deps symlink_data
